#-----------------------------------------------------------
# updatemem v2016.3 (64-bit)
# SW Build 1682563 on Mon Oct 10 19:07:27 MDT 2016
# 
# Start of session at: Tue May 16 15:12:26 2017
# Process ID: 12148
# Current directory: c:/College/Thesis/VivadoProjects/PMOD_WIFI
# Command line: updatemem.exe -mode batch -source C:/Xilinx/SDK/2016.3/scripts/updatemem/main.tcl -notrace -tclargs -meminfo C:/College/Thesis/VivadoProjects/WiFi/WiFi/WiFi.sdk/WiFi_wrapper_hw_platform_0/WiFi_wrapper.mmi -data C:/Xilinx/SDK/2016.3/data/embeddedsw/lib/microblaze/mb_bootloop_le.elf -proc WiFi_i/microblaze_0 -bit C:/College/Thesis/VivadoProjects/WiFi/WiFi/WiFi.sdk/WiFi_wrapper_hw_platform_0/WiFi_wrapper.bit -out C:/College/Thesis/VivadoProjects/WiFi/WiFi/WiFi.sdk/WiFi_wrapper_hw_platform_0/download.bit -force
# Log file: c:/College/Thesis/VivadoProjects/PMOD_WIFI/updatemem.log
# Journal file: c:/College/Thesis/VivadoProjects/PMOD_WIFI\updatemem.jou
#-----------------------------------------------------------
source C:/Xilinx/SDK/2016.3/scripts/updatemem/main.tcl -notrace
