#-----------------------------------------------------------
# Vivado v2017.2 (64-bit)
# SW Build 1909853 on Thu Jun 15 18:39:09 MDT 2017
# IP Build 1909766 on Thu Jun 15 19:58:00 MDT 2017
# Start of session at: Wed Nov 29 14:24:06 2017
# Process ID: 3856
# Current directory: C:/College/Thesis/VivadoProjects/PMOD_WIFI
# Command line: vivado.exe -gui_launcher_event rodinguilauncherevent17488 C:\College\Thesis\VivadoProjects\PMOD_WIFI\PMOD_WIFI.xpr
# Log file: C:/College/Thesis/VivadoProjects/PMOD_WIFI/vivado.log
# Journal file: C:/College/Thesis/VivadoProjects/PMOD_WIFI\vivado.jou
#-----------------------------------------------------------
start_gui
open_project C:/College/Thesis/VivadoProjects/PMOD_WIFI/PMOD_WIFI.xpr
update_compile_order -fileset sources_1
open_bd_design {C:/College/Thesis/VivadoProjects/PMOD_WIFI/PMOD_WIFI.srcs/sources_1/bd/design_1/design_1.bd}
launch_sdk -workspace C:/College/Thesis/VivadoProjects/PMOD_WIFI/PMOD_WIFI.sdk -hwspec C:/College/Thesis/VivadoProjects/PMOD_WIFI/PMOD_WIFI.sdk/design_1_wrapper.hdf
