10:57:24 **** Build of project echo_server_bsp ****
make -k all 
"Running Make include in microblaze_0/libsrc/bram_v4_1/src"
make -C microblaze_0/libsrc/bram_v4_1/src -s include  "SHELL=CMD" "COMPILER=mb-gcc" "ARCHIVER=mb-ar" "COMPILER_FLAGS= -O2 -c -mcpu=v10.0 -mlittle-endian -mxl-soft-mul" "EXTRA_COMPILER_FLAGS=-g"
"Running Make include in microblaze_0/libsrc/cpu_v2_5/src"
make -C microblaze_0/libsrc/cpu_v2_5/src -s include  "SHELL=CMD" "COMPILER=mb-gcc" "ARCHIVER=mb-ar" "COMPILER_FLAGS= -O2 -c -mcpu=v10.0 -mlittle-endian -mxl-soft-mul" "EXTRA_COMPILER_FLAGS=-g"
"Running Make include in microblaze_0/libsrc/emaclite_v4_3/src"
make -C microblaze_0/libsrc/emaclite_v4_3/src -s include  "SHELL=CMD" "COMPILER=mb-gcc" "ARCHIVER=mb-ar" "COMPILER_FLAGS= -O2 -c -mcpu=v10.0 -mlittle-endian -mxl-soft-mul" "EXTRA_COMPILER_FLAGS=-g"
"Running Make include in microblaze_0/libsrc/intc_v3_5/src"
make -C microblaze_0/libsrc/intc_v3_5/src -s include  "SHELL=CMD" "COMPILER=mb-gcc" "ARCHIVER=mb-ar" "COMPILER_FLAGS= -O2 -c -mcpu=v10.0 -mlittle-endian -mxl-soft-mul" "EXTRA_COMPILER_FLAGS=-g"
"Running Make include in microblaze_0/libsrc/lwip141_v1_6/src"
make -C microblaze_0/libsrc/lwip141_v1_6/src -s include  "SHELL=CMD" "COMPILER=mb-gcc" "ARCHIVER=mb-ar" "COMPILER_FLAGS= -O2 -c -mcpu=v10.0 -mlittle-endian -mxl-soft-mul" "EXTRA_COMPILER_FLAGS=-g"
"Running Make include in microblaze_0/libsrc/spi_v4_2/src"
make -C microblaze_0/libsrc/spi_v4_2/src -s include  "SHELL=CMD" "COMPILER=mb-gcc" "ARCHIVER=mb-ar" "COMPILER_FLAGS= -O2 -c -mcpu=v10.0 -mlittle-endian -mxl-soft-mul" "EXTRA_COMPILER_FLAGS=-g"
"Running Make include in microblaze_0/libsrc/standalone_v6_0/src"
make -C microblaze_0/libsrc/standalone_v6_0/src -s include  "SHELL=CMD" "COMPILER=mb-gcc" "ARCHIVER=mb-ar" "COMPILER_FLAGS= -O2 -c -mcpu=v10.0 -mlittle-endian -mxl-soft-mul" "EXTRA_COMPILER_FLAGS=-g"
"Running Make include in microblaze_0/libsrc/tmrctr_v4_1/src"
make -C microblaze_0/libsrc/tmrctr_v4_1/src -s include  "SHELL=CMD" "COMPILER=mb-gcc" "ARCHIVER=mb-ar" "COMPILER_FLAGS= -O2 -c -mcpu=v10.0 -mlittle-endian -mxl-soft-mul" "EXTRA_COMPILER_FLAGS=-g"
"Running Make include in microblaze_0/libsrc/uartlite_v3_2/src"
make -C microblaze_0/libsrc/uartlite_v3_2/src -s include  "SHELL=CMD" "COMPILER=mb-gcc" "ARCHIVER=mb-ar" "COMPILER_FLAGS= -O2 -c -mcpu=v10.0 -mlittle-endian -mxl-soft-mul" "EXTRA_COMPILER_FLAGS=-g"
"Running Make libs in microblaze_0/libsrc/bram_v4_1/src"
make -C microblaze_0/libsrc/bram_v4_1/src -s libs  "SHELL=CMD" "COMPILER=mb-gcc" "ARCHIVER=mb-ar" "COMPILER_FLAGS= -O2 -c -mcpu=v10.0 -mlittle-endian -mxl-soft-mul" "EXTRA_COMPILER_FLAGS=-g"
"Compiling bram"
mb-ar: creating ../../../lib/libxil.a
"Running Make libs in microblaze_0/libsrc/cpu_v2_5/src"
make -C microblaze_0/libsrc/cpu_v2_5/src -s libs  "SHELL=CMD" "COMPILER=mb-gcc" "ARCHIVER=mb-ar" "COMPILER_FLAGS= -O2 -c -mcpu=v10.0 -mlittle-endian -mxl-soft-mul" "EXTRA_COMPILER_FLAGS=-g"
"Compiling cpu"
"Running Make libs in microblaze_0/libsrc/emaclite_v4_3/src"
make -C microblaze_0/libsrc/emaclite_v4_3/src -s libs  "SHELL=CMD" "COMPILER=mb-gcc" "ARCHIVER=mb-ar" "COMPILER_FLAGS= -O2 -c -mcpu=v10.0 -mlittle-endian -mxl-soft-mul" "EXTRA_COMPILER_FLAGS=-g"
"Compiling emaclite"
"Running Make libs in microblaze_0/libsrc/intc_v3_5/src"
make -C microblaze_0/libsrc/intc_v3_5/src -s libs  "SHELL=CMD" "COMPILER=mb-gcc" "ARCHIVER=mb-ar" "COMPILER_FLAGS= -O2 -c -mcpu=v10.0 -mlittle-endian -mxl-soft-mul" "EXTRA_COMPILER_FLAGS=-g"
"Compiling intc"
"Running Make libs in microblaze_0/libsrc/lwip141_v1_6/src"
make -C microblaze_0/libsrc/lwip141_v1_6/src -s libs  "SHELL=CMD" "COMPILER=mb-gcc" "ARCHIVER=mb-ar" "COMPILER_FLAGS= -O2 -c -mcpu=v10.0 -mlittle-endian -mxl-soft-mul" "EXTRA_COMPILER_FLAGS=-g"
"Compiling lwip src and adapter files"
"Running Make libs in microblaze_0/libsrc/spi_v4_2/src"
make -C microblaze_0/libsrc/spi_v4_2/src -s libs  "SHELL=CMD" "COMPILER=mb-gcc" "ARCHIVER=mb-ar" "COMPILER_FLAGS= -O2 -c -mcpu=v10.0 -mlittle-endian -mxl-soft-mul" "EXTRA_COMPILER_FLAGS=-g"
"Compiling spi"
"Running Make libs in microblaze_0/libsrc/standalone_v6_0/src"
make -C microblaze_0/libsrc/standalone_v6_0/src -s libs  "SHELL=CMD" "COMPILER=mb-gcc" "ARCHIVER=mb-ar" "COMPILER_FLAGS= -O2 -c -mcpu=v10.0 -mlittle-endian -mxl-soft-mul" "EXTRA_COMPILER_FLAGS=-g"
"Compiling standalone";
"Running Make libs in microblaze_0/libsrc/tmrctr_v4_1/src"
make -C microblaze_0/libsrc/tmrctr_v4_1/src -s libs  "SHELL=CMD" "COMPILER=mb-gcc" "ARCHIVER=mb-ar" "COMPILER_FLAGS= -O2 -c -mcpu=v10.0 -mlittle-endian -mxl-soft-mul" "EXTRA_COMPILER_FLAGS=-g"
"Compiling tmrctr"
"Running Make libs in microblaze_0/libsrc/uartlite_v3_2/src"
make -C microblaze_0/libsrc/uartlite_v3_2/src -s libs  "SHELL=CMD" "COMPILER=mb-gcc" "ARCHIVER=mb-ar" "COMPILER_FLAGS= -O2 -c -mcpu=v10.0 -mlittle-endian -mxl-soft-mul" "EXTRA_COMPILER_FLAGS=-g"
"Compiling uartlite"
'Finished building libraries'
10:57:45 **** Build of configuration Debug for project echo_server ****
make all 
'Building file: ../src/echo.c'
'Invoking: MicroBlaze gcc compiler'
mb-gcc -Wall -O0 -g3 -c -fmessage-length=0 -MT"src/echo.o" -I../../echo_server_bsp/microblaze_0/include -mlittle-endian -mcpu=v10.0 -mxl-soft-mul -Wl,--no-relax -MMD -MP -MF"src/echo.d" -MT"src/echo.o" -o "src/echo.o" "../src/echo.c"
'Finished building: ../src/echo.c'
' '
'Building file: ../src/i2c_access.c'
'Invoking: MicroBlaze gcc compiler'
mb-gcc -Wall -O0 -g3 -c -fmessage-length=0 -MT"src/i2c_access.o" -I../../echo_server_bsp/microblaze_0/include -mlittle-endian -mcpu=v10.0 -mxl-soft-mul -Wl,--no-relax -MMD -MP -MF"src/i2c_access.d" -MT"src/i2c_access.o" -o "src/i2c_access.o" "../src/i2c_access.c"
'Finished building: ../src/i2c_access.c'
' '
'Building file: ../src/iic_phyreset.c'
'Invoking: MicroBlaze gcc compiler'
mb-gcc -Wall -O0 -g3 -c -fmessage-length=0 -MT"src/iic_phyreset.o" -I../../echo_server_bsp/microblaze_0/include -mlittle-endian -mcpu=v10.0 -mxl-soft-mul -Wl,--no-relax -MMD -MP -MF"src/iic_phyreset.d" -MT"src/iic_phyreset.o" -o "src/iic_phyreset.o" "../src/iic_phyreset.c"
'Finished building: ../src/iic_phyreset.c'
' '
'Building file: ../src/main.c'
'Invoking: MicroBlaze gcc compiler'
mb-gcc -Wall -O0 -g3 -c -fmessage-length=0 -MT"src/main.o" -I../../echo_server_bsp/microblaze_0/include -mlittle-endian -mcpu=v10.0 -mxl-soft-mul -Wl,--no-relax -MMD -MP -MF"src/main.d" -MT"src/main.o" -o "src/main.o" "../src/main.c"
'Finished building: ../src/main.c'
' '
'Building file: ../src/platform.c'
'Invoking: MicroBlaze gcc compiler'
mb-gcc -Wall -O0 -g3 -c -fmessage-length=0 -MT"src/platform.o" -I../../echo_server_bsp/microblaze_0/include -mlittle-endian -mcpu=v10.0 -mxl-soft-mul -Wl,--no-relax -MMD -MP -MF"src/platform.d" -MT"src/platform.o" -o "src/platform.o" "../src/platform.c"
'Finished building: ../src/platform.c'
' '
'Building file: ../src/platform_mb.c'
'Invoking: MicroBlaze gcc compiler'
mb-gcc -Wall -O0 -g3 -c -fmessage-length=0 -MT"src/platform_mb.o" -I../../echo_server_bsp/microblaze_0/include -mlittle-endian -mcpu=v10.0 -mxl-soft-mul -Wl,--no-relax -MMD -MP -MF"src/platform_mb.d" -MT"src/platform_mb.o" -o "src/platform_mb.o" "../src/platform_mb.c"
'Finished building: ../src/platform_mb.c'
' '
'Building file: ../src/platform_ppc.c'
'Invoking: MicroBlaze gcc compiler'
mb-gcc -Wall -O0 -g3 -c -fmessage-length=0 -MT"src/platform_ppc.o" -I../../echo_server_bsp/microblaze_0/include -mlittle-endian -mcpu=v10.0 -mxl-soft-mul -Wl,--no-relax -MMD -MP -MF"src/platform_ppc.d" -MT"src/platform_ppc.o" -o "src/platform_ppc.o" "../src/platform_ppc.c"
'Finished building: ../src/platform_ppc.c'
' '
'Building file: ../src/platform_zynq.c'
'Invoking: MicroBlaze gcc compiler'
mb-gcc -Wall -O0 -g3 -c -fmessage-length=0 -MT"src/platform_zynq.o" -I../../echo_server_bsp/microblaze_0/include -mlittle-endian -mcpu=v10.0 -mxl-soft-mul -Wl,--no-relax -MMD -MP -MF"src/platform_zynq.d" -MT"src/platform_zynq.o" -o "src/platform_zynq.o" "../src/platform_zynq.c"
'Finished building: ../src/platform_zynq.c'
' '
'Building file: ../src/platform_zynqmp.c'
'Invoking: MicroBlaze gcc compiler'
mb-gcc -Wall -O0 -g3 -c -fmessage-length=0 -MT"src/platform_zynqmp.o" -I../../echo_server_bsp/microblaze_0/include -mlittle-endian -mcpu=v10.0 -mxl-soft-mul -Wl,--no-relax -MMD -MP -MF"src/platform_zynqmp.d" -MT"src/platform_zynqmp.o" -o "src/platform_zynqmp.o" "../src/platform_zynqmp.c"
'Finished building: ../src/platform_zynqmp.c'
' '
'Building file: ../src/sfp.c'
'Invoking: MicroBlaze gcc compiler'
mb-gcc -Wall -O0 -g3 -c -fmessage-length=0 -MT"src/sfp.o" -I../../echo_server_bsp/microblaze_0/include -mlittle-endian -mcpu=v10.0 -mxl-soft-mul -Wl,--no-relax -MMD -MP -MF"src/sfp.d" -MT"src/sfp.o" -o "src/sfp.o" "../src/sfp.c"
'Finished building: ../src/sfp.c'
' '
'Building file: ../src/si5324.c'
'Invoking: MicroBlaze gcc compiler'
mb-gcc -Wall -O0 -g3 -c -fmessage-length=0 -MT"src/si5324.o" -I../../echo_server_bsp/microblaze_0/include -mlittle-endian -mcpu=v10.0 -mxl-soft-mul -Wl,--no-relax -MMD -MP -MF"src/si5324.d" -MT"src/si5324.o" -o "src/si5324.o" "../src/si5324.c"
'Finished building: ../src/si5324.c'
' '
'Building target: echo_server.elf'
'Invoking: MicroBlaze gcc linker'
mb-gcc -Wl,-T -Wl,../src/lscript.ld -L../../echo_server_bsp/microblaze_0/lib -mlittle-endian -mcpu=v10.0 -mxl-soft-mul -Wl,--no-relax -o "echo_server.elf"  ./src/echo.o ./src/i2c_access.o ./src/iic_phyreset.o ./src/main.o ./src/platform.o ./src/platform_mb.o ./src/platform_ppc.o ./src/platform_zynq.o ./src/platform_zynqmp.o ./src/sfp.o ./src/si5324.o   -Wl,--start-group,-lxil,-lgcc,-lc,--end-group -Wl,--start-group,-lxil,-llwip4,-lgcc,-lc,--end-group
'Finished building target: echo_server.elf'
' '
'Invoking: MicroBlaze Print Size'
mb-size echo_server.elf  |tee "echo_server.elf.size"
   text	   data	    bss	    dec	    hex	filename
 119234	   1456	 750678	 871368	  d4bc8	echo_server.elf
'Finished building: echo_server.elf.size'
' '
10:57:49 **** Auto Build of configuration Debug for project echo_server ****
make all 
make: Nothing to be done for `all'.
10:58:54 **** Auto Build of project echo_server_bsp ****
make -k all 
"Running Make include in microblaze_0/libsrc/bram_v4_1/src"
make -C microblaze_0/libsrc/bram_v4_1/src -s include  "SHELL=CMD" "COMPILER=mb-gcc" "ARCHIVER=mb-ar" "COMPILER_FLAGS= -O2 -c -mcpu=v10.0 -mlittle-endian -mxl-soft-mul" "EXTRA_COMPILER_FLAGS=-g"
"Running Make include in microblaze_0/libsrc/cpu_v2_5/src"
make -C microblaze_0/libsrc/cpu_v2_5/src -s include  "SHELL=CMD" "COMPILER=mb-gcc" "ARCHIVER=mb-ar" "COMPILER_FLAGS= -O2 -c -mcpu=v10.0 -mlittle-endian -mxl-soft-mul" "EXTRA_COMPILER_FLAGS=-g"
"Running Make include in microblaze_0/libsrc/emaclite_v4_3/src"
make -C microblaze_0/libsrc/emaclite_v4_3/src -s include  "SHELL=CMD" "COMPILER=mb-gcc" "ARCHIVER=mb-ar" "COMPILER_FLAGS= -O2 -c -mcpu=v10.0 -mlittle-endian -mxl-soft-mul" "EXTRA_COMPILER_FLAGS=-g"
"Running Make include in microblaze_0/libsrc/intc_v3_5/src"
make -C microblaze_0/libsrc/intc_v3_5/src -s include  "SHELL=CMD" "COMPILER=mb-gcc" "ARCHIVER=mb-ar" "COMPILER_FLAGS= -O2 -c -mcpu=v10.0 -mlittle-endian -mxl-soft-mul" "EXTRA_COMPILER_FLAGS=-g"
"Running Make include in microblaze_0/libsrc/lwip141_v1_6/src"
make -C microblaze_0/libsrc/lwip141_v1_6/src -s include  "SHELL=CMD" "COMPILER=mb-gcc" "ARCHIVER=mb-ar" "COMPILER_FLAGS= -O2 -c -mcpu=v10.0 -mlittle-endian -mxl-soft-mul" "EXTRA_COMPILER_FLAGS=-g"
"Running Make include in microblaze_0/libsrc/spi_v4_2/src"
make -C microblaze_0/libsrc/spi_v4_2/src -s include  "SHELL=CMD" "COMPILER=mb-gcc" "ARCHIVER=mb-ar" "COMPILER_FLAGS= -O2 -c -mcpu=v10.0 -mlittle-endian -mxl-soft-mul" "EXTRA_COMPILER_FLAGS=-g"
"Running Make include in microblaze_0/libsrc/standalone_v6_0/src"
make -C microblaze_0/libsrc/standalone_v6_0/src -s include  "SHELL=CMD" "COMPILER=mb-gcc" "ARCHIVER=mb-ar" "COMPILER_FLAGS= -O2 -c -mcpu=v10.0 -mlittle-endian -mxl-soft-mul" "EXTRA_COMPILER_FLAGS=-g"
"Running Make include in microblaze_0/libsrc/tmrctr_v4_1/src"
make -C microblaze_0/libsrc/tmrctr_v4_1/src -s include  "SHELL=CMD" "COMPILER=mb-gcc" "ARCHIVER=mb-ar" "COMPILER_FLAGS= -O2 -c -mcpu=v10.0 -mlittle-endian -mxl-soft-mul" "EXTRA_COMPILER_FLAGS=-g"
"Running Make include in microblaze_0/libsrc/uartlite_v3_2/src"
make -C microblaze_0/libsrc/uartlite_v3_2/src -s include  "SHELL=CMD" "COMPILER=mb-gcc" "ARCHIVER=mb-ar" "COMPILER_FLAGS= -O2 -c -mcpu=v10.0 -mlittle-endian -mxl-soft-mul" "EXTRA_COMPILER_FLAGS=-g"
"Running Make libs in microblaze_0/libsrc/bram_v4_1/src"
make -C microblaze_0/libsrc/bram_v4_1/src -s libs  "SHELL=CMD" "COMPILER=mb-gcc" "ARCHIVER=mb-ar" "COMPILER_FLAGS= -O2 -c -mcpu=v10.0 -mlittle-endian -mxl-soft-mul" "EXTRA_COMPILER_FLAGS=-g"
"Compiling bram"
mb-ar: creating ../../../lib/libxil.a
"Running Make libs in microblaze_0/libsrc/cpu_v2_5/src"
make -C microblaze_0/libsrc/cpu_v2_5/src -s libs  "SHELL=CMD" "COMPILER=mb-gcc" "ARCHIVER=mb-ar" "COMPILER_FLAGS= -O2 -c -mcpu=v10.0 -mlittle-endian -mxl-soft-mul" "EXTRA_COMPILER_FLAGS=-g"
"Compiling cpu"
"Running Make libs in microblaze_0/libsrc/emaclite_v4_3/src"
make -C microblaze_0/libsrc/emaclite_v4_3/src -s libs  "SHELL=CMD" "COMPILER=mb-gcc" "ARCHIVER=mb-ar" "COMPILER_FLAGS= -O2 -c -mcpu=v10.0 -mlittle-endian -mxl-soft-mul" "EXTRA_COMPILER_FLAGS=-g"
"Compiling emaclite"
"Running Make libs in microblaze_0/libsrc/intc_v3_5/src"
make -C microblaze_0/libsrc/intc_v3_5/src -s libs  "SHELL=CMD" "COMPILER=mb-gcc" "ARCHIVER=mb-ar" "COMPILER_FLAGS= -O2 -c -mcpu=v10.0 -mlittle-endian -mxl-soft-mul" "EXTRA_COMPILER_FLAGS=-g"
"Compiling intc"
"Running Make libs in microblaze_0/libsrc/lwip141_v1_6/src"
make -C microblaze_0/libsrc/lwip141_v1_6/src -s libs  "SHELL=CMD" "COMPILER=mb-gcc" "ARCHIVER=mb-ar" "COMPILER_FLAGS= -O2 -c -mcpu=v10.0 -mlittle-endian -mxl-soft-mul" "EXTRA_COMPILER_FLAGS=-g"
"Compiling lwip src and adapter files"
"Running Make libs in microblaze_0/libsrc/spi_v4_2/src"
make -C microblaze_0/libsrc/spi_v4_2/src -s libs  "SHELL=CMD" "COMPILER=mb-gcc" "ARCHIVER=mb-ar" "COMPILER_FLAGS= -O2 -c -mcpu=v10.0 -mlittle-endian -mxl-soft-mul" "EXTRA_COMPILER_FLAGS=-g"
"Compiling spi"
"Running Make libs in microblaze_0/libsrc/standalone_v6_0/src"
make -C microblaze_0/libsrc/standalone_v6_0/src -s libs  "SHELL=CMD" "COMPILER=mb-gcc" "ARCHIVER=mb-ar" "COMPILER_FLAGS= -O2 -c -mcpu=v10.0 -mlittle-endian -mxl-soft-mul" "EXTRA_COMPILER_FLAGS=-g"
"Compiling standalone";
"Running Make libs in microblaze_0/libsrc/tmrctr_v4_1/src"
make -C microblaze_0/libsrc/tmrctr_v4_1/src -s libs  "SHELL=CMD" "COMPILER=mb-gcc" "ARCHIVER=mb-ar" "COMPILER_FLAGS= -O2 -c -mcpu=v10.0 -mlittle-endian -mxl-soft-mul" "EXTRA_COMPILER_FLAGS=-g"
"Compiling tmrctr"
"Running Make libs in microblaze_0/libsrc/uartlite_v3_2/src"
make -C microblaze_0/libsrc/uartlite_v3_2/src -s libs  "SHELL=CMD" "COMPILER=mb-gcc" "ARCHIVER=mb-ar" "COMPILER_FLAGS= -O2 -c -mcpu=v10.0 -mlittle-endian -mxl-soft-mul" "EXTRA_COMPILER_FLAGS=-g"
"Compiling uartlite"
'Finished building libraries'
10:59:10 **** Auto Build of configuration Debug for project echo_server ****
make all 
'Building file: ../src/echo.c'
'Invoking: MicroBlaze gcc compiler'
mb-gcc -Wall -O0 -g3 -c -fmessage-length=0 -MT"src/echo.o" -I../../echo_server_bsp/microblaze_0/include -mlittle-endian -mcpu=v10.0 -mxl-soft-mul -Wl,--no-relax -MMD -MP -MF"src/echo.d" -MT"src/echo.o" -o "src/echo.o" "../src/echo.c"
'Finished building: ../src/echo.c'
' '
'Building file: ../src/i2c_access.c'
'Invoking: MicroBlaze gcc compiler'
mb-gcc -Wall -O0 -g3 -c -fmessage-length=0 -MT"src/i2c_access.o" -I../../echo_server_bsp/microblaze_0/include -mlittle-endian -mcpu=v10.0 -mxl-soft-mul -Wl,--no-relax -MMD -MP -MF"src/i2c_access.d" -MT"src/i2c_access.o" -o "src/i2c_access.o" "../src/i2c_access.c"
'Finished building: ../src/i2c_access.c'
' '
'Building file: ../src/iic_phyreset.c'
'Invoking: MicroBlaze gcc compiler'
mb-gcc -Wall -O0 -g3 -c -fmessage-length=0 -MT"src/iic_phyreset.o" -I../../echo_server_bsp/microblaze_0/include -mlittle-endian -mcpu=v10.0 -mxl-soft-mul -Wl,--no-relax -MMD -MP -MF"src/iic_phyreset.d" -MT"src/iic_phyreset.o" -o "src/iic_phyreset.o" "../src/iic_phyreset.c"
'Finished building: ../src/iic_phyreset.c'
' '
'Building file: ../src/main.c'
'Invoking: MicroBlaze gcc compiler'
mb-gcc -Wall -O0 -g3 -c -fmessage-length=0 -MT"src/main.o" -I../../echo_server_bsp/microblaze_0/include -mlittle-endian -mcpu=v10.0 -mxl-soft-mul -Wl,--no-relax -MMD -MP -MF"src/main.d" -MT"src/main.o" -o "src/main.o" "../src/main.c"
'Finished building: ../src/main.c'
' '
'Building file: ../src/platform.c'
'Invoking: MicroBlaze gcc compiler'
mb-gcc -Wall -O0 -g3 -c -fmessage-length=0 -MT"src/platform.o" -I../../echo_server_bsp/microblaze_0/include -mlittle-endian -mcpu=v10.0 -mxl-soft-mul -Wl,--no-relax -MMD -MP -MF"src/platform.d" -MT"src/platform.o" -o "src/platform.o" "../src/platform.c"
'Finished building: ../src/platform.c'
' '
'Building file: ../src/platform_mb.c'
'Invoking: MicroBlaze gcc compiler'
mb-gcc -Wall -O0 -g3 -c -fmessage-length=0 -MT"src/platform_mb.o" -I../../echo_server_bsp/microblaze_0/include -mlittle-endian -mcpu=v10.0 -mxl-soft-mul -Wl,--no-relax -MMD -MP -MF"src/platform_mb.d" -MT"src/platform_mb.o" -o "src/platform_mb.o" "../src/platform_mb.c"
'Finished building: ../src/platform_mb.c'
' '
'Building file: ../src/sfp.c'
'Invoking: MicroBlaze gcc compiler'
mb-gcc -Wall -O0 -g3 -c -fmessage-length=0 -MT"src/sfp.o" -I../../echo_server_bsp/microblaze_0/include -mlittle-endian -mcpu=v10.0 -mxl-soft-mul -Wl,--no-relax -MMD -MP -MF"src/sfp.d" -MT"src/sfp.o" -o "src/sfp.o" "../src/sfp.c"
'Finished building: ../src/sfp.c'
' '
'Building file: ../src/si5324.c'
'Invoking: MicroBlaze gcc compiler'
mb-gcc -Wall -O0 -g3 -c -fmessage-length=0 -MT"src/si5324.o" -I../../echo_server_bsp/microblaze_0/include -mlittle-endian -mcpu=v10.0 -mxl-soft-mul -Wl,--no-relax -MMD -MP -MF"src/si5324.d" -MT"src/si5324.o" -o "src/si5324.o" "../src/si5324.c"
'Finished building: ../src/si5324.c'
' '
'Building target: echo_server.elf'
'Invoking: MicroBlaze gcc linker'
mb-gcc -Wl,-T -Wl,../src/lscript.ld -L../../echo_server_bsp/microblaze_0/lib -mlittle-endian -mcpu=v10.0 -mxl-soft-mul -Wl,--no-relax -o "echo_server.elf"  ./src/echo.o ./src/i2c_access.o ./src/iic_phyreset.o ./src/main.o ./src/platform.o ./src/platform_mb.o ./src/platform_ppc.o ./src/platform_zynq.o ./src/platform_zynqmp.o ./src/sfp.o ./src/si5324.o   -Wl,--start-group,-lxil,-lgcc,-lc,--end-group -Wl,--start-group,-lxil,-llwip4,-lgcc,-lc,--end-group
'Finished building target: echo_server.elf'
' '
'Invoking: MicroBlaze Print Size'
mb-size echo_server.elf  |tee "echo_server.elf.size"
   text	   data	    bss	    dec	    hex	filename
 119222	   1456	 750672	 871350	  d4bb6	echo_server.elf
'Finished building: echo_server.elf.size'
' '
11:19:01 **** Incremental Build of configuration Debug for project echo_server ****
make all 
make: Nothing to be done for `all'.
11:23:56 **** Build of project SPI_loopback_test_bsp ****
make -k all 
"Running Make include in microblaze_0/libsrc/bram_v4_1/src"
make -C microblaze_0/libsrc/bram_v4_1/src -s include  "SHELL=CMD" "COMPILER=mb-gcc" "ARCHIVER=mb-ar" "COMPILER_FLAGS= -O2 -c -mcpu=v10.0 -mlittle-endian -mxl-soft-mul" "EXTRA_COMPILER_FLAGS=-g"
"Running Make include in microblaze_0/libsrc/cpu_v2_5/src"
make -C microblaze_0/libsrc/cpu_v2_5/src -s include  "SHELL=CMD" "COMPILER=mb-gcc" "ARCHIVER=mb-ar" "COMPILER_FLAGS= -O2 -c -mcpu=v10.0 -mlittle-endian -mxl-soft-mul" "EXTRA_COMPILER_FLAGS=-g"
"Running Make include in microblaze_0/libsrc/emaclite_v4_3/src"
make -C microblaze_0/libsrc/emaclite_v4_3/src -s include  "SHELL=CMD" "COMPILER=mb-gcc" "ARCHIVER=mb-ar" "COMPILER_FLAGS= -O2 -c -mcpu=v10.0 -mlittle-endian -mxl-soft-mul" "EXTRA_COMPILER_FLAGS=-g"
"Running Make include in microblaze_0/libsrc/intc_v3_5/src"
make -C microblaze_0/libsrc/intc_v3_5/src -s include  "SHELL=CMD" "COMPILER=mb-gcc" "ARCHIVER=mb-ar" "COMPILER_FLAGS= -O2 -c -mcpu=v10.0 -mlittle-endian -mxl-soft-mul" "EXTRA_COMPILER_FLAGS=-g"
"Running Make include in microblaze_0/libsrc/spi_v4_2/src"
make -C microblaze_0/libsrc/spi_v4_2/src -s include  "SHELL=CMD" "COMPILER=mb-gcc" "ARCHIVER=mb-ar" "COMPILER_FLAGS= -O2 -c -mcpu=v10.0 -mlittle-endian -mxl-soft-mul" "EXTRA_COMPILER_FLAGS=-g"
"Running Make include in microblaze_0/libsrc/standalone_v6_0/src"
make -C microblaze_0/libsrc/standalone_v6_0/src -s include  "SHELL=CMD" "COMPILER=mb-gcc" "ARCHIVER=mb-ar" "COMPILER_FLAGS= -O2 -c -mcpu=v10.0 -mlittle-endian -mxl-soft-mul" "EXTRA_COMPILER_FLAGS=-g"
"Running Make include in microblaze_0/libsrc/tmrctr_v4_1/src"
make -C microblaze_0/libsrc/tmrctr_v4_1/src -s include  "SHELL=CMD" "COMPILER=mb-gcc" "ARCHIVER=mb-ar" "COMPILER_FLAGS= -O2 -c -mcpu=v10.0 -mlittle-endian -mxl-soft-mul" "EXTRA_COMPILER_FLAGS=-g"
"Running Make include in microblaze_0/libsrc/uartlite_v3_2/src"
make -C microblaze_0/libsrc/uartlite_v3_2/src -s include  "SHELL=CMD" "COMPILER=mb-gcc" "ARCHIVER=mb-ar" "COMPILER_FLAGS= -O2 -c -mcpu=v10.0 -mlittle-endian -mxl-soft-mul" "EXTRA_COMPILER_FLAGS=-g"
"Running Make libs in microblaze_0/libsrc/bram_v4_1/src"
make -C microblaze_0/libsrc/bram_v4_1/src -s libs  "SHELL=CMD" "COMPILER=mb-gcc" "ARCHIVER=mb-ar" "COMPILER_FLAGS= -O2 -c -mcpu=v10.0 -mlittle-endian -mxl-soft-mul" "EXTRA_COMPILER_FLAGS=-g"
"Compiling bram"
mb-ar: creating ../../../lib/libxil.a
"Running Make libs in microblaze_0/libsrc/cpu_v2_5/src"
make -C microblaze_0/libsrc/cpu_v2_5/src -s libs  "SHELL=CMD" "COMPILER=mb-gcc" "ARCHIVER=mb-ar" "COMPILER_FLAGS= -O2 -c -mcpu=v10.0 -mlittle-endian -mxl-soft-mul" "EXTRA_COMPILER_FLAGS=-g"
"Compiling cpu"
"Running Make libs in microblaze_0/libsrc/emaclite_v4_3/src"
make -C microblaze_0/libsrc/emaclite_v4_3/src -s libs  "SHELL=CMD" "COMPILER=mb-gcc" "ARCHIVER=mb-ar" "COMPILER_FLAGS= -O2 -c -mcpu=v10.0 -mlittle-endian -mxl-soft-mul" "EXTRA_COMPILER_FLAGS=-g"
"Compiling emaclite"
"Running Make libs in microblaze_0/libsrc/intc_v3_5/src"
make -C microblaze_0/libsrc/intc_v3_5/src -s libs  "SHELL=CMD" "COMPILER=mb-gcc" "ARCHIVER=mb-ar" "COMPILER_FLAGS= -O2 -c -mcpu=v10.0 -mlittle-endian -mxl-soft-mul" "EXTRA_COMPILER_FLAGS=-g"
"Compiling intc"
"Running Make libs in microblaze_0/libsrc/spi_v4_2/src"
make -C microblaze_0/libsrc/spi_v4_2/src -s libs  "SHELL=CMD" "COMPILER=mb-gcc" "ARCHIVER=mb-ar" "COMPILER_FLAGS= -O2 -c -mcpu=v10.0 -mlittle-endian -mxl-soft-mul" "EXTRA_COMPILER_FLAGS=-g"
"Compiling spi"
"Running Make libs in microblaze_0/libsrc/standalone_v6_0/src"
make -C microblaze_0/libsrc/standalone_v6_0/src -s libs  "SHELL=CMD" "COMPILER=mb-gcc" "ARCHIVER=mb-ar" "COMPILER_FLAGS= -O2 -c -mcpu=v10.0 -mlittle-endian -mxl-soft-mul" "EXTRA_COMPILER_FLAGS=-g"
"Compiling standalone";
"Running Make libs in microblaze_0/libsrc/tmrctr_v4_1/src"
make -C microblaze_0/libsrc/tmrctr_v4_1/src -s libs  "SHELL=CMD" "COMPILER=mb-gcc" "ARCHIVER=mb-ar" "COMPILER_FLAGS= -O2 -c -mcpu=v10.0 -mlittle-endian -mxl-soft-mul" "EXTRA_COMPILER_FLAGS=-g"
"Compiling tmrctr"
"Running Make libs in microblaze_0/libsrc/uartlite_v3_2/src"
make -C microblaze_0/libsrc/uartlite_v3_2/src -s libs  "SHELL=CMD" "COMPILER=mb-gcc" "ARCHIVER=mb-ar" "COMPILER_FLAGS= -O2 -c -mcpu=v10.0 -mlittle-endian -mxl-soft-mul" "EXTRA_COMPILER_FLAGS=-g"
"Compiling uartlite"
'Finished building libraries'
11:24:08 **** Build of configuration Debug for project SPI_loopback_test ****
make all 
'Building file: ../src/testperiph.c'
'Invoking: MicroBlaze gcc compiler'
mb-gcc -Wall -O0 -g3 -c -fmessage-length=0 -MT"src/testperiph.o" -I../../SPI_loopback_test_bsp/microblaze_0/include -mlittle-endian -mcpu=v10.0 -mxl-soft-mul -Wl,--no-relax -MMD -MP -MF"src/testperiph.d" -MT"src/testperiph.o" -o "src/testperiph.o" "../src/testperiph.c"
'Finished building: ../src/testperiph.c'
' '
'Building file: ../src/xemaclite_example_util.c'
'Invoking: MicroBlaze gcc compiler'
mb-gcc -Wall -O0 -g3 -c -fmessage-length=0 -MT"src/xemaclite_example_util.o" -I../../SPI_loopback_test_bsp/microblaze_0/include -mlittle-endian -mcpu=v10.0 -mxl-soft-mul -Wl,--no-relax -MMD -MP -MF"src/xemaclite_example_util.d" -MT"src/xemaclite_example_util.o" -o "src/xemaclite_example_util.o" "../src/xemaclite_example_util.c"
'Finished building: ../src/xemaclite_example_util.c'
' '
'Building file: ../src/xemaclite_intr_example.c'
'Invoking: MicroBlaze gcc compiler'
mb-gcc -Wall -O0 -g3 -c -fmessage-length=0 -MT"src/xemaclite_intr_example.o" -I../../SPI_loopback_test_bsp/microblaze_0/include -mlittle-endian -mcpu=v10.0 -mxl-soft-mul -Wl,--no-relax -MMD -MP -MF"src/xemaclite_intr_example.d" -MT"src/xemaclite_intr_example.o" -o "src/xemaclite_intr_example.o" "../src/xemaclite_intr_example.c"
../src/xemaclite_intr_example.c: In function 'EmacLiteSendHandler':
../src/xemaclite_intr_example.c:556:13: warning: variable 'XEmacInstancePtr' set but not used [-Wunused-but-set-variable]
  XEmacLite *XEmacInstancePtr;
             ^
'Finished building: ../src/xemaclite_intr_example.c'
' '
'Building file: ../src/xemaclite_polled_example.c'
'Invoking: MicroBlaze gcc compiler'
mb-gcc -Wall -O0 -g3 -c -fmessage-length=0 -MT"src/xemaclite_polled_example.o" -I../../SPI_loopback_test_bsp/microblaze_0/include -mlittle-endian -mcpu=v10.0 -mxl-soft-mul -Wl,--no-relax -MMD -MP -MF"src/xemaclite_polled_example.d" -MT"src/xemaclite_polled_example.o" -o "src/xemaclite_polled_example.o" "../src/xemaclite_polled_example.c"
'Finished building: ../src/xemaclite_polled_example.c'
' '
'Building file: ../src/xintc_tapp_example.c'
'Invoking: MicroBlaze gcc compiler'
mb-gcc -Wall -O0 -g3 -c -fmessage-length=0 -MT"src/xintc_tapp_example.o" -I../../SPI_loopback_test_bsp/microblaze_0/include -mlittle-endian -mcpu=v10.0 -mxl-soft-mul -Wl,--no-relax -MMD -MP -MF"src/xintc_tapp_example.d" -MT"src/xintc_tapp_example.o" -o "src/xintc_tapp_example.o" "../src/xintc_tapp_example.c"
'Finished building: ../src/xintc_tapp_example.c'
' '
'Building file: ../src/xspi_intr_example.c'
'Invoking: MicroBlaze gcc compiler'
mb-gcc -Wall -O0 -g3 -c -fmessage-length=0 -MT"src/xspi_intr_example.o" -I../../SPI_loopback_test_bsp/microblaze_0/include -mlittle-endian -mcpu=v10.0 -mxl-soft-mul -Wl,--no-relax -MMD -MP -MF"src/xspi_intr_example.d" -MT"src/xspi_intr_example.o" -o "src/xspi_intr_example.o" "../src/xspi_intr_example.c"
'Finished building: ../src/xspi_intr_example.c'
' '
'Building file: ../src/xspi_selftest_example.c'
'Invoking: MicroBlaze gcc compiler'
mb-gcc -Wall -O0 -g3 -c -fmessage-length=0 -MT"src/xspi_selftest_example.o" -I../../SPI_loopback_test_bsp/microblaze_0/include -mlittle-endian -mcpu=v10.0 -mxl-soft-mul -Wl,--no-relax -MMD -MP -MF"src/xspi_selftest_example.d" -MT"src/xspi_selftest_example.o" -o "src/xspi_selftest_example.o" "../src/xspi_selftest_example.c"
'Finished building: ../src/xspi_selftest_example.c'
' '
'Building file: ../src/xtmrctr_intr_example.c'
'Invoking: MicroBlaze gcc compiler'
mb-gcc -Wall -O0 -g3 -c -fmessage-length=0 -MT"src/xtmrctr_intr_example.o" -I../../SPI_loopback_test_bsp/microblaze_0/include -mlittle-endian -mcpu=v10.0 -mxl-soft-mul -Wl,--no-relax -MMD -MP -MF"src/xtmrctr_intr_example.d" -MT"src/xtmrctr_intr_example.o" -o "src/xtmrctr_intr_example.o" "../src/xtmrctr_intr_example.c"
'Finished building: ../src/xtmrctr_intr_example.c'
' '
'Building file: ../src/xtmrctr_selftest_example.c'
'Invoking: MicroBlaze gcc compiler'
mb-gcc -Wall -O0 -g3 -c -fmessage-length=0 -MT"src/xtmrctr_selftest_example.o" -I../../SPI_loopback_test_bsp/microblaze_0/include -mlittle-endian -mcpu=v10.0 -mxl-soft-mul -Wl,--no-relax -MMD -MP -MF"src/xtmrctr_selftest_example.d" -MT"src/xtmrctr_selftest_example.o" -o "src/xtmrctr_selftest_example.o" "../src/xtmrctr_selftest_example.c"
'Finished building: ../src/xtmrctr_selftest_example.c'
' '
'Building target: SPI_loopback_test.elf'
'Invoking: MicroBlaze gcc linker'
mb-gcc -Wl,-T -Wl,../src/lscript.ld -L../../SPI_loopback_test_bsp/microblaze_0/lib -mlittle-endian -mcpu=v10.0 -mxl-soft-mul -Wl,--no-relax -o "SPI_loopback_test.elf"  ./src/testperiph.o ./src/xemaclite_example_util.o ./src/xemaclite_intr_example.o ./src/xemaclite_polled_example.o ./src/xintc_tapp_example.o ./src/xspi_intr_example.o ./src/xspi_selftest_example.o ./src/xtmrctr_intr_example.o ./src/xtmrctr_selftest_example.o   -Wl,--start-group,-lxil,-lgcc,-lc,--end-group
'Finished building target: SPI_loopback_test.elf'
' '
'Invoking: MicroBlaze Print Size'
mb-size SPI_loopback_test.elf  |tee "SPI_loopback_test.elf.size"
   text	   data	    bss	    dec	    hex	filename
  35328	    440	   6736	  42504	   a608	SPI_loopback_test.elf
'Finished building: SPI_loopback_test.elf.size'
' '
11:24:11 **** Auto Build of configuration Debug for project SPI_loopback_test ****
make all 
make: Nothing to be done for `all'.
11:24:54 **** Auto Build of configuration Debug for project SPI_loopback_test ****
make all 
'Building file: ../src/testperiph.c'
'Invoking: MicroBlaze gcc compiler'
mb-gcc -Wall -O0 -g3 -c -fmessage-length=0 -MT"src/testperiph.o" -I../../SPI_loopback_test_bsp/microblaze_0/include -mlittle-endian -mcpu=v10.0 -mxl-soft-mul -Wl,--no-relax -MMD -MP -MF"src/testperiph.d" -MT"src/testperiph.o" -o "src/testperiph.o" "../src/testperiph.c"
../src/testperiph.c:101:1: warning: multi-line comment [-Wcomment]
 //      Status = EmacLiteIntrExample(&intc, &axi_ethernetlite_0_EmacLite, \
 ^
../src/testperiph.c:134:1: warning: multi-line comment [-Wcomment]
 //       Status = SpiIntrExample(&intc, &axi_quad_spi_0_Spi, \
 ^
../src/testperiph.c:166:1: warning: multi-line comment [-Wcomment]
 //      Status = TmrCtrIntrExample(&intc, &axi_timer_0_Timer, \
 ^
'Finished building: ../src/testperiph.c'
' '
'Building target: SPI_loopback_test.elf'
'Invoking: MicroBlaze gcc linker'
mb-gcc -Wl,-T -Wl,../src/lscript.ld -L../../SPI_loopback_test_bsp/microblaze_0/lib -mlittle-endian -mcpu=v10.0 -mxl-soft-mul -Wl,--no-relax -o "SPI_loopback_test.elf"  ./src/testperiph.o ./src/xemaclite_example_util.o ./src/xemaclite_intr_example.o ./src/xemaclite_polled_example.o ./src/xintc_tapp_example.o ./src/xspi_intr_example.o ./src/xspi_selftest_example.o ./src/xtmrctr_intr_example.o ./src/xtmrctr_selftest_example.o   -Wl,--start-group,-lxil,-lgcc,-lc,--end-group
c:/xilinx/sdk/2016.3/gnu/microblaze/nt/bin/../lib/gcc/microblaze-xilinx-elf/5.2.0/../../../../microblaze-xilinx-elf/lib/le/crtinit.o: In function `_crtinit':
(.text+0x78): undefined reference to `main'
collect2.exe: error: ld returned 1 exit status
make: *** [SPI_loopback_test.elf] Error 1
11:26:03 **** Auto Build of configuration Debug for project SPI_loopback_test ****
make all 
'Building file: ../src/testperiph.c'
'Invoking: MicroBlaze gcc compiler'
mb-gcc -Wall -O0 -g3 -c -fmessage-length=0 -MT"src/testperiph.o" -I../../SPI_loopback_test_bsp/microblaze_0/include -mlittle-endian -mcpu=v10.0 -mxl-soft-mul -Wl,--no-relax -MMD -MP -MF"src/testperiph.d" -MT"src/testperiph.o" -o "src/testperiph.o" "../src/testperiph.c"
../src/testperiph.c:101:1: warning: multi-line comment [-Wcomment]
 //      Status = EmacLiteIntrExample(&intc, &axi_ethernetlite_0_EmacLite, \
 ^
../src/testperiph.c:134:1: warning: multi-line comment [-Wcomment]
 //       Status = SpiIntrExample(&intc, &axi_quad_spi_0_Spi, \
 ^
../src/testperiph.c:166:1: warning: multi-line comment [-Wcomment]
 //      Status = TmrCtrIntrExample(&intc, &axi_timer_0_Timer, \
 ^
'Finished building: ../src/testperiph.c'
' '
'Building target: SPI_loopback_test.elf'
'Invoking: MicroBlaze gcc linker'
mb-gcc -Wl,-T -Wl,../src/lscript.ld -L../../SPI_loopback_test_bsp/microblaze_0/lib -mlittle-endian -mcpu=v10.0 -mxl-soft-mul -Wl,--no-relax -o "SPI_loopback_test.elf"  ./src/testperiph.o ./src/xemaclite_example_util.o ./src/xemaclite_intr_example.o ./src/xemaclite_polled_example.o ./src/xintc_tapp_example.o ./src/xspi_intr_example.o ./src/xspi_selftest_example.o ./src/xtmrctr_intr_example.o ./src/xtmrctr_selftest_example.o   -Wl,--start-group,-lxil,-lgcc,-lc,--end-group
'Finished building target: SPI_loopback_test.elf'
' '
'Invoking: MicroBlaze Print Size'
mb-size SPI_loopback_test.elf  |tee "SPI_loopback_test.elf.size"
   text	   data	    bss	    dec	    hex	filename
  34140	    440	   6580	  41160	   a0c8	SPI_loopback_test.elf
'Finished building: SPI_loopback_test.elf.size'
' '
11:27:04 **** Incremental Build of configuration Debug for project SPI_loopback_test ****
make all 
make: Nothing to be done for `all'.
11:45:50 **** Incremental Build of configuration Debug for project SPI_loopback_test ****
make all 
'Building file: ../src/testperiph.c'
'Invoking: MicroBlaze gcc compiler'
mb-gcc -Wall -O0 -g3 -c -fmessage-length=0 -MT"src/testperiph.o" -I../../SPI_loopback_test_bsp/microblaze_0/include -mlittle-endian -mcpu=v10.0 -mxl-soft-mul -Wl,--no-relax -MMD -MP -MF"src/testperiph.d" -MT"src/testperiph.o" -o "src/testperiph.o" "../src/testperiph.c"
../src/testperiph.c:101:1: warning: multi-line comment [-Wcomment]
 //      Status = EmacLiteIntrExample(&intc, &axi_ethernetlite_0_EmacLite, \
 ^
../src/testperiph.c:134:1: warning: multi-line comment [-Wcomment]
 //       Status = SpiIntrExample(&intc, &axi_quad_spi_0_Spi, \
 ^
../src/testperiph.c:166:1: warning: multi-line comment [-Wcomment]
 //      Status = TmrCtrIntrExample(&intc, &axi_timer_0_Timer, \
 ^
../src/testperiph.c:260:21: fatal error: xstatus.h: No such file or directory
compilation terminated.
make: *** [src/testperiph.o] Error 1
11:46:57 **** Auto Build of configuration Debug for project SPI_loopback_test ****
make all 
'Building file: ../src/testperiph.c'
'Invoking: MicroBlaze gcc compiler'
mb-gcc -Wall -O0 -g3 -c -fmessage-length=0 -MT"src/testperiph.o" -I../../SPI_loopback_test_bsp/microblaze_0/include -mlittle-endian -mcpu=v10.0 -mxl-soft-mul -Wl,--no-relax -MMD -MP -MF"src/testperiph.d" -MT"src/testperiph.o" -o "src/testperiph.o" "../src/testperiph.c"
../src/testperiph.c:101:1: warning: multi-line comment [-Wcomment]
 //      Status = EmacLiteIntrExample(&intc, &axi_ethernetlite_0_EmacLite, \
 ^
../src/testperiph.c:134:1: warning: multi-line comment [-Wcomment]
 //       Status = SpiIntrExample(&intc, &axi_quad_spi_0_Spi, \
 ^
../src/testperiph.c:166:1: warning: multi-line comment [-Wcomment]
 //      Status = TmrCtrIntrExample(&intc, &axi_timer_0_Timer, \
 ^
../src/testperiph.c:261:18: fatal error: xspi.h: No such file or directory
compilation terminated.
make: *** [src/testperiph.o] Error 1
11:47:13 **** Auto Build of configuration Debug for project SPI_loopback_test ****
make all 
'Building file: ../src/testperiph.c'
'Invoking: MicroBlaze gcc compiler'
mb-gcc -Wall -O0 -g3 -c -fmessage-length=0 -MT"src/testperiph.o" -I../../SPI_loopback_test_bsp/microblaze_0/include -mlittle-endian -mcpu=v10.0 -mxl-soft-mul -Wl,--no-relax -MMD -MP -MF"src/testperiph.d" -MT"src/testperiph.o" -o "src/testperiph.o" "../src/testperiph.c"
../src/testperiph.c:101:1: warning: multi-line comment [-Wcomment]
 //      Status = EmacLiteIntrExample(&intc, &axi_ethernetlite_0_EmacLite, \
 ^
../src/testperiph.c:134:1: warning: multi-line comment [-Wcomment]
 //       Status = SpiIntrExample(&intc, &axi_quad_spi_0_Spi, \
 ^
../src/testperiph.c:166:1: warning: multi-line comment [-Wcomment]
 //      Status = TmrCtrIntrExample(&intc, &axi_timer_0_Timer, \
 ^
../src/testperiph.c:260:21: fatal error: xstatus.h: No such file or directory
compilation terminated.
make: *** [src/testperiph.o] Error 1
11:50:05 **** Auto Build of project SPI_loopback_test_bsp ****
make -k all 
"Running Make include in microblaze_0/libsrc/bram_v4_1/src"
make -C microblaze_0/libsrc/bram_v4_1/src -s include  "SHELL=CMD" "COMPILER=mb-gcc" "ARCHIVER=mb-ar" "COMPILER_FLAGS= -O2 -c -mcpu=v10.0 -mlittle-endian -mxl-soft-mul" "EXTRA_COMPILER_FLAGS=-g"
"Running Make include in microblaze_0/libsrc/cpu_v2_5/src"
make -C microblaze_0/libsrc/cpu_v2_5/src -s include  "SHELL=CMD" "COMPILER=mb-gcc" "ARCHIVER=mb-ar" "COMPILER_FLAGS= -O2 -c -mcpu=v10.0 -mlittle-endian -mxl-soft-mul" "EXTRA_COMPILER_FLAGS=-g"
"Running Make include in microblaze_0/libsrc/emaclite_v4_3/src"
make -C microblaze_0/libsrc/emaclite_v4_3/src -s include  "SHELL=CMD" "COMPILER=mb-gcc" "ARCHIVER=mb-ar" "COMPILER_FLAGS= -O2 -c -mcpu=v10.0 -mlittle-endian -mxl-soft-mul" "EXTRA_COMPILER_FLAGS=-g"
"Running Make include in microblaze_0/libsrc/intc_v3_5/src"
make -C microblaze_0/libsrc/intc_v3_5/src -s include  "SHELL=CMD" "COMPILER=mb-gcc" "ARCHIVER=mb-ar" "COMPILER_FLAGS= -O2 -c -mcpu=v10.0 -mlittle-endian -mxl-soft-mul" "EXTRA_COMPILER_FLAGS=-g"
"Running Make include in microblaze_0/libsrc/spi_v4_2/src"
make -C microblaze_0/libsrc/spi_v4_2/src -s include  "SHELL=CMD" "COMPILER=mb-gcc" "ARCHIVER=mb-ar" "COMPILER_FLAGS= -O2 -c -mcpu=v10.0 -mlittle-endian -mxl-soft-mul" "EXTRA_COMPILER_FLAGS=-g"
"Running Make include in microblaze_0/libsrc/standalone_v6_0/src"
make -C microblaze_0/libsrc/standalone_v6_0/src -s include  "SHELL=CMD" "COMPILER=mb-gcc" "ARCHIVER=mb-ar" "COMPILER_FLAGS= -O2 -c -mcpu=v10.0 -mlittle-endian -mxl-soft-mul" "EXTRA_COMPILER_FLAGS=-g"
"Running Make include in microblaze_0/libsrc/tmrctr_v4_1/src"
make -C microblaze_0/libsrc/tmrctr_v4_1/src -s include  "SHELL=CMD" "COMPILER=mb-gcc" "ARCHIVER=mb-ar" "COMPILER_FLAGS= -O2 -c -mcpu=v10.0 -mlittle-endian -mxl-soft-mul" "EXTRA_COMPILER_FLAGS=-g"
"Running Make include in microblaze_0/libsrc/uartlite_v3_2/src"
make -C microblaze_0/libsrc/uartlite_v3_2/src -s include  "SHELL=CMD" "COMPILER=mb-gcc" "ARCHIVER=mb-ar" "COMPILER_FLAGS= -O2 -c -mcpu=v10.0 -mlittle-endian -mxl-soft-mul" "EXTRA_COMPILER_FLAGS=-g"
"Running Make libs in microblaze_0/libsrc/bram_v4_1/src"
make -C microblaze_0/libsrc/bram_v4_1/src -s libs  "SHELL=CMD" "COMPILER=mb-gcc" "ARCHIVER=mb-ar" "COMPILER_FLAGS= -O2 -c -mcpu=v10.0 -mlittle-endian -mxl-soft-mul" "EXTRA_COMPILER_FLAGS=-g"
"Compiling bram"
mb-ar: creating ../../../lib/libxil.a
"Running Make libs in microblaze_0/libsrc/cpu_v2_5/src"
make -C microblaze_0/libsrc/cpu_v2_5/src -s libs  "SHELL=CMD" "COMPILER=mb-gcc" "ARCHIVER=mb-ar" "COMPILER_FLAGS= -O2 -c -mcpu=v10.0 -mlittle-endian -mxl-soft-mul" "EXTRA_COMPILER_FLAGS=-g"
"Compiling cpu"
"Running Make libs in microblaze_0/libsrc/emaclite_v4_3/src"
make -C microblaze_0/libsrc/emaclite_v4_3/src -s libs  "SHELL=CMD" "COMPILER=mb-gcc" "ARCHIVER=mb-ar" "COMPILER_FLAGS= -O2 -c -mcpu=v10.0 -mlittle-endian -mxl-soft-mul" "EXTRA_COMPILER_FLAGS=-g"
"Compiling emaclite"
"Running Make libs in microblaze_0/libsrc/intc_v3_5/src"
make -C microblaze_0/libsrc/intc_v3_5/src -s libs  "SHELL=CMD" "COMPILER=mb-gcc" "ARCHIVER=mb-ar" "COMPILER_FLAGS= -O2 -c -mcpu=v10.0 -mlittle-endian -mxl-soft-mul" "EXTRA_COMPILER_FLAGS=-g"
"Compiling intc"
"Running Make libs in microblaze_0/libsrc/spi_v4_2/src"
make -C microblaze_0/libsrc/spi_v4_2/src -s libs  "SHELL=CMD" "COMPILER=mb-gcc" "ARCHIVER=mb-ar" "COMPILER_FLAGS= -O2 -c -mcpu=v10.0 -mlittle-endian -mxl-soft-mul" "EXTRA_COMPILER_FLAGS=-g"
"Compiling spi"
"Running Make libs in microblaze_0/libsrc/standalone_v6_0/src"
make -C microblaze_0/libsrc/standalone_v6_0/src -s libs  "SHELL=CMD" "COMPILER=mb-gcc" "ARCHIVER=mb-ar" "COMPILER_FLAGS= -O2 -c -mcpu=v10.0 -mlittle-endian -mxl-soft-mul" "EXTRA_COMPILER_FLAGS=-g"
"Compiling standalone";
"Running Make libs in microblaze_0/libsrc/tmrctr_v4_1/src"
make -C microblaze_0/libsrc/tmrctr_v4_1/src -s libs  "SHELL=CMD" "COMPILER=mb-gcc" "ARCHIVER=mb-ar" "COMPILER_FLAGS= -O2 -c -mcpu=v10.0 -mlittle-endian -mxl-soft-mul" "EXTRA_COMPILER_FLAGS=-g"
"Compiling tmrctr"
"Running Make libs in microblaze_0/libsrc/uartlite_v3_2/src"
make -C microblaze_0/libsrc/uartlite_v3_2/src -s libs  "SHELL=CMD" "COMPILER=mb-gcc" "ARCHIVER=mb-ar" "COMPILER_FLAGS= -O2 -c -mcpu=v10.0 -mlittle-endian -mxl-soft-mul" "EXTRA_COMPILER_FLAGS=-g"
"Compiling uartlite"
'Finished building libraries'
11:50:16 **** Auto Build of configuration Debug for project SPI_loopback_test ****
make all 
'Building file: ../src/testperiph.c'
'Invoking: MicroBlaze gcc compiler'
mb-gcc -Wall -O0 -g3 -c -fmessage-length=0 -MT"src/testperiph.o" -I../../SPI_loopback_test_bsp/microblaze_0/include -mlittle-endian -mcpu=v10.0 -mxl-soft-mul -Wl,--no-relax -MMD -MP -MF"src/testperiph.d" -MT"src/testperiph.o" -o "src/testperiph.o" "../src/testperiph.c"
../src/testperiph.c:101:1: warning: multi-line comment [-Wcomment]
 //      Status = EmacLiteIntrExample(&intc, &axi_ethernetlite_0_EmacLite, \
 ^
../src/testperiph.c:134:1: warning: multi-line comment [-Wcomment]
 //       Status = SpiIntrExample(&intc, &axi_quad_spi_0_Spi, \
 ^
../src/testperiph.c:166:1: warning: multi-line comment [-Wcomment]
 //      Status = TmrCtrIntrExample(&intc, &axi_timer_0_Timer, \
 ^
'Finished building: ../src/testperiph.c'
' '
'Building file: ../src/xemaclite_example_util.c'
'Invoking: MicroBlaze gcc compiler'
mb-gcc -Wall -O0 -g3 -c -fmessage-length=0 -MT"src/xemaclite_example_util.o" -I../../SPI_loopback_test_bsp/microblaze_0/include -mlittle-endian -mcpu=v10.0 -mxl-soft-mul -Wl,--no-relax -MMD -MP -MF"src/xemaclite_example_util.d" -MT"src/xemaclite_example_util.o" -o "src/xemaclite_example_util.o" "../src/xemaclite_example_util.c"
'Finished building: ../src/xemaclite_example_util.c'
' '
'Building file: ../src/xemaclite_intr_example.c'
'Invoking: MicroBlaze gcc compiler'
mb-gcc -Wall -O0 -g3 -c -fmessage-length=0 -MT"src/xemaclite_intr_example.o" -I../../SPI_loopback_test_bsp/microblaze_0/include -mlittle-endian -mcpu=v10.0 -mxl-soft-mul -Wl,--no-relax -MMD -MP -MF"src/xemaclite_intr_example.d" -MT"src/xemaclite_intr_example.o" -o "src/xemaclite_intr_example.o" "../src/xemaclite_intr_example.c"
../src/xemaclite_intr_example.c: In function 'EmacLiteSendHandler':
../src/xemaclite_intr_example.c:556:13: warning: variable 'XEmacInstancePtr' set but not used [-Wunused-but-set-variable]
  XEmacLite *XEmacInstancePtr;
             ^
'Finished building: ../src/xemaclite_intr_example.c'
' '
'Building file: ../src/xemaclite_polled_example.c'
'Invoking: MicroBlaze gcc compiler'
mb-gcc -Wall -O0 -g3 -c -fmessage-length=0 -MT"src/xemaclite_polled_example.o" -I../../SPI_loopback_test_bsp/microblaze_0/include -mlittle-endian -mcpu=v10.0 -mxl-soft-mul -Wl,--no-relax -MMD -MP -MF"src/xemaclite_polled_example.d" -MT"src/xemaclite_polled_example.o" -o "src/xemaclite_polled_example.o" "../src/xemaclite_polled_example.c"
'Finished building: ../src/xemaclite_polled_example.c'
' '
'Building file: ../src/xintc_tapp_example.c'
'Invoking: MicroBlaze gcc compiler'
mb-gcc -Wall -O0 -g3 -c -fmessage-length=0 -MT"src/xintc_tapp_example.o" -I../../SPI_loopback_test_bsp/microblaze_0/include -mlittle-endian -mcpu=v10.0 -mxl-soft-mul -Wl,--no-relax -MMD -MP -MF"src/xintc_tapp_example.d" -MT"src/xintc_tapp_example.o" -o "src/xintc_tapp_example.o" "../src/xintc_tapp_example.c"
'Finished building: ../src/xintc_tapp_example.c'
' '
'Building file: ../src/xspi_intr_example.c'
'Invoking: MicroBlaze gcc compiler'
mb-gcc -Wall -O0 -g3 -c -fmessage-length=0 -MT"src/xspi_intr_example.o" -I../../SPI_loopback_test_bsp/microblaze_0/include -mlittle-endian -mcpu=v10.0 -mxl-soft-mul -Wl,--no-relax -MMD -MP -MF"src/xspi_intr_example.d" -MT"src/xspi_intr_example.o" -o "src/xspi_intr_example.o" "../src/xspi_intr_example.c"
'Finished building: ../src/xspi_intr_example.c'
' '
'Building file: ../src/xspi_selftest_example.c'
'Invoking: MicroBlaze gcc compiler'
mb-gcc -Wall -O0 -g3 -c -fmessage-length=0 -MT"src/xspi_selftest_example.o" -I../../SPI_loopback_test_bsp/microblaze_0/include -mlittle-endian -mcpu=v10.0 -mxl-soft-mul -Wl,--no-relax -MMD -MP -MF"src/xspi_selftest_example.d" -MT"src/xspi_selftest_example.o" -o "src/xspi_selftest_example.o" "../src/xspi_selftest_example.c"
'Finished building: ../src/xspi_selftest_example.c'
' '
'Building file: ../src/xtmrctr_intr_example.c'
'Invoking: MicroBlaze gcc compiler'
mb-gcc -Wall -O0 -g3 -c -fmessage-length=0 -MT"src/xtmrctr_intr_example.o" -I../../SPI_loopback_test_bsp/microblaze_0/include -mlittle-endian -mcpu=v10.0 -mxl-soft-mul -Wl,--no-relax -MMD -MP -MF"src/xtmrctr_intr_example.d" -MT"src/xtmrctr_intr_example.o" -o "src/xtmrctr_intr_example.o" "../src/xtmrctr_intr_example.c"
'Finished building: ../src/xtmrctr_intr_example.c'
' '
'Building file: ../src/xtmrctr_selftest_example.c'
'Invoking: MicroBlaze gcc compiler'
mb-gcc -Wall -O0 -g3 -c -fmessage-length=0 -MT"src/xtmrctr_selftest_example.o" -I../../SPI_loopback_test_bsp/microblaze_0/include -mlittle-endian -mcpu=v10.0 -mxl-soft-mul -Wl,--no-relax -MMD -MP -MF"src/xtmrctr_selftest_example.d" -MT"src/xtmrctr_selftest_example.o" -o "src/xtmrctr_selftest_example.o" "../src/xtmrctr_selftest_example.c"
'Finished building: ../src/xtmrctr_selftest_example.c'
' '
'Building target: SPI_loopback_test.elf'
'Invoking: MicroBlaze gcc linker'
mb-gcc -Wl,-T -Wl,../src/lscript.ld -L../../SPI_loopback_test_bsp/microblaze_0/lib -mlittle-endian -mcpu=v10.0 -mxl-soft-mul -Wl,--no-relax -o "SPI_loopback_test.elf"  ./src/testperiph.o ./src/xemaclite_example_util.o ./src/xemaclite_intr_example.o ./src/xemaclite_polled_example.o ./src/xintc_tapp_example.o ./src/xspi_intr_example.o ./src/xspi_selftest_example.o ./src/xtmrctr_intr_example.o ./src/xtmrctr_selftest_example.o   -Wl,--start-group,-lxil,-lgcc,-lc,--end-group
'Finished building target: SPI_loopback_test.elf'
' '
'Invoking: MicroBlaze Print Size'
mb-size SPI_loopback_test.elf  |tee "SPI_loopback_test.elf.size"
   text	   data	    bss	    dec	    hex	filename
  34140	    440	   6580	  41160	   a0c8	SPI_loopback_test.elf
'Finished building: SPI_loopback_test.elf.size'
' '
11:51:25 **** Incremental Build of configuration Debug for project SPI_loopback_test ****
make all 
make: Nothing to be done for `all'.
11:55:09 **** Auto Build of configuration Debug for project SPI_loopback_test ****
make all 
'Building file: ../src/testperiph.c'
'Invoking: MicroBlaze gcc compiler'
mb-gcc -Wall -O0 -g3 -c -fmessage-length=0 -MT"src/testperiph.o" -I../../SPI_loopback_test_bsp/microblaze_0/include -mlittle-endian -mcpu=v10.0 -mxl-soft-mul -Wl,--no-relax -MMD -MP -MF"src/testperiph.d" -MT"src/testperiph.o" -o "src/testperiph.o" "../src/testperiph.c"
../src/testperiph.c:101:1: warning: multi-line comment [-Wcomment]
 //      Status = EmacLiteIntrExample(&intc, &axi_ethernetlite_0_EmacLite, \
 ^
../src/testperiph.c:134:1: warning: multi-line comment [-Wcomment]
 //       Status = SpiIntrExample(&intc, &axi_quad_spi_0_Spi, \
 ^
../src/testperiph.c:166:1: warning: multi-line comment [-Wcomment]
 //      Status = TmrCtrIntrExample(&intc, &axi_timer_0_Timer, \
 ^
'Finished building: ../src/testperiph.c'
' '
'Building target: SPI_loopback_test.elf'
'Invoking: MicroBlaze gcc linker'
mb-gcc -Wl,-T -Wl,../src/lscript.ld -L../../SPI_loopback_test_bsp/microblaze_0/lib -mlittle-endian -mcpu=v10.0 -mxl-soft-mul -Wl,--no-relax -o "SPI_loopback_test.elf"  ./src/testperiph.o ./src/xemaclite_example_util.o ./src/xemaclite_intr_example.o ./src/xemaclite_polled_example.o ./src/xintc_tapp_example.o ./src/xspi_intr_example.o ./src/xspi_selftest_example.o ./src/xtmrctr_intr_example.o ./src/xtmrctr_selftest_example.o   -Wl,--start-group,-lxil,-lgcc,-lc,--end-group
'Finished building target: SPI_loopback_test.elf'
' '
'Invoking: MicroBlaze Print Size'
mb-size SPI_loopback_test.elf  |tee "SPI_loopback_test.elf.size"
   text	   data	    bss	    dec	    hex	filename
  34188	    440	   6580	  41208	   a0f8	SPI_loopback_test.elf
'Finished building: SPI_loopback_test.elf.size'
' '
11:56:01 **** Auto Build of configuration Debug for project SPI_loopback_test ****
make all 
'Building file: ../src/testperiph.c'
'Invoking: MicroBlaze gcc compiler'
mb-gcc -Wall -O0 -g3 -c -fmessage-length=0 -MT"src/testperiph.o" -I../../SPI_loopback_test_bsp/microblaze_0/include -mlittle-endian -mcpu=v10.0 -mxl-soft-mul -Wl,--no-relax -MMD -MP -MF"src/testperiph.d" -MT"src/testperiph.o" -o "src/testperiph.o" "../src/testperiph.c"
../src/testperiph.c:101:1: warning: multi-line comment [-Wcomment]
 //      Status = EmacLiteIntrExample(&intc, &axi_ethernetlite_0_EmacLite, \
 ^
../src/testperiph.c:134:1: warning: multi-line comment [-Wcomment]
 //       Status = SpiIntrExample(&intc, &axi_quad_spi_0_Spi, \
 ^
../src/testperiph.c:166:1: warning: multi-line comment [-Wcomment]
 //      Status = TmrCtrIntrExample(&intc, &axi_timer_0_Timer, \
 ^
'Finished building: ../src/testperiph.c'
' '
'Building target: SPI_loopback_test.elf'
'Invoking: MicroBlaze gcc linker'
mb-gcc -Wl,-T -Wl,../src/lscript.ld -L../../SPI_loopback_test_bsp/microblaze_0/lib -mlittle-endian -mcpu=v10.0 -mxl-soft-mul -Wl,--no-relax -o "SPI_loopback_test.elf"  ./src/testperiph.o ./src/xemaclite_example_util.o ./src/xemaclite_intr_example.o ./src/xemaclite_polled_example.o ./src/xintc_tapp_example.o ./src/xspi_intr_example.o ./src/xspi_selftest_example.o ./src/xtmrctr_intr_example.o ./src/xtmrctr_selftest_example.o   -Wl,--start-group,-lxil,-lgcc,-lc,--end-group
'Finished building target: SPI_loopback_test.elf'
' '
'Invoking: MicroBlaze Print Size'
mb-size SPI_loopback_test.elf  |tee "SPI_loopback_test.elf.size"
   text	   data	    bss	    dec	    hex	filename
  34096	    440	   6576	  41112	   a098	SPI_loopback_test.elf
'Finished building: SPI_loopback_test.elf.size'
' '
11:59:01 **** Auto Build of configuration Debug for project SPI_loopback_test ****
make all 
'Building file: ../src/testperiph.c'
'Invoking: MicroBlaze gcc compiler'
mb-gcc -Wall -O0 -g3 -c -fmessage-length=0 -MT"src/testperiph.o" -I../../SPI_loopback_test_bsp/microblaze_0/include -mlittle-endian -mcpu=v10.0 -mxl-soft-mul -Wl,--no-relax -MMD -MP -MF"src/testperiph.d" -MT"src/testperiph.o" -o "src/testperiph.o" "../src/testperiph.c"
../src/testperiph.c:101:1: warning: multi-line comment [-Wcomment]
 //      Status = EmacLiteIntrExample(&intc, &axi_ethernetlite_0_EmacLite, \
 ^
../src/testperiph.c:134:1: warning: multi-line comment [-Wcomment]
 //       Status = SpiIntrExample(&intc, &axi_quad_spi_0_Spi, \
 ^
../src/testperiph.c:166:1: warning: multi-line comment [-Wcomment]
 //      Status = TmrCtrIntrExample(&intc, &axi_timer_0_Timer, \
 ^
'Finished building: ../src/testperiph.c'
' '
'Building target: SPI_loopback_test.elf'
'Invoking: MicroBlaze gcc linker'
mb-gcc -Wl,-T -Wl,../src/lscript.ld -L../../SPI_loopback_test_bsp/microblaze_0/lib -mlittle-endian -mcpu=v10.0 -mxl-soft-mul -Wl,--no-relax -o "SPI_loopback_test.elf"  ./src/testperiph.o ./src/xemaclite_example_util.o ./src/xemaclite_intr_example.o ./src/xemaclite_polled_example.o ./src/xintc_tapp_example.o ./src/xspi_intr_example.o ./src/xspi_selftest_example.o ./src/xtmrctr_intr_example.o ./src/xtmrctr_selftest_example.o   -Wl,--start-group,-lxil,-lgcc,-lc,--end-group
'Finished building target: SPI_loopback_test.elf'
' '
'Invoking: MicroBlaze Print Size'
mb-size SPI_loopback_test.elf  |tee "SPI_loopback_test.elf.size"
   text	   data	    bss	    dec	    hex	filename
  34128	    440	   6576	  41144	   a0b8	SPI_loopback_test.elf
'Finished building: SPI_loopback_test.elf.size'
' '
11:59:07 **** Auto Build of configuration Debug for project SPI_loopback_test ****
make all 
'Building file: ../src/testperiph.c'
'Invoking: MicroBlaze gcc compiler'
mb-gcc -Wall -O0 -g3 -c -fmessage-length=0 -MT"src/testperiph.o" -I../../SPI_loopback_test_bsp/microblaze_0/include -mlittle-endian -mcpu=v10.0 -mxl-soft-mul -Wl,--no-relax -MMD -MP -MF"src/testperiph.d" -MT"src/testperiph.o" -o "src/testperiph.o" "../src/testperiph.c"
../src/testperiph.c:101:1: warning: multi-line comment [-Wcomment]
 //      Status = EmacLiteIntrExample(&intc, &axi_ethernetlite_0_EmacLite, \
 ^
../src/testperiph.c:134:1: warning: multi-line comment [-Wcomment]
 //       Status = SpiIntrExample(&intc, &axi_quad_spi_0_Spi, \
 ^
../src/testperiph.c:166:1: warning: multi-line comment [-Wcomment]
 //      Status = TmrCtrIntrExample(&intc, &axi_timer_0_Timer, \
 ^
'Finished building: ../src/testperiph.c'
' '
'Building target: SPI_loopback_test.elf'
'Invoking: MicroBlaze gcc linker'
mb-gcc -Wl,-T -Wl,../src/lscript.ld -L../../SPI_loopback_test_bsp/microblaze_0/lib -mlittle-endian -mcpu=v10.0 -mxl-soft-mul -Wl,--no-relax -o "SPI_loopback_test.elf"  ./src/testperiph.o ./src/xemaclite_example_util.o ./src/xemaclite_intr_example.o ./src/xemaclite_polled_example.o ./src/xintc_tapp_example.o ./src/xspi_intr_example.o ./src/xspi_selftest_example.o ./src/xtmrctr_intr_example.o ./src/xtmrctr_selftest_example.o   -Wl,--start-group,-lxil,-lgcc,-lc,--end-group
'Finished building target: SPI_loopback_test.elf'
' '
'Invoking: MicroBlaze Print Size'
mb-size SPI_loopback_test.elf  |tee "SPI_loopback_test.elf.size"
   text	   data	    bss	    dec	    hex	filename
  34128	    440	   6576	  41144	   a0b8	SPI_loopback_test.elf
'Finished building: SPI_loopback_test.elf.size'
' '
11:59:32 **** Auto Build of configuration Debug for project SPI_loopback_test ****
make all 
'Building file: ../src/testperiph.c'
'Invoking: MicroBlaze gcc compiler'
mb-gcc -Wall -O0 -g3 -c -fmessage-length=0 -MT"src/testperiph.o" -I../../SPI_loopback_test_bsp/microblaze_0/include -mlittle-endian -mcpu=v10.0 -mxl-soft-mul -Wl,--no-relax -MMD -MP -MF"src/testperiph.d" -MT"src/testperiph.o" -o "src/testperiph.o" "../src/testperiph.c"
../src/testperiph.c:101:1: warning: multi-line comment [-Wcomment]
 //      Status = EmacLiteIntrExample(&intc, &axi_ethernetlite_0_EmacLite, \
 ^
../src/testperiph.c:134:1: warning: multi-line comment [-Wcomment]
 //       Status = SpiIntrExample(&intc, &axi_quad_spi_0_Spi, \
 ^
../src/testperiph.c:166:1: warning: multi-line comment [-Wcomment]
 //      Status = TmrCtrIntrExample(&intc, &axi_timer_0_Timer, \
 ^
'Finished building: ../src/testperiph.c'
' '
'Building target: SPI_loopback_test.elf'
'Invoking: MicroBlaze gcc linker'
mb-gcc -Wl,-T -Wl,../src/lscript.ld -L../../SPI_loopback_test_bsp/microblaze_0/lib -mlittle-endian -mcpu=v10.0 -mxl-soft-mul -Wl,--no-relax -o "SPI_loopback_test.elf"  ./src/testperiph.o ./src/xemaclite_example_util.o ./src/xemaclite_intr_example.o ./src/xemaclite_polled_example.o ./src/xintc_tapp_example.o ./src/xspi_intr_example.o ./src/xspi_selftest_example.o ./src/xtmrctr_intr_example.o ./src/xtmrctr_selftest_example.o   -Wl,--start-group,-lxil,-lgcc,-lc,--end-group
'Finished building target: SPI_loopback_test.elf'
' '
'Invoking: MicroBlaze Print Size'
mb-size SPI_loopback_test.elf  |tee "SPI_loopback_test.elf.size"
   text	   data	    bss	    dec	    hex	filename
  34048	    440	   6576	  41064	   a068	SPI_loopback_test.elf
'Finished building: SPI_loopback_test.elf.size'
' '
12:01:33 **** Auto Build of configuration Debug for project SPI_loopback_test ****
make all 
'Building file: ../src/testperiph.c'
'Invoking: MicroBlaze gcc compiler'
mb-gcc -Wall -O0 -g3 -c -fmessage-length=0 -MT"src/testperiph.o" -I../../SPI_loopback_test_bsp/microblaze_0/include -mlittle-endian -mcpu=v10.0 -mxl-soft-mul -Wl,--no-relax -MMD -MP -MF"src/testperiph.d" -MT"src/testperiph.o" -o "src/testperiph.o" "../src/testperiph.c"
../src/testperiph.c:101:1: warning: multi-line comment [-Wcomment]
 //      Status = EmacLiteIntrExample(&intc, &axi_ethernetlite_0_EmacLite, \
 ^
../src/testperiph.c:134:1: warning: multi-line comment [-Wcomment]
 //       Status = SpiIntrExample(&intc, &axi_quad_spi_0_Spi, \
 ^
../src/testperiph.c:166:1: warning: multi-line comment [-Wcomment]
 //      Status = TmrCtrIntrExample(&intc, &axi_timer_0_Timer, \
 ^
'Finished building: ../src/testperiph.c'
' '
'Building target: SPI_loopback_test.elf'
'Invoking: MicroBlaze gcc linker'
mb-gcc -Wl,-T -Wl,../src/lscript.ld -L../../SPI_loopback_test_bsp/microblaze_0/lib -mlittle-endian -mcpu=v10.0 -mxl-soft-mul -Wl,--no-relax -o "SPI_loopback_test.elf"  ./src/testperiph.o ./src/xemaclite_example_util.o ./src/xemaclite_intr_example.o ./src/xemaclite_polled_example.o ./src/xintc_tapp_example.o ./src/xspi_intr_example.o ./src/xspi_selftest_example.o ./src/xtmrctr_intr_example.o ./src/xtmrctr_selftest_example.o   -Wl,--start-group,-lxil,-lgcc,-lc,--end-group
'Finished building target: SPI_loopback_test.elf'
' '
'Invoking: MicroBlaze Print Size'
mb-size SPI_loopback_test.elf  |tee "SPI_loopback_test.elf.size"
   text	   data	    bss	    dec	    hex	filename
  34012	    440	   6580	  41032	   a048	SPI_loopback_test.elf
'Finished building: SPI_loopback_test.elf.size'
' '
12:01:40 **** Auto Build of configuration Debug for project SPI_loopback_test ****
make all 
'Building file: ../src/testperiph.c'
'Invoking: MicroBlaze gcc compiler'
mb-gcc -Wall -O0 -g3 -c -fmessage-length=0 -MT"src/testperiph.o" -I../../SPI_loopback_test_bsp/microblaze_0/include -mlittle-endian -mcpu=v10.0 -mxl-soft-mul -Wl,--no-relax -MMD -MP -MF"src/testperiph.d" -MT"src/testperiph.o" -o "src/testperiph.o" "../src/testperiph.c"
../src/testperiph.c:101:1: warning: multi-line comment [-Wcomment]
 //      Status = EmacLiteIntrExample(&intc, &axi_ethernetlite_0_EmacLite, \
 ^
../src/testperiph.c:134:1: warning: multi-line comment [-Wcomment]
 //       Status = SpiIntrExample(&intc, &axi_quad_spi_0_Spi, \
 ^
../src/testperiph.c:166:1: warning: multi-line comment [-Wcomment]
 //      Status = TmrCtrIntrExample(&intc, &axi_timer_0_Timer, \
 ^
'Finished building: ../src/testperiph.c'
' '
'Building target: SPI_loopback_test.elf'
'Invoking: MicroBlaze gcc linker'
mb-gcc -Wl,-T -Wl,../src/lscript.ld -L../../SPI_loopback_test_bsp/microblaze_0/lib -mlittle-endian -mcpu=v10.0 -mxl-soft-mul -Wl,--no-relax -o "SPI_loopback_test.elf"  ./src/testperiph.o ./src/xemaclite_example_util.o ./src/xemaclite_intr_example.o ./src/xemaclite_polled_example.o ./src/xintc_tapp_example.o ./src/xspi_intr_example.o ./src/xspi_selftest_example.o ./src/xtmrctr_intr_example.o ./src/xtmrctr_selftest_example.o   -Wl,--start-group,-lxil,-lgcc,-lc,--end-group
'Finished building target: SPI_loopback_test.elf'
' '
'Invoking: MicroBlaze Print Size'
mb-size SPI_loopback_test.elf  |tee "SPI_loopback_test.elf.size"
   text	   data	    bss	    dec	    hex	filename
  34000	    440	   6576	  41016	   a038	SPI_loopback_test.elf
'Finished building: SPI_loopback_test.elf.size'
' '
12:02:16 **** Incremental Build of configuration Debug for project SPI_loopback_test ****
make all 
make: Nothing to be done for `all'.
12:05:28 **** Auto Build of configuration Debug for project SPI_loopback_test ****
make all 
'Building file: ../src/testperiph.c'
'Invoking: MicroBlaze gcc compiler'
mb-gcc -Wall -O0 -g3 -c -fmessage-length=0 -MT"src/testperiph.o" -I../../SPI_loopback_test_bsp/microblaze_0/include -mlittle-endian -mcpu=v10.0 -mxl-soft-mul -Wl,--no-relax -MMD -MP -MF"src/testperiph.d" -MT"src/testperiph.o" -o "src/testperiph.o" "../src/testperiph.c"
../src/testperiph.c:101:1: warning: multi-line comment [-Wcomment]
 //      Status = EmacLiteIntrExample(&intc, &axi_ethernetlite_0_EmacLite, \
 ^
../src/testperiph.c:134:1: warning: multi-line comment [-Wcomment]
 //       Status = SpiIntrExample(&intc, &axi_quad_spi_0_Spi, \
 ^
../src/testperiph.c:166:1: warning: multi-line comment [-Wcomment]
 //      Status = TmrCtrIntrExample(&intc, &axi_timer_0_Timer, \
 ^
'Finished building: ../src/testperiph.c'
' '
'Building target: SPI_loopback_test.elf'
'Invoking: MicroBlaze gcc linker'
mb-gcc -Wl,-T -Wl,../src/lscript.ld -L../../SPI_loopback_test_bsp/microblaze_0/lib -mlittle-endian -mcpu=v10.0 -mxl-soft-mul -Wl,--no-relax -o "SPI_loopback_test.elf"  ./src/testperiph.o ./src/xemaclite_example_util.o ./src/xemaclite_intr_example.o ./src/xemaclite_polled_example.o ./src/xintc_tapp_example.o ./src/xspi_intr_example.o ./src/xspi_selftest_example.o ./src/xtmrctr_intr_example.o ./src/xtmrctr_selftest_example.o   -Wl,--start-group,-lxil,-lgcc,-lc,--end-group
'Finished building target: SPI_loopback_test.elf'
' '
'Invoking: MicroBlaze Print Size'
mb-size SPI_loopback_test.elf  |tee "SPI_loopback_test.elf.size"
   text	   data	    bss	    dec	    hex	filename
  33944	    440	   6576	  40960	   a000	SPI_loopback_test.elf
'Finished building: SPI_loopback_test.elf.size'
' '
12:05:41 **** Auto Build of configuration Debug for project SPI_loopback_test ****
make all 
'Building file: ../src/testperiph.c'
'Invoking: MicroBlaze gcc compiler'
mb-gcc -Wall -O0 -g3 -c -fmessage-length=0 -MT"src/testperiph.o" -I../../SPI_loopback_test_bsp/microblaze_0/include -mlittle-endian -mcpu=v10.0 -mxl-soft-mul -Wl,--no-relax -MMD -MP -MF"src/testperiph.d" -MT"src/testperiph.o" -o "src/testperiph.o" "../src/testperiph.c"
../src/testperiph.c:101:1: warning: multi-line comment [-Wcomment]
 //      Status = EmacLiteIntrExample(&intc, &axi_ethernetlite_0_EmacLite, \
 ^
../src/testperiph.c:134:1: warning: multi-line comment [-Wcomment]
 //       Status = SpiIntrExample(&intc, &axi_quad_spi_0_Spi, \
 ^
../src/testperiph.c:166:1: warning: multi-line comment [-Wcomment]
 //      Status = TmrCtrIntrExample(&intc, &axi_timer_0_Timer, \
 ^
'Finished building: ../src/testperiph.c'
' '
'Building target: SPI_loopback_test.elf'
'Invoking: MicroBlaze gcc linker'
mb-gcc -Wl,-T -Wl,../src/lscript.ld -L../../SPI_loopback_test_bsp/microblaze_0/lib -mlittle-endian -mcpu=v10.0 -mxl-soft-mul -Wl,--no-relax -o "SPI_loopback_test.elf"  ./src/testperiph.o ./src/xemaclite_example_util.o ./src/xemaclite_intr_example.o ./src/xemaclite_polled_example.o ./src/xintc_tapp_example.o ./src/xspi_intr_example.o ./src/xspi_selftest_example.o ./src/xtmrctr_intr_example.o ./src/xtmrctr_selftest_example.o   -Wl,--start-group,-lxil,-lgcc,-lc,--end-group
'Finished building target: SPI_loopback_test.elf'
' '
'Invoking: MicroBlaze Print Size'
mb-size SPI_loopback_test.elf  |tee "SPI_loopback_test.elf.size"
   text	   data	    bss	    dec	    hex	filename
  34000	    440	   6576	  41016	   a038	SPI_loopback_test.elf
'Finished building: SPI_loopback_test.elf.size'
' '
12:05:47 **** Auto Build of configuration Debug for project SPI_loopback_test ****
make all 
'Building file: ../src/testperiph.c'
'Invoking: MicroBlaze gcc compiler'
mb-gcc -Wall -O0 -g3 -c -fmessage-length=0 -MT"src/testperiph.o" -I../../SPI_loopback_test_bsp/microblaze_0/include -mlittle-endian -mcpu=v10.0 -mxl-soft-mul -Wl,--no-relax -MMD -MP -MF"src/testperiph.d" -MT"src/testperiph.o" -o "src/testperiph.o" "../src/testperiph.c"
../src/testperiph.c:101:1: warning: multi-line comment [-Wcomment]
 //      Status = EmacLiteIntrExample(&intc, &axi_ethernetlite_0_EmacLite, \
 ^
../src/testperiph.c:134:1: warning: multi-line comment [-Wcomment]
 //       Status = SpiIntrExample(&intc, &axi_quad_spi_0_Spi, \
 ^
../src/testperiph.c:166:1: warning: multi-line comment [-Wcomment]
 //      Status = TmrCtrIntrExample(&intc, &axi_timer_0_Timer, \
 ^
'Finished building: ../src/testperiph.c'
' '
'Building target: SPI_loopback_test.elf'
'Invoking: MicroBlaze gcc linker'
mb-gcc -Wl,-T -Wl,../src/lscript.ld -L../../SPI_loopback_test_bsp/microblaze_0/lib -mlittle-endian -mcpu=v10.0 -mxl-soft-mul -Wl,--no-relax -o "SPI_loopback_test.elf"  ./src/testperiph.o ./src/xemaclite_example_util.o ./src/xemaclite_intr_example.o ./src/xemaclite_polled_example.o ./src/xintc_tapp_example.o ./src/xspi_intr_example.o ./src/xspi_selftest_example.o ./src/xtmrctr_intr_example.o ./src/xtmrctr_selftest_example.o   -Wl,--start-group,-lxil,-lgcc,-lc,--end-group
'Finished building target: SPI_loopback_test.elf'
' '
'Invoking: MicroBlaze Print Size'
mb-size SPI_loopback_test.elf  |tee "SPI_loopback_test.elf.size"
   text	   data	    bss	    dec	    hex	filename
  34000	    440	   6576	  41016	   a038	SPI_loopback_test.elf
'Finished building: SPI_loopback_test.elf.size'
' '
12:20:04 **** Auto Build of configuration Debug for project SPI_loopback_test ****
make all 
'Building file: ../src/testperiph.c'
'Invoking: MicroBlaze gcc compiler'
mb-gcc -Wall -O0 -g3 -c -fmessage-length=0 -MT"src/testperiph.o" -I../../SPI_loopback_test_bsp/microblaze_0/include -mlittle-endian -mcpu=v10.0 -mxl-soft-mul -Wl,--no-relax -MMD -MP -MF"src/testperiph.d" -MT"src/testperiph.o" -o "src/testperiph.o" "../src/testperiph.c"
../src/testperiph.c:101:1: warning: multi-line comment [-Wcomment]
 //      Status = EmacLiteIntrExample(&intc, &axi_ethernetlite_0_EmacLite, \
 ^
../src/testperiph.c:134:1: warning: multi-line comment [-Wcomment]
 //       Status = SpiIntrExample(&intc, &axi_quad_spi_0_Spi, \
 ^
../src/testperiph.c:166:1: warning: multi-line comment [-Wcomment]
 //      Status = TmrCtrIntrExample(&intc, &axi_timer_0_Timer, \
 ^
'Finished building: ../src/testperiph.c'
' '
'Building target: SPI_loopback_test.elf'
'Invoking: MicroBlaze gcc linker'
mb-gcc -Wl,-T -Wl,../src/lscript.ld -L../../SPI_loopback_test_bsp/microblaze_0/lib -mlittle-endian -mcpu=v10.0 -mxl-soft-mul -Wl,--no-relax -o "SPI_loopback_test.elf"  ./src/testperiph.o ./src/xemaclite_example_util.o ./src/xemaclite_intr_example.o ./src/xemaclite_polled_example.o ./src/xintc_tapp_example.o ./src/xspi_intr_example.o ./src/xspi_selftest_example.o ./src/xtmrctr_intr_example.o ./src/xtmrctr_selftest_example.o   -Wl,--start-group,-lxil,-lgcc,-lc,--end-group
'Finished building target: SPI_loopback_test.elf'
' '
'Invoking: MicroBlaze Print Size'
mb-size SPI_loopback_test.elf  |tee "SPI_loopback_test.elf.size"
   text	   data	    bss	    dec	    hex	filename
  34056	    440	   6576	  41072	   a070	SPI_loopback_test.elf
'Finished building: SPI_loopback_test.elf.size'
' '
12:20:43 **** Auto Build of configuration Debug for project SPI_loopback_test ****
make all 
'Building file: ../src/testperiph.c'
'Invoking: MicroBlaze gcc compiler'
mb-gcc -Wall -O0 -g3 -c -fmessage-length=0 -MT"src/testperiph.o" -I../../SPI_loopback_test_bsp/microblaze_0/include -mlittle-endian -mcpu=v10.0 -mxl-soft-mul -Wl,--no-relax -MMD -MP -MF"src/testperiph.d" -MT"src/testperiph.o" -o "src/testperiph.o" "../src/testperiph.c"
../src/testperiph.c:101:1: warning: multi-line comment [-Wcomment]
 //      Status = EmacLiteIntrExample(&intc, &axi_ethernetlite_0_EmacLite, \
 ^
../src/testperiph.c:134:1: warning: multi-line comment [-Wcomment]
 //       Status = SpiIntrExample(&intc, &axi_quad_spi_0_Spi, \
 ^
../src/testperiph.c:166:1: warning: multi-line comment [-Wcomment]
 //      Status = TmrCtrIntrExample(&intc, &axi_timer_0_Timer, \
 ^
'Finished building: ../src/testperiph.c'
' '
'Building target: SPI_loopback_test.elf'
'Invoking: MicroBlaze gcc linker'
mb-gcc -Wl,-T -Wl,../src/lscript.ld -L../../SPI_loopback_test_bsp/microblaze_0/lib -mlittle-endian -mcpu=v10.0 -mxl-soft-mul -Wl,--no-relax -o "SPI_loopback_test.elf"  ./src/testperiph.o ./src/xemaclite_example_util.o ./src/xemaclite_intr_example.o ./src/xemaclite_polled_example.o ./src/xintc_tapp_example.o ./src/xspi_intr_example.o ./src/xspi_selftest_example.o ./src/xtmrctr_intr_example.o ./src/xtmrctr_selftest_example.o   -Wl,--start-group,-lxil,-lgcc,-lc,--end-group
'Finished building target: SPI_loopback_test.elf'
' '
'Invoking: MicroBlaze Print Size'
mb-size SPI_loopback_test.elf  |tee "SPI_loopback_test.elf.size"
   text	   data	    bss	    dec	    hex	filename
  33992	    440	   6576	  41008	   a030	SPI_loopback_test.elf
'Finished building: SPI_loopback_test.elf.size'
' '
12:20:55 **** Auto Build of configuration Debug for project SPI_loopback_test ****
make all 
'Building file: ../src/testperiph.c'
'Invoking: MicroBlaze gcc compiler'
mb-gcc -Wall -O0 -g3 -c -fmessage-length=0 -MT"src/testperiph.o" -I../../SPI_loopback_test_bsp/microblaze_0/include -mlittle-endian -mcpu=v10.0 -mxl-soft-mul -Wl,--no-relax -MMD -MP -MF"src/testperiph.d" -MT"src/testperiph.o" -o "src/testperiph.o" "../src/testperiph.c"
../src/testperiph.c:101:1: warning: multi-line comment [-Wcomment]
 //      Status = EmacLiteIntrExample(&intc, &axi_ethernetlite_0_EmacLite, \
 ^
../src/testperiph.c:134:1: warning: multi-line comment [-Wcomment]
 //       Status = SpiIntrExample(&intc, &axi_quad_spi_0_Spi, \
 ^
../src/testperiph.c:166:1: warning: multi-line comment [-Wcomment]
 //      Status = TmrCtrIntrExample(&intc, &axi_timer_0_Timer, \
 ^
'Finished building: ../src/testperiph.c'
' '
'Building target: SPI_loopback_test.elf'
'Invoking: MicroBlaze gcc linker'
mb-gcc -Wl,-T -Wl,../src/lscript.ld -L../../SPI_loopback_test_bsp/microblaze_0/lib -mlittle-endian -mcpu=v10.0 -mxl-soft-mul -Wl,--no-relax -o "SPI_loopback_test.elf"  ./src/testperiph.o ./src/xemaclite_example_util.o ./src/xemaclite_intr_example.o ./src/xemaclite_polled_example.o ./src/xintc_tapp_example.o ./src/xspi_intr_example.o ./src/xspi_selftest_example.o ./src/xtmrctr_intr_example.o ./src/xtmrctr_selftest_example.o   -Wl,--start-group,-lxil,-lgcc,-lc,--end-group
'Finished building target: SPI_loopback_test.elf'
' '
'Invoking: MicroBlaze Print Size'
mb-size SPI_loopback_test.elf  |tee "SPI_loopback_test.elf.size"
   text	   data	    bss	    dec	    hex	filename
  34056	    440	   6576	  41072	   a070	SPI_loopback_test.elf
'Finished building: SPI_loopback_test.elf.size'
' '
12:21:03 **** Auto Build of configuration Debug for project SPI_loopback_test ****
make all 
'Building file: ../src/testperiph.c'
'Invoking: MicroBlaze gcc compiler'
mb-gcc -Wall -O0 -g3 -c -fmessage-length=0 -MT"src/testperiph.o" -I../../SPI_loopback_test_bsp/microblaze_0/include -mlittle-endian -mcpu=v10.0 -mxl-soft-mul -Wl,--no-relax -MMD -MP -MF"src/testperiph.d" -MT"src/testperiph.o" -o "src/testperiph.o" "../src/testperiph.c"
../src/testperiph.c:101:1: warning: multi-line comment [-Wcomment]
 //      Status = EmacLiteIntrExample(&intc, &axi_ethernetlite_0_EmacLite, \
 ^
../src/testperiph.c:134:1: warning: multi-line comment [-Wcomment]
 //       Status = SpiIntrExample(&intc, &axi_quad_spi_0_Spi, \
 ^
../src/testperiph.c:166:1: warning: multi-line comment [-Wcomment]
 //      Status = TmrCtrIntrExample(&intc, &axi_timer_0_Timer, \
 ^
'Finished building: ../src/testperiph.c'
' '
'Building target: SPI_loopback_test.elf'
'Invoking: MicroBlaze gcc linker'
mb-gcc -Wl,-T -Wl,../src/lscript.ld -L../../SPI_loopback_test_bsp/microblaze_0/lib -mlittle-endian -mcpu=v10.0 -mxl-soft-mul -Wl,--no-relax -o "SPI_loopback_test.elf"  ./src/testperiph.o ./src/xemaclite_example_util.o ./src/xemaclite_intr_example.o ./src/xemaclite_polled_example.o ./src/xintc_tapp_example.o ./src/xspi_intr_example.o ./src/xspi_selftest_example.o ./src/xtmrctr_intr_example.o ./src/xtmrctr_selftest_example.o   -Wl,--start-group,-lxil,-lgcc,-lc,--end-group
'Finished building target: SPI_loopback_test.elf'
' '
'Invoking: MicroBlaze Print Size'
mb-size SPI_loopback_test.elf  |tee "SPI_loopback_test.elf.size"
   text	   data	    bss	    dec	    hex	filename
  34056	    440	   6576	  41072	   a070	SPI_loopback_test.elf
'Finished building: SPI_loopback_test.elf.size'
' '
12:21:42 **** Incremental Build of configuration Debug for project SPI_loopback_test ****
make all 
make: Nothing to be done for `all'.
12:23:10 **** Auto Build of configuration Debug for project SPI_loopback_test ****
make all 
'Building file: ../src/testperiph.c'
'Invoking: MicroBlaze gcc compiler'
mb-gcc -Wall -O0 -g3 -c -fmessage-length=0 -MT"src/testperiph.o" -I../../SPI_loopback_test_bsp/microblaze_0/include -mlittle-endian -mcpu=v10.0 -mxl-soft-mul -Wl,--no-relax -MMD -MP -MF"src/testperiph.d" -MT"src/testperiph.o" -o "src/testperiph.o" "../src/testperiph.c"
../src/testperiph.c:101:1: warning: multi-line comment [-Wcomment]
 //      Status = EmacLiteIntrExample(&intc, &axi_ethernetlite_0_EmacLite, \
 ^
../src/testperiph.c:134:1: warning: multi-line comment [-Wcomment]
 //       Status = SpiIntrExample(&intc, &axi_quad_spi_0_Spi, \
 ^
../src/testperiph.c:166:1: warning: multi-line comment [-Wcomment]
 //      Status = TmrCtrIntrExample(&intc, &axi_timer_0_Timer, \
 ^
'Finished building: ../src/testperiph.c'
' '
'Building target: SPI_loopback_test.elf'
'Invoking: MicroBlaze gcc linker'
mb-gcc -Wl,-T -Wl,../src/lscript.ld -L../../SPI_loopback_test_bsp/microblaze_0/lib -mlittle-endian -mcpu=v10.0 -mxl-soft-mul -Wl,--no-relax -o "SPI_loopback_test.elf"  ./src/testperiph.o ./src/xemaclite_example_util.o ./src/xemaclite_intr_example.o ./src/xemaclite_polled_example.o ./src/xintc_tapp_example.o ./src/xspi_intr_example.o ./src/xspi_selftest_example.o ./src/xtmrctr_intr_example.o ./src/xtmrctr_selftest_example.o   -Wl,--start-group,-lxil,-lgcc,-lc,--end-group
'Finished building target: SPI_loopback_test.elf'
' '
'Invoking: MicroBlaze Print Size'
mb-size SPI_loopback_test.elf  |tee "SPI_loopback_test.elf.size"
   text	   data	    bss	    dec	    hex	filename
  34056	    440	   6576	  41072	   a070	SPI_loopback_test.elf
'Finished building: SPI_loopback_test.elf.size'
' '
12:24:23 **** Incremental Build of configuration Debug for project SPI_loopback_test ****
make all 
make: Nothing to be done for `all'.
12:25:37 **** Auto Build of configuration Debug for project SPI_loopback_test ****
make all 
'Building file: ../src/testperiph.c'
'Invoking: MicroBlaze gcc compiler'
mb-gcc -Wall -O0 -g3 -c -fmessage-length=0 -MT"src/testperiph.o" -I../../SPI_loopback_test_bsp/microblaze_0/include -mlittle-endian -mcpu=v10.0 -mxl-soft-mul -Wl,--no-relax -MMD -MP -MF"src/testperiph.d" -MT"src/testperiph.o" -o "src/testperiph.o" "../src/testperiph.c"
../src/testperiph.c:101:1: warning: multi-line comment [-Wcomment]
 //      Status = EmacLiteIntrExample(&intc, &axi_ethernetlite_0_EmacLite, \
 ^
../src/testperiph.c:134:1: warning: multi-line comment [-Wcomment]
 //       Status = SpiIntrExample(&intc, &axi_quad_spi_0_Spi, \
 ^
../src/testperiph.c:166:1: warning: multi-line comment [-Wcomment]
 //      Status = TmrCtrIntrExample(&intc, &axi_timer_0_Timer, \
 ^
../src/testperiph.c: In function 'XSpi_LowLevelExample':
../src/testperiph.c:349:5: warning: unused variable 'rxData' [-Wunused-variable]
  u8 rxData = 0;
     ^
../src/testperiph.c:348:5: warning: unused variable 'txData' [-Wunused-variable]
  u8 txData = 100;
     ^
'Finished building: ../src/testperiph.c'
' '
'Building target: SPI_loopback_test.elf'
'Invoking: MicroBlaze gcc linker'
mb-gcc -Wl,-T -Wl,../src/lscript.ld -L../../SPI_loopback_test_bsp/microblaze_0/lib -mlittle-endian -mcpu=v10.0 -mxl-soft-mul -Wl,--no-relax -o "SPI_loopback_test.elf"  ./src/testperiph.o ./src/xemaclite_example_util.o ./src/xemaclite_intr_example.o ./src/xemaclite_polled_example.o ./src/xintc_tapp_example.o ./src/xspi_intr_example.o ./src/xspi_selftest_example.o ./src/xtmrctr_intr_example.o ./src/xtmrctr_selftest_example.o   -Wl,--start-group,-lxil,-lgcc,-lc,--end-group
'Finished building target: SPI_loopback_test.elf'
' '
'Invoking: MicroBlaze Print Size'
mb-size SPI_loopback_test.elf  |tee "SPI_loopback_test.elf.size"
   text	   data	    bss	    dec	    hex	filename
  34068	    440	   6580	  41088	   a080	SPI_loopback_test.elf
'Finished building: SPI_loopback_test.elf.size'
' '
12:26:44 **** Auto Build of configuration Debug for project SPI_loopback_test ****
make all 
'Building file: ../src/testperiph.c'
'Invoking: MicroBlaze gcc compiler'
mb-gcc -Wall -O0 -g3 -c -fmessage-length=0 -MT"src/testperiph.o" -I../../SPI_loopback_test_bsp/microblaze_0/include -mlittle-endian -mcpu=v10.0 -mxl-soft-mul -Wl,--no-relax -MMD -MP -MF"src/testperiph.d" -MT"src/testperiph.o" -o "src/testperiph.o" "../src/testperiph.c"
../src/testperiph.c:101:1: warning: multi-line comment [-Wcomment]
 //      Status = EmacLiteIntrExample(&intc, &axi_ethernetlite_0_EmacLite, \
 ^
../src/testperiph.c:134:1: warning: multi-line comment [-Wcomment]
 //       Status = SpiIntrExample(&intc, &axi_quad_spi_0_Spi, \
 ^
../src/testperiph.c:166:1: warning: multi-line comment [-Wcomment]
 //      Status = TmrCtrIntrExample(&intc, &axi_timer_0_Timer, \
 ^
../src/testperiph.c: In function 'XSpi_LowLevelExample':
../src/testperiph.c:349:5: warning: unused variable 'rxData' [-Wunused-variable]
  u8 rxData = 0;
     ^
../src/testperiph.c:348:5: warning: unused variable 'txData' [-Wunused-variable]
  u8 txData = 100;
     ^
'Finished building: ../src/testperiph.c'
' '
'Building target: SPI_loopback_test.elf'
'Invoking: MicroBlaze gcc linker'
mb-gcc -Wl,-T -Wl,../src/lscript.ld -L../../SPI_loopback_test_bsp/microblaze_0/lib -mlittle-endian -mcpu=v10.0 -mxl-soft-mul -Wl,--no-relax -o "SPI_loopback_test.elf"  ./src/testperiph.o ./src/xemaclite_example_util.o ./src/xemaclite_intr_example.o ./src/xemaclite_polled_example.o ./src/xintc_tapp_example.o ./src/xspi_intr_example.o ./src/xspi_selftest_example.o ./src/xtmrctr_intr_example.o ./src/xtmrctr_selftest_example.o   -Wl,--start-group,-lxil,-lgcc,-lc,--end-group
'Finished building target: SPI_loopback_test.elf'
' '
'Invoking: MicroBlaze Print Size'
mb-size SPI_loopback_test.elf  |tee "SPI_loopback_test.elf.size"
   text	   data	    bss	    dec	    hex	filename
  34012	    440	   6580	  41032	   a048	SPI_loopback_test.elf
'Finished building: SPI_loopback_test.elf.size'
' '
12:27:49 **** Auto Build of configuration Debug for project SPI_loopback_test ****
make all 
'Building file: ../src/testperiph.c'
'Invoking: MicroBlaze gcc compiler'
mb-gcc -Wall -O0 -g3 -c -fmessage-length=0 -MT"src/testperiph.o" -I../../SPI_loopback_test_bsp/microblaze_0/include -mlittle-endian -mcpu=v10.0 -mxl-soft-mul -Wl,--no-relax -MMD -MP -MF"src/testperiph.d" -MT"src/testperiph.o" -o "src/testperiph.o" "../src/testperiph.c"
../src/testperiph.c:101:1: warning: multi-line comment [-Wcomment]
 //      Status = EmacLiteIntrExample(&intc, &axi_ethernetlite_0_EmacLite, \
 ^
../src/testperiph.c:134:1: warning: multi-line comment [-Wcomment]
 //       Status = SpiIntrExample(&intc, &axi_quad_spi_0_Spi, \
 ^
../src/testperiph.c:166:1: warning: multi-line comment [-Wcomment]
 //      Status = TmrCtrIntrExample(&intc, &axi_timer_0_Timer, \
 ^
../src/testperiph.c: In function 'XSpi_LowLevelExample':
../src/testperiph.c:349:5: warning: unused variable 'rxData' [-Wunused-variable]
  u8 rxData = 0;
     ^
../src/testperiph.c:347:6: warning: unused variable 'Count' [-Wunused-variable]
  u32 Count;
      ^
'Finished building: ../src/testperiph.c'
' '
'Building target: SPI_loopback_test.elf'
'Invoking: MicroBlaze gcc linker'
mb-gcc -Wl,-T -Wl,../src/lscript.ld -L../../SPI_loopback_test_bsp/microblaze_0/lib -mlittle-endian -mcpu=v10.0 -mxl-soft-mul -Wl,--no-relax -o "SPI_loopback_test.elf"  ./src/testperiph.o ./src/xemaclite_example_util.o ./src/xemaclite_intr_example.o ./src/xemaclite_polled_example.o ./src/xintc_tapp_example.o ./src/xspi_intr_example.o ./src/xspi_selftest_example.o ./src/xtmrctr_intr_example.o ./src/xtmrctr_selftest_example.o   -Wl,--start-group,-lxil,-lgcc,-lc,--end-group
'Finished building target: SPI_loopback_test.elf'
' '
'Invoking: MicroBlaze Print Size'
mb-size SPI_loopback_test.elf  |tee "SPI_loopback_test.elf.size"
   text	   data	    bss	    dec	    hex	filename
  34004	    440	   6580	  41024	   a040	SPI_loopback_test.elf
'Finished building: SPI_loopback_test.elf.size'
' '
12:29:17 **** Auto Build of configuration Debug for project SPI_loopback_test ****
make all 
'Building file: ../src/testperiph.c'
'Invoking: MicroBlaze gcc compiler'
mb-gcc -Wall -O0 -g3 -c -fmessage-length=0 -MT"src/testperiph.o" -I../../SPI_loopback_test_bsp/microblaze_0/include -mlittle-endian -mcpu=v10.0 -mxl-soft-mul -Wl,--no-relax -MMD -MP -MF"src/testperiph.d" -MT"src/testperiph.o" -o "src/testperiph.o" "../src/testperiph.c"
../src/testperiph.c:101:1: warning: multi-line comment [-Wcomment]
 //      Status = EmacLiteIntrExample(&intc, &axi_ethernetlite_0_EmacLite, \
 ^
../src/testperiph.c:134:1: warning: multi-line comment [-Wcomment]
 //       Status = SpiIntrExample(&intc, &axi_quad_spi_0_Spi, \
 ^
../src/testperiph.c:166:1: warning: multi-line comment [-Wcomment]
 //      Status = TmrCtrIntrExample(&intc, &axi_timer_0_Timer, \
 ^
../src/testperiph.c: In function 'XSpi_LowLevelExample':
../src/testperiph.c:349:5: warning: unused variable 'rxData' [-Wunused-variable]
  u8 rxData = 0;
     ^
../src/testperiph.c:347:6: warning: unused variable 'Count' [-Wunused-variable]
  u32 Count;
      ^
'Finished building: ../src/testperiph.c'
' '
'Building target: SPI_loopback_test.elf'
'Invoking: MicroBlaze gcc linker'
[...]
../src/testperiph.c:372:47: note: each undeclared identifier is reported only once for each function it appears in
  XSpi_WriteReg((SPI_BASEADDR), XSP_DTR_OFFSET,txData);
                                               ^
../../SPI_loopback_test_bsp/microblaze_0/include/xspi_l.h:121:43: note: in definition of macro 'XSpi_WriteReg'
  XSpi_Out32((BaseAddress) + (RegOffset), (RegisterValue))
                                           ^
make: *** [src/testperiph.o] Error 1
12:40:51 **** Auto Build of configuration Debug for project SPI_loopback_test ****
make all 
'Building file: ../src/testperiph.c'
'Invoking: MicroBlaze gcc compiler'
mb-gcc -Wall -O0 -g3 -c -fmessage-length=0 -MT"src/testperiph.o" -I../../SPI_loopback_test_bsp/microblaze_0/include -mlittle-endian -mcpu=v10.0 -mxl-soft-mul -Wl,--no-relax -MMD -MP -MF"src/testperiph.d" -MT"src/testperiph.o" -o "src/testperiph.o" "../src/testperiph.c"
../src/testperiph.c:101:1: warning: multi-line comment [-Wcomment]
 //      Status = EmacLiteIntrExample(&intc, &axi_ethernetlite_0_EmacLite, \
 ^
../src/testperiph.c:134:1: warning: multi-line comment [-Wcomment]
 //       Status = SpiIntrExample(&intc, &axi_quad_spi_0_Spi, \
 ^
../src/testperiph.c:166:1: warning: multi-line comment [-Wcomment]
 //      Status = TmrCtrIntrExample(&intc, &axi_timer_0_Timer, \
 ^
'Finished building: ../src/testperiph.c'
' '
'Building target: SPI_loopback_test.elf'
'Invoking: MicroBlaze gcc linker'
mb-gcc -Wl,-T -Wl,../src/lscript.ld -L../../SPI_loopback_test_bsp/microblaze_0/lib -mlittle-endian -mcpu=v10.0 -mxl-soft-mul -Wl,--no-relax -o "SPI_loopback_test.elf"  ./src/testperiph.o ./src/xemaclite_example_util.o ./src/xemaclite_intr_example.o ./src/xemaclite_polled_example.o ./src/xintc_tapp_example.o ./src/xspi_intr_example.o ./src/xspi_selftest_example.o ./src/xtmrctr_intr_example.o ./src/xtmrctr_selftest_example.o   -Wl,--start-group,-lxil,-lgcc,-lc,--end-group
'Finished building target: SPI_loopback_test.elf'
' '
'Invoking: MicroBlaze Print Size'
mb-size SPI_loopback_test.elf  |tee "SPI_loopback_test.elf.size"
   text	   data	    bss	    dec	    hex	filename
  33908	    440	   6548	  40896	   9fc0	SPI_loopback_test.elf
'Finished building: SPI_loopback_test.elf.size'
' '
12:41:18 **** Auto Build of configuration Debug for project SPI_loopback_test ****
make all 
'Building file: ../src/testperiph.c'
'Invoking: MicroBlaze gcc compiler'
mb-gcc -Wall -O0 -g3 -c -fmessage-length=0 -MT"src/testperiph.o" -I../../SPI_loopback_test_bsp/microblaze_0/include -mlittle-endian -mcpu=v10.0 -mxl-soft-mul -Wl,--no-relax -MMD -MP -MF"src/testperiph.d" -MT"src/testperiph.o" -o "src/testperiph.o" "../src/testperiph.c"
../src/testperiph.c:101:1: warning: multi-line comment [-Wcomment]
 //      Status = EmacLiteIntrExample(&intc, &axi_ethernetlite_0_EmacLite, \
 ^
../src/testperiph.c:134:1: warning: multi-line comment [-Wcomment]
 //       Status = SpiIntrExample(&intc, &axi_quad_spi_0_Spi, \
 ^
../src/testperiph.c:166:1: warning: multi-line comment [-Wcomment]
 //      Status = TmrCtrIntrExample(&intc, &axi_timer_0_Timer, \
 ^
In file included from ../../SPI_loopback_test_bsp/microblaze_0/include/xspi.h:307:0,
                 from ../src/testperiph.c:261:
../src/testperiph.c: In function 'spiRx':
../src/testperiph.c:377:24: error: 'BaseAddress' undeclared (first use in this function)
  while (!(XSpi_ReadReg(BaseAddress, XSP_SR_OFFSET) & XSP_SR_RX_FULL_MASK));
                        ^
../../SPI_loopback_test_bsp/microblaze_0/include/xspi_l.h:102:13: note: in definition of macro 'XSpi_ReadReg'
  XSpi_In32((BaseAddress) + (RegOffset))
             ^
../src/testperiph.c:377:24: note: each undeclared identifier is reported only once for each function it appears in
  while (!(XSpi_ReadReg(BaseAddress, XSP_SR_OFFSET) & XSP_SR_RX_FULL_MASK));
                        ^
../../SPI_loopback_test_bsp/microblaze_0/include/xspi_l.h:102:13: note: in definition of macro 'XSpi_ReadReg'
  XSpi_In32((BaseAddress) + (RegOffset))
             ^
../src/testperiph.c:378:3: error: 'rxData' undeclared (first use in this function)
   rxData = XSpi_ReadReg((BaseAddress),XSP_DRR_OFFSET);
   ^
../src/testperiph.c:381:1: warning: control reaches end of non-void function [-Wreturn-type]
 }
 ^
make: *** [src/testperiph.o] Error 1
12:41:24 **** Auto Build of configuration Debug for project SPI_loopback_test ****
make all 
'Building file: ../src/testperiph.c'
'Invoking: MicroBlaze gcc compiler'
mb-gcc -Wall -O0 -g3 -c -fmessage-length=0 -MT"src/testperiph.o" -I../../SPI_loopback_test_bsp/microblaze_0/include -mlittle-endian -mcpu=v10.0 -mxl-soft-mul -Wl,--no-relax -MMD -MP -MF"src/testperiph.d" -MT"src/testperiph.o" -o "src/testperiph.o" "../src/testperiph.c"
../src/testperiph.c:101:1: warning: multi-line comment [-Wcomment]
 //      Status = EmacLiteIntrExample(&intc, &axi_ethernetlite_0_EmacLite, \
 ^
../src/testperiph.c:134:1: warning: multi-line comment [-Wcomment]
 //       Status = SpiIntrExample(&intc, &axi_quad_spi_0_Spi, \
 ^
../src/testperiph.c:166:1: warning: multi-line comment [-Wcomment]
 //      Status = TmrCtrIntrExample(&intc, &axi_timer_0_Timer, \
 ^
../src/testperiph.c: In function 'spiRx':
../src/testperiph.c:378:3: error: 'rxData' undeclared (first use in this function)
   rxData = XSpi_ReadReg((BaseAddress),XSP_DRR_OFFSET);
   ^
../src/testperiph.c:378:3: note: each undeclared identifier is reported only once for each function it appears in
In file included from ../../SPI_loopback_test_bsp/microblaze_0/include/xspi.h:307:0,
                 from ../src/testperiph.c:261:
../src/testperiph.c:378:26: error: 'BaseAddress' undeclared (first use in this function)
   rxData = XSpi_ReadReg((BaseAddress),XSP_DRR_OFFSET);
                          ^
../../SPI_loopback_test_bsp/microblaze_0/include/xspi_l.h:102:13: note: in definition of macro 'XSpi_ReadReg'
  XSpi_In32((BaseAddress) + (RegOffset))
             ^
../src/testperiph.c:381:1: warning: control reaches end of non-void function [-Wreturn-type]
 }
 ^
make: *** [src/testperiph.o] Error 1
12:41:46 **** Auto Build of configuration Debug for project SPI_loopback_test ****
make all 
'Building file: ../src/testperiph.c'
'Invoking: MicroBlaze gcc compiler'
mb-gcc -Wall -O0 -g3 -c -fmessage-length=0 -MT"src/testperiph.o" -I../../SPI_loopback_test_bsp/microblaze_0/include -mlittle-endian -mcpu=v10.0 -mxl-soft-mul -Wl,--no-relax -MMD -MP -MF"src/testperiph.d" -MT"src/testperiph.o" -o "src/testperiph.o" "../src/testperiph.c"
../src/testperiph.c:101:1: warning: multi-line comment [-Wcomment]
 //      Status = EmacLiteIntrExample(&intc, &axi_ethernetlite_0_EmacLite, \
 ^
../src/testperiph.c:134:1: warning: multi-line comment [-Wcomment]
 //       Status = SpiIntrExample(&intc, &axi_quad_spi_0_Spi, \
 ^
../src/testperiph.c:166:1: warning: multi-line comment [-Wcomment]
 //      Status = TmrCtrIntrExample(&intc, &axi_timer_0_Timer, \
 ^
../src/testperiph.c: In function 'spiRx':
../src/testperiph.c:379:3: error: 'rxData' undeclared (first use in this function)
   rxData = XSpi_ReadReg((BaseAddress),XSP_DRR_OFFSET);
   ^
../src/testperiph.c:379:3: note: each undeclared identifier is reported only once for each function it appears in
In file included from ../../SPI_loopback_test_bsp/microblaze_0/include/xspi.h:307:0,
                 from ../src/testperiph.c:261:
../src/testperiph.c:379:26: error: 'BaseAddress' undeclared (first use in this function)
   rxData = XSpi_ReadReg((BaseAddress),XSP_DRR_OFFSET);
                          ^
../../SPI_loopback_test_bsp/microblaze_0/include/xspi_l.h:102:13: note: in definition of macro 'XSpi_ReadReg'
  XSpi_In32((BaseAddress) + (RegOffset))
             ^
../src/testperiph.c:377:5: warning: unused variable 'byte' [-Wunused-variable]
  u8 byte = 0;
     ^
../src/testperiph.c:382:1: warning: control reaches end of non-void function [-Wreturn-type]
 }
 ^
make: *** [src/testperiph.o] Error 1
12:41:49 **** Auto Build of configuration Debug for project SPI_loopback_test ****
make all 
'Building file: ../src/testperiph.c'
'Invoking: MicroBlaze gcc compiler'
mb-gcc -Wall -O0 -g3 -c -fmessage-length=0 -MT"src/testperiph.o" -I../../SPI_loopback_test_bsp/microblaze_0/include -mlittle-endian -mcpu=v10.0 -mxl-soft-mul -Wl,--no-relax -MMD -MP -MF"src/testperiph.d" -MT"src/testperiph.o" -o "src/testperiph.o" "../src/testperiph.c"
../src/testperiph.c:101:1: warning: multi-line comment [-Wcomment]
 //      Status = EmacLiteIntrExample(&intc, &axi_ethernetlite_0_EmacLite, \
 ^
../src/testperiph.c:134:1: warning: multi-line comment [-Wcomment]
 //       Status = SpiIntrExample(&intc, &axi_quad_spi_0_Spi, \
 ^
../src/testperiph.c:166:1: warning: multi-line comment [-Wcomment]
 //      Status = TmrCtrIntrExample(&intc, &axi_timer_0_Timer, \
 ^
In file included from ../../SPI_loopback_test_bsp/microblaze_0/include/xspi.h:307:0,
                 from ../src/testperiph.c:261:
../src/testperiph.c: In function 'spiRx':
../src/testperiph.c:379:24: error: 'BaseAddress' undeclared (first use in this function)
   byte = XSpi_ReadReg((BaseAddress),XSP_DRR_OFFSET);
                        ^
../../SPI_loopback_test_bsp/microblaze_0/include/xspi_l.h:102:13: note: in definition of macro 'XSpi_ReadReg'
  XSpi_In32((BaseAddress) + (RegOffset))
             ^
../src/testperiph.c:379:24: note: each undeclared identifier is reported only once for each function it appears in
   byte = XSpi_ReadReg((BaseAddress),XSP_DRR_OFFSET);
                        ^
../../SPI_loopback_test_bsp/microblaze_0/include/xspi_l.h:102:13: note: in definition of macro 'XSpi_ReadReg'
  XSpi_In32((BaseAddress) + (RegOffset))
             ^
../src/testperiph.c:380:32: error: 'rxData' undeclared (first use in this function)
   xil_printf("rxData = %d\r\n",rxData);
                                ^
../src/testperiph.c:377:5: warning: variable 'byte' set but not used [-Wunused-but-set-variable]
  u8 byte = 0;
     ^
../src/testperiph.c:382:1: warning: control reaches end of non-void function [-Wreturn-type]
 }
 ^
make: *** [src/testperiph.o] Error 1
12:42:04 **** Auto Build of configuration Debug for project SPI_loopback_test ****
make all 
'Building file: ../src/testperiph.c'
'Invoking: MicroBlaze gcc compiler'
mb-gcc -Wall -O0 -g3 -c -fmessage-length=0 -MT"src/testperiph.o" -I../../SPI_loopback_test_bsp/microblaze_0/include -mlittle-endian -mcpu=v10.0 -mxl-soft-mul -Wl,--no-relax -MMD -MP -MF"src/testperiph.d" -MT"src/testperiph.o" -o "src/testperiph.o" "../src/testperiph.c"
../src/testperiph.c:101:1: warning: multi-line comment [-Wcomment]
 //      Status = EmacLiteIntrExample(&intc, &axi_ethernetlite_0_EmacLite, \
 ^
../src/testperiph.c:134:1: warning: multi-line comment [-Wcomment]
 //       Status = SpiIntrExample(&intc, &axi_quad_spi_0_Spi, \
 ^
../src/testperiph.c:166:1: warning: multi-line comment [-Wcomment]
 //      Status = TmrCtrIntrExample(&intc, &axi_timer_0_Timer, \
 ^
'Finished building: ../src/testperiph.c'
' '
'Building target: SPI_loopback_test.elf'
'Invoking: MicroBlaze gcc linker'
mb-gcc -Wl,-T -Wl,../src/lscript.ld -L../../SPI_loopback_test_bsp/microblaze_0/lib -mlittle-endian -mcpu=v10.0 -mxl-soft-mul -Wl,--no-relax -o "SPI_loopback_test.elf"  ./src/testperiph.o ./src/xemaclite_example_util.o ./src/xemaclite_intr_example.o ./src/xemaclite_polled_example.o ./src/xintc_tapp_example.o ./src/xspi_intr_example.o ./src/xspi_selftest_example.o ./src/xtmrctr_intr_example.o ./src/xtmrctr_selftest_example.o   -Wl,--start-group,-lxil,-lgcc,-lc,--end-group
'Finished building target: SPI_loopback_test.elf'
' '
'Invoking: MicroBlaze Print Size'
mb-size SPI_loopback_test.elf  |tee "SPI_loopback_test.elf.size"
   text	   data	    bss	    dec	    hex	filename
  33904	    440	   6544	  40888	   9fb8	SPI_loopback_test.elf
'Finished building: SPI_loopback_test.elf.size'
' '
12:42:15 **** Auto Build of configuration Debug for project SPI_loopback_test ****
make all 
'Building file: ../src/testperiph.c'
'Invoking: MicroBlaze gcc compiler'
mb-gcc -Wall -O0 -g3 -c -fmessage-length=0 -MT"src/testperiph.o" -I../../SPI_loopback_test_bsp/microblaze_0/include -mlittle-endian -mcpu=v10.0 -mxl-soft-mul -Wl,--no-relax -MMD -MP -MF"src/testperiph.d" -MT"src/testperiph.o" -o "src/testperiph.o" "../src/testperiph.c"
../src/testperiph.c:101:1: warning: multi-line comment [-Wcomment]
 //      Status = EmacLiteIntrExample(&intc, &axi_ethernetlite_0_EmacLite, \
 ^
../src/testperiph.c:134:1: warning: multi-line comment [-Wcomment]
 //       Status = SpiIntrExample(&intc, &axi_quad_spi_0_Spi, \
 ^
../src/testperiph.c:166:1: warning: multi-line comment [-Wcomment]
 //      Status = TmrCtrIntrExample(&intc, &axi_timer_0_Timer, \
 ^
../src/testperiph.c: In function 'XSpi_LowLevelExample':
../src/testperiph.c:350:2: error: too few arguments to function 'spiTx'
  spiTx();
  ^
../src/testperiph.c:283:6: note: declared here
 void spiTx(u8 byte);
      ^
make: *** [src/testperiph.o] Error 1
12:42:19 **** Auto Build of configuration Debug for project SPI_loopback_test ****
make all 
'Building file: ../src/testperiph.c'
'Invoking: MicroBlaze gcc compiler'
mb-gcc -Wall -O0 -g3 -c -fmessage-length=0 -MT"src/testperiph.o" -I../../SPI_loopback_test_bsp/microblaze_0/include -mlittle-endian -mcpu=v10.0 -mxl-soft-mul -Wl,--no-relax -MMD -MP -MF"src/testperiph.d" -MT"src/testperiph.o" -o "src/testperiph.o" "../src/testperiph.c"
../src/testperiph.c:101:1: warning: multi-line comment [-Wcomment]
 //      Status = EmacLiteIntrExample(&intc, &axi_ethernetlite_0_EmacLite, \
 ^
../src/testperiph.c:134:1: warning: multi-line comment [-Wcomment]
 //       Status = SpiIntrExample(&intc, &axi_quad_spi_0_Spi, \
 ^
../src/testperiph.c:166:1: warning: multi-line comment [-Wcomment]
 //      Status = TmrCtrIntrExample(&intc, &axi_timer_0_Timer, \
 ^
'Finished building: ../src/testperiph.c'
' '
'Building target: SPI_loopback_test.elf'
'Invoking: MicroBlaze gcc linker'
mb-gcc -Wl,-T -Wl,../src/lscript.ld -L../../SPI_loopback_test_bsp/microblaze_0/lib -mlittle-endian -mcpu=v10.0 -mxl-soft-mul -Wl,--no-relax -o "SPI_loopback_test.elf"  ./src/testperiph.o ./src/xemaclite_example_util.o ./src/xemaclite_intr_example.o ./src/xemaclite_polled_example.o ./src/xintc_tapp_example.o ./src/xspi_intr_example.o ./src/xspi_selftest_example.o ./src/xtmrctr_intr_example.o ./src/xtmrctr_selftest_example.o   -Wl,--start-group,-lxil,-lgcc,-lc,--end-group
'Finished building target: SPI_loopback_test.elf'
' '
'Invoking: MicroBlaze Print Size'
mb-size SPI_loopback_test.elf  |tee "SPI_loopback_test.elf.size"
   text	   data	    bss	    dec	    hex	filename
  33920	    440	   6544	  40904	   9fc8	SPI_loopback_test.elf
'Finished building: SPI_loopback_test.elf.size'
' '
12:42:39 **** Auto Build of configuration Debug for project SPI_loopback_test ****
make all 
'Building file: ../src/testperiph.c'
'Invoking: MicroBlaze gcc compiler'
mb-gcc -Wall -O0 -g3 -c -fmessage-length=0 -MT"src/testperiph.o" -I../../SPI_loopback_test_bsp/microblaze_0/include -mlittle-endian -mcpu=v10.0 -mxl-soft-mul -Wl,--no-relax -MMD -MP -MF"src/testperiph.d" -MT"src/testperiph.o" -o "src/testperiph.o" "../src/testperiph.c"
../src/testperiph.c:101:1: warning: multi-line comment [-Wcomment]
 //      Status = EmacLiteIntrExample(&intc, &axi_ethernetlite_0_EmacLite, \
 ^
../src/testperiph.c:134:1: warning: multi-line comment [-Wcomment]
 //       Status = SpiIntrExample(&intc, &axi_quad_spi_0_Spi, \
 ^
../src/testperiph.c:166:1: warning: multi-line comment [-Wcomment]
 //      Status = TmrCtrIntrExample(&intc, &axi_timer_0_Timer, \
 ^
'Finished building: ../src/testperiph.c'
' '
'Building target: SPI_loopback_test.elf'
'Invoking: MicroBlaze gcc linker'
mb-gcc -Wl,-T -Wl,../src/lscript.ld -L../../SPI_loopback_test_bsp/microblaze_0/lib -mlittle-endian -mcpu=v10.0 -mxl-soft-mul -Wl,--no-relax -o "SPI_loopback_test.elf"  ./src/testperiph.o ./src/xemaclite_example_util.o ./src/xemaclite_intr_example.o ./src/xemaclite_polled_example.o ./src/xintc_tapp_example.o ./src/xspi_intr_example.o ./src/xspi_selftest_example.o ./src/xtmrctr_intr_example.o ./src/xtmrctr_selftest_example.o   -Wl,--start-group,-lxil,-lgcc,-lc,--end-group
'Finished building target: SPI_loopback_test.elf'
' '
'Invoking: MicroBlaze Print Size'
mb-size SPI_loopback_test.elf  |tee "SPI_loopback_test.elf.size"
   text	   data	    bss	    dec	    hex	filename
  33932	    440	   6548	  40920	   9fd8	SPI_loopback_test.elf
'Finished building: SPI_loopback_test.elf.size'
' '
12:42:45 **** Auto Build of configuration Debug for project SPI_loopback_test ****
make all 
'Building file: ../src/testperiph.c'
'Invoking: MicroBlaze gcc compiler'
mb-gcc -Wall -O0 -g3 -c -fmessage-length=0 -MT"src/testperiph.o" -I../../SPI_loopback_test_bsp/microblaze_0/include -mlittle-endian -mcpu=v10.0 -mxl-soft-mul -Wl,--no-relax -MMD -MP -MF"src/testperiph.d" -MT"src/testperiph.o" -o "src/testperiph.o" "../src/testperiph.c"
../src/testperiph.c:101:1: warning: multi-line comment [-Wcomment]
 //      Status = EmacLiteIntrExample(&intc, &axi_ethernetlite_0_EmacLite, \
 ^
../src/testperiph.c:134:1: warning: multi-line comment [-Wcomment]
 //       Status = SpiIntrExample(&intc, &axi_quad_spi_0_Spi, \
 ^
../src/testperiph.c:166:1: warning: multi-line comment [-Wcomment]
 //      Status = TmrCtrIntrExample(&intc, &axi_timer_0_Timer, \
 ^
'Finished building: ../src/testperiph.c'
' '
'Building target: SPI_loopback_test.elf'
'Invoking: MicroBlaze gcc linker'
mb-gcc -Wl,-T -Wl,../src/lscript.ld -L../../SPI_loopback_test_bsp/microblaze_0/lib -mlittle-endian -mcpu=v10.0 -mxl-soft-mul -Wl,--no-relax -o "SPI_loopback_test.elf"  ./src/testperiph.o ./src/xemaclite_example_util.o ./src/xemaclite_intr_example.o ./src/xemaclite_polled_example.o ./src/xintc_tapp_example.o ./src/xspi_intr_example.o ./src/xspi_selftest_example.o ./src/xtmrctr_intr_example.o ./src/xtmrctr_selftest_example.o   -Wl,--start-group,-lxil,-lgcc,-lc,--end-group
'Finished building target: SPI_loopback_test.elf'
' '
'Invoking: MicroBlaze Print Size'
mb-size SPI_loopback_test.elf  |tee "SPI_loopback_test.elf.size"
   text	   data	    bss	    dec	    hex	filename
  33976	    440	   6544	  40960	   a000	SPI_loopback_test.elf
'Finished building: SPI_loopback_test.elf.size'
' '
12:43:28 **** Incremental Build of configuration Debug for project SPI_loopback_test ****
make all 
make: Nothing to be done for `all'.
12:43:42 **** Incremental Build of configuration Debug for project SPI_loopback_test ****
make all 
make: Nothing to be done for `all'.
13:19:45 **** Auto Build of configuration Debug for project echo_server ****
make all 
make: Nothing to be done for `all'.
13:19:58 **** Auto Build of configuration Debug for project echo_server ****
make all 
'Building file: ../src/main.c'
'Invoking: MicroBlaze gcc compiler'
mb-gcc -Wall -O0 -g3 -c -fmessage-length=0 -MT"src/main.o" -I../../echo_server_bsp/microblaze_0/include -mlittle-endian -mcpu=v10.0 -mxl-soft-mul -Wl,--no-relax -MMD -MP -MF"src/main.d" -MT"src/main.o" -o "src/main.o" "../src/main.c"
'Finished building: ../src/main.c'
' '
'Building target: echo_server.elf'
'Invoking: MicroBlaze gcc linker'
mb-gcc -Wl,-T -Wl,../src/lscript.ld -L../../echo_server_bsp/microblaze_0/lib -mlittle-endian -mcpu=v10.0 -mxl-soft-mul -Wl,--no-relax -o "echo_server.elf"  ./src/echo.o ./src/i2c_access.o ./src/iic_phyreset.o ./src/main.o ./src/platform.o ./src/platform_mb.o ./src/platform_ppc.o ./src/platform_zynq.o ./src/platform_zynqmp.o ./src/sfp.o ./src/si5324.o   -Wl,--start-group,-lxil,-lgcc,-lc,--end-group -Wl,--start-group,-lxil,-llwip4,-lgcc,-lc,--end-group
'Finished building target: echo_server.elf'
' '
'Invoking: MicroBlaze Print Size'
mb-size echo_server.elf  |tee "echo_server.elf.size"
   text	   data	    bss	    dec	    hex	filename
 119222	   1456	 750672	 871350	  d4bb6	echo_server.elf
'Finished building: echo_server.elf.size'
' '
13:20:36 **** Incremental Build of configuration Debug for project echo_server ****
make all 
make: Nothing to be done for `all'.
