15:09:30 **** Build of project myWiFiScan_bsp ****
make -k all 
"Running Make include in microblaze_0/libsrc/bram_v4_1/src"
make -C microblaze_0/libsrc/bram_v4_1/src -s include  "SHELL=CMD" "COMPILER=mb-gcc" "ARCHIVER=mb-ar" "COMPILER_FLAGS= -O2 -c -mcpu=v10.0 -mlittle-endian -mxl-soft-mul" "EXTRA_COMPILER_FLAGS=-g"
"Running Make include in microblaze_0/libsrc/cpu_v2_5/src"
make -C microblaze_0/libsrc/cpu_v2_5/src -s include  "SHELL=CMD" "COMPILER=mb-gcc" "ARCHIVER=mb-ar" "COMPILER_FLAGS= -O2 -c -mcpu=v10.0 -mlittle-endian -mxl-soft-mul" "EXTRA_COMPILER_FLAGS=-g"
"Running Make include in microblaze_0/libsrc/gpio_v4_2/src"
make -C microblaze_0/libsrc/gpio_v4_2/src -s include  "SHELL=CMD" "COMPILER=mb-gcc" "ARCHIVER=mb-ar" "COMPILER_FLAGS= -O2 -c -mcpu=v10.0 -mlittle-endian -mxl-soft-mul" "EXTRA_COMPILER_FLAGS=-g"
"Running Make include in microblaze_0/libsrc/intc_v3_5/src"
make -C microblaze_0/libsrc/intc_v3_5/src -s include  "SHELL=CMD" "COMPILER=mb-gcc" "ARCHIVER=mb-ar" "COMPILER_FLAGS= -O2 -c -mcpu=v10.0 -mlittle-endian -mxl-soft-mul" "EXTRA_COMPILER_FLAGS=-g"
"Running Make include in microblaze_0/libsrc/PmodWIFI_v1_0/src"
make -C microblaze_0/libsrc/PmodWIFI_v1_0/src -s include  "SHELL=CMD" "COMPILER=mb-gcc" "ARCHIVER=mb-ar" "COMPILER_FLAGS= -O2 -c -mcpu=v10.0 -mlittle-endian -mxl-soft-mul" "EXTRA_COMPILER_FLAGS=-g"
"Running Make include in microblaze_0/libsrc/standalone_v6_0/src"
make -C microblaze_0/libsrc/standalone_v6_0/src -s include  "SHELL=CMD" "COMPILER=mb-gcc" "ARCHIVER=mb-ar" "COMPILER_FLAGS= -O2 -c -mcpu=v10.0 -mlittle-endian -mxl-soft-mul" "EXTRA_COMPILER_FLAGS=-g"
"Running Make include in microblaze_0/libsrc/uartlite_v3_2/src"
make -C microblaze_0/libsrc/uartlite_v3_2/src -s include  "SHELL=CMD" "COMPILER=mb-gcc" "ARCHIVER=mb-ar" "COMPILER_FLAGS= -O2 -c -mcpu=v10.0 -mlittle-endian -mxl-soft-mul" "EXTRA_COMPILER_FLAGS=-g"
"Running Make libs in microblaze_0/libsrc/bram_v4_1/src"
make -C microblaze_0/libsrc/bram_v4_1/src -s libs  "SHELL=CMD" "COMPILER=mb-gcc" "ARCHIVER=mb-ar" "COMPILER_FLAGS= -O2 -c -mcpu=v10.0 -mlittle-endian -mxl-soft-mul" "EXTRA_COMPILER_FLAGS=-g"
"Compiling bram"
mb-ar: creating ../../../lib/libxil.a
"Running Make libs in microblaze_0/libsrc/cpu_v2_5/src"
make -C microblaze_0/libsrc/cpu_v2_5/src -s libs  "SHELL=CMD" "COMPILER=mb-gcc" "ARCHIVER=mb-ar" "COMPILER_FLAGS= -O2 -c -mcpu=v10.0 -mlittle-endian -mxl-soft-mul" "EXTRA_COMPILER_FLAGS=-g"
"Compiling cpu"
"Running Make libs in microblaze_0/libsrc/gpio_v4_2/src"
make -C microblaze_0/libsrc/gpio_v4_2/src -s libs  "SHELL=CMD" "COMPILER=mb-gcc" "ARCHIVER=mb-ar" "COMPILER_FLAGS= -O2 -c -mcpu=v10.0 -mlittle-endian -mxl-soft-mul" "EXTRA_COMPILER_FLAGS=-g"
"Compiling gpio"
"Running Make libs in microblaze_0/libsrc/intc_v3_5/src"
make -C microblaze_0/libsrc/intc_v3_5/src -s libs  "SHELL=CMD" "COMPILER=mb-gcc" "ARCHIVER=mb-ar" "COMPILER_FLAGS= -O2 -c -mcpu=v10.0 -mlittle-endian -mxl-soft-mul" "EXTRA_COMPILER_FLAGS=-g"
"Compiling intc"
"Running Make libs in microblaze_0/libsrc/PmodWIFI_v1_0/src"
make -C microblaze_0/libsrc/PmodWIFI_v1_0/src -s libs  "SHELL=CMD" "COMPILER=mb-gcc" "ARCHIVER=mb-ar" "COMPILER_FLAGS= -O2 -c -mcpu=v10.0 -mlittle-endian -mxl-soft-mul" "EXTRA_COMPILER_FLAGS=-g"
"Compiling PmodWIFI..."
In file included from ./DEIPcK/utility/fpga/../../../MRF24G/utility/ud_inc/internal/wf_global_includes.h:44:0,
                 from ./DEIPcK/utility/fpga/System.h:64,
                 from ./DEIPcK/utility/System.h:54,
                 from ./DEIPcK/utility/deIP.h:59,
                 from ../../../include/DEIPcK.h:64,
                 from DEIPcK/DEIPcK.cpp:54:
./DEIPcK/utility/fpga/../../../MRF24G/utility/ud_inc/internal/../../wf_customize.h:50:0: warning: "INLINE" redefined
 #define INLINE
 ^
In file included from ./DEIPcK/utility/fpga/System.h:62:0,
                 from ./DEIPcK/utility/System.h:54,
                 from ./DEIPcK/utility/deIP.h:59,
                 from ../../../include/DEIPcK.h:64,
                 from DEIPcK/DEIPcK.cpp:54:
../../../include/xil_io.h:94:0: note: this is the location of the previous definition
 #define INLINE inline
 ^
In file included from DEIPcK/utility/fpga/../../../MRF24G/utility/ud_inc/internal/wf_global_includes.h:44:0,
                 from DEIPcK/utility/fpga/System.h:64,
                 from DEIPcK/utility/System.h:54,
                 from DEIPcK/utility/deIP.h:59,
                 from DEIPcK/DEIPcK.h:64,
                 from DEIPcK/TCPServer.cpp:51:
DEIPcK/utility/fpga/../../../MRF24G/utility/ud_inc/internal/../../wf_customize.h:50:0: warning: "INLINE" redefined
 #define INLINE
 ^
In file included from DEIPcK/utility/fpga/System.h:62:0,
                 from DEIPcK/utility/System.h:54,
                 from DEIPcK/utility/deIP.h:59,
                 from DEIPcK/DEIPcK.h:64,
                 from DEIPcK/TCPServer.cpp:51:
../../../include/xil_io.h:94:0: note: this is the location of the previous definition
 #define INLINE inline
 ^
In file included from DEIPcK/utility/fpga/../../../MRF24G/utility/ud_inc/internal/wf_global_includes.h:44:0,
                 from DEIPcK/utility/fpga/System.h:64,
                 from DEIPcK/utility/System.h:54,
                 from DEIPcK/utility/deIP.h:59,
                 from DEIPcK/DEIPcK.h:64,
                 from DEIPcK/TCPSocket.cpp:51:
DEIPcK/utility/fpga/../../../MRF24G/utility/ud_inc/internal/../../wf_customize.h:50:0: warning: "INLINE" redefined
 #define INLINE
 ^
In file included from DEIPcK/utility/fpga/System.h:62:0,
                 from DEIPcK/utility/System.h:54,
                 from DEIPcK/utility/deIP.h:59,
                 from DEIPcK/DEIPcK.h:64,
                 from DEIPcK/TCPSocket.cpp:51:
../../../include/xil_io.h:94:0: note: this is the location of the previous definition
 #define INLINE inline
 ^
In file included from DEIPcK/utility/fpga/../../../MRF24G/utility/ud_inc/internal/wf_global_includes.h:44:0,
                 from DEIPcK/utility/fpga/System.h:64,
                 from DEIPcK/utility/System.h:54,
                 from DEIPcK/utility/deIP.h:59,
                 from DEIPcK/DEIPcK.h:64,
                 from DEIPcK/UDPServer.cpp:51:
DEIPcK/utility/fpga/../../../MRF24G/utility/ud_inc/internal/../../wf_customize.h:50:0: warning: "INLINE" redefined
 #define INLINE
 ^
In file included from DEIPcK/utility/fpga/System.h:62:0,
                 from DEIPcK/utility/System.h:54,
                 from DEIPcK/utility/deIP.h:59,
                 from DEIPcK/DEIPcK.h:64,
                 from DEIPcK/UDPServer.cpp:51:
../../../include/xil_io.h:94:0: note: this is the location of the previous definition
 #define INLINE inline
 ^
In file included from DEIPcK/utility/fpga/../../../MRF24G/utility/ud_inc/internal/wf_global_includes.h:44:0,
                 from DEIPcK/utility/fpga/System.h:64,
                 from DEIPcK/utility/System.h:54,
                 from DEIPcK/utility/deIP.h:59,
                 from DEIPcK/DEIPcK.h:64,
                 from DEIPcK/UDPSocket.cpp:51:
DEIPcK/utility/fpga/../../../MRF24G/utility/ud_inc/internal/../../wf_customize.h:50:0: warning: "INLINE" redefined
 #define INLINE
 ^
In file included from DEIPcK/utility/fpga/System.h:62:0,
                 from DEIPcK/utility/System.h:54,
                 from DEIPcK/utility/deIP.h:59,
                 from DEIPcK/DEIPcK.h:64,
                 from DEIPcK/UDPSocket.cpp:51:
../../../include/xil_io.h:94:0: note: this is the location of the previous definition
 #define INLINE inline
 ^
In file included from DEIPcK/utility/fpga/../../../MRF24G/utility/ud_inc/internal/wf_global_includes.h:44:0,
                 from DEIPcK/utility/fpga/System.h:64,
                 from DEIPcK/utility/System.h:54,
                 from DEIPcK/utility/deIP.h:59,
                 from DEIPcK/utility/DHCP.c:52:
DEIPcK/utility/fpga/../../../MRF24G/utility/ud_inc/internal/../../wf_customize.h:50:0: warning: "INLINE" redefined
 #define INLINE
 ^
In file included from DEIPcK/utility/fpga/System.h:62:0,
                 from DEIPcK/utility/System.h:54,
                 from DEIPcK/utility/deIP.h:59,
                 from DEIPcK/utility/DHCP.c:52:
../../../include/xil_io.h:94:0: note: this is the location of the previous definition
 #define INLINE inline
 ^
In file included from DEIPcK/utility/fpga/../../../MRF24G/utility/ud_inc/internal/wf_global_includes.h:44:0,
                 from DEIPcK/utility/fpga/System.h:64,
                 from DEIPcK/utility/System.h:54,
                 from DEIPcK/utility/deIP.h:59,
                 from DEIPcK/utility/DNS.c:53:
DEIPcK/utility/fpga/../../../MRF24G/utility/ud_inc/internal/../../wf_customize.h:50:0: warning: "INLINE" redefined
 #define INLINE
 ^
In file included from DEIPcK/utility/fpga/System.h:62:0,
                 from DEIPcK/utility/System.h:54,
                 from DEIPcK/utility/deIP.h:59,
                 from DEIPcK/utility/DNS.c:53:
../../../include/xil_io.h:94:0: note: this is the location of the previous definition
 #define INLINE inline
 ^
In file included from DEIPcK/utility/fpga/../../../MRF24G/utility/ud_inc/internal/wf_global_includes.h:44:0,
                 from DEIPcK/utility/fpga/System.h:64,
                 from DEIPcK/utility/System.h:54,
                 from DEIPcK/utility/deIP.h:59,
                 from DEIPcK/utility/HeapMgr.c:51:
DEIPcK/utility/fpga/../../../MRF24G/utility/ud_inc/internal/../../wf_customize.h:50:0: warning: "INLINE" redefined
 #define INLINE
 ^
In file included from DEIPcK/utility/fpga/System.h:62:0,
                 from DEIPcK/utility/System.h:54,
                 from DEIPcK/utility/deIP.h:59,
                 from DEIPcK/utility/HeapMgr.c:51:
../../../include/xil_io.h:94:0: note: this is the location of the previous definition
 #define INLINE inline
 ^
In file included from DEIPcK/utility/fpga/../../../MRF24G/utility/ud_inc/internal/wf_global_includes.h:44:0,
                 from DEIPcK/utility/fpga/System.h:64,
                 from DEIPcK/utility/System.h:54,
                 from DEIPcK/utility/deIP.h:59,
                 from DEIPcK/utility/ICMP.c:57:
DEIPcK/utility/fpga/../../../MRF24G/utility/ud_inc/internal/../../wf_customize.h:50:0: warning: "INLINE" redefined
 #define INLINE
 ^
In file included from DEIPcK/utility/fpga/System.h:62:0,
                 from DEIPcK/utility/System.h:54,
                 from DEIPcK/utility/deIP.h:59,
                 from DEIPcK/utility/ICMP.c:57:
../../../include/xil_io.h:94:0: note: this is the location of the previous definition
 #define INLINE inline
 ^
In file included from DEIPcK/utility/fpga/../../../MRF24G/utility/ud_inc/internal/wf_global_includes.h:44:0,
                 from DEIPcK/utility/fpga/System.h:64,
                 from DEIPcK/utility/System.h:54,
                 from DEIPcK/utility/deIP.h:59,
                 from DEIPcK/utility/InternetLayer.c:53:
DEIPcK/utility/fpga/../../../MRF24G/utility/ud_inc/internal/../../wf_customize.h:50:0: warning: "INLINE" redefined
 #define INLINE
 ^
In file included from DEIPcK/utility/fpga/System.h:62:0,
                 from DEIPcK/utility/System.h:54,
                 from DEIPcK/utility/deIP.h:59,
                 from DEIPcK/utility/InternetLayer.c:53:
../../../include/xil_io.h:94:0: note: this is the location of the previous definition
 #define INLINE inline
 ^
In file included from DEIPcK/utility/fpga/../../../MRF24G/utility/ud_inc/internal/wf_global_includes.h:44:0,
                 from DEIPcK/utility/fpga/System.h:64,
                 from DEIPcK/utility/System.h:54,
                 from DEIPcK/utility/deIP.h:59,
                 from DEIPcK/utility/IPStack.c:54:
DEIPcK/utility/fpga/../../../MRF24G/utility/ud_inc/internal/../../wf_customize.h:50:0: warning: "INLINE" redefined
 #define INLINE
 ^
In file included from DEIPcK/utility/fpga/System.h:62:0,
                 from DEIPcK/utility/System.h:54,
                 from DEIPcK/utility/deIP.h:59,
                 from DEIPcK/utility/IPStack.c:54:
../../../include/xil_io.h:94:0: note: this is the location of the previous definition
 #define INLINE inline
 ^
In file included from DEIPcK/utility/fpga/../../../MRF24G/utility/ud_inc/internal/wf_global_includes.h:44:0,
                 from DEIPcK/utility/fpga/System.h:64,
                 from DEIPcK/utility/System.h:54,
                 from DEIPcK/utility/deIP.h:59,
                 from DEIPcK/utility/LinkLayer.c:53:
DEIPcK/utility/fpga/../../../MRF24G/utility/ud_inc/internal/../../wf_customize.h:50:0: warning: "INLINE" redefined
 #define INLINE
 ^
In file included from DEIPcK/utility/fpga/System.h:62:0,
                 from DEIPcK/utility/System.h:54,
                 from DEIPcK/utility/deIP.h:59,
                 from DEIPcK/utility/LinkLayer.c:53:
../../../include/xil_io.h:94:0: note: this is the location of the previous definition
 #define INLINE inline
 ^
In file included from DEIPcK/utility/fpga/../../../MRF24G/utility/ud_inc/internal/wf_global_includes.h:44:0,
                 from DEIPcK/utility/fpga/System.h:64,
                 from DEIPcK/utility/System.h:54,
                 from DEIPcK/utility/deIP.h:59,
                 from DEIPcK/utility/SNTPv4.c:53:
DEIPcK/utility/fpga/../../../MRF24G/utility/ud_inc/internal/../../wf_customize.h:50:0: warning: "INLINE" redefined
 #define INLINE
 ^
In file included from DEIPcK/utility/fpga/System.h:62:0,
                 from DEIPcK/utility/System.h:54,
                 from DEIPcK/utility/deIP.h:59,
                 from DEIPcK/utility/SNTPv4.c:53:
../../../include/xil_io.h:94:0: note: this is the location of the previous definition
 #define INLINE inline
 ^
In file included from ./DEIPcK/utility/fpga/../../../MRF24G/utility/ud_inc/internal/wf_global_includes.h:44:0,
                 from ./DEIPcK/utility/fpga/System.h:64,
                 from ./DEIPcK/utility/System.h:54,
                 from ./DEIPcK/utility/deIP.h:59,
                 from DEIPcK/utility/fpga/System.c:53,
                 from DEIPcK/utility/System.c:54:
./DEIPcK/utility/fpga/../../../MRF24G/utility/ud_inc/internal/../../wf_customize.h:50:0: warning: "INLINE" redefined
 #define INLINE
 ^
In file included from ./DEIPcK/utility/fpga/System.h:62:0,
                 from ./DEIPcK/utility/System.h:54,
                 from ./DEIPcK/utility/deIP.h:59,
                 from DEIPcK/utility/fpga/System.c:53,
                 from DEIPcK/utility/System.c:54:
../../../include/xil_io.h:94:0: note: this is the location of the previous definition
 #define INLINE inline
 ^
In file included from DEIPcK/utility/fpga/../../../MRF24G/utility/ud_inc/internal/wf_global_includes.h:44:0,
                 from DEIPcK/utility/fpga/System.h:64,
                 from DEIPcK/utility/System.h:54,
                 from DEIPcK/utility/deIP.h:59,
                 from DEIPcK/utility/TCP.c:51:
DEIPcK/utility/fpga/../../../MRF24G/utility/ud_inc/internal/../../wf_customize.h:50:0: warning: "INLINE" redefined
 #define INLINE
 ^
In file included from DEIPcK/utility/fpga/System.h:62:0,
                 from DEIPcK/utility/System.h:54,
                 from DEIPcK/utility/deIP.h:59,
                 from DEIPcK/utility/TCP.c:51:
../../../include/xil_io.h:94:0: note: this is the location of the previous definition
 #define INLINE inline
 ^
In file included from DEIPcK/utility/fpga/../../../MRF24G/utility/ud_inc/internal/wf_global_includes.h:44:0,
                 from DEIPcK/utility/fpga/System.h:64,
                 from DEIPcK/utility/System.h:54,
                 from DEIPcK/utility/deIP.h:59,
                 from DEIPcK/utility/TCPRFC793.c:51:
DEIPcK/utility/fpga/../../../MRF24G/utility/ud_inc/internal/../../wf_customize.h:50:0: warning: "INLINE" redefined
 #define INLINE
 ^
In file included from DEIPcK/utility/fpga/System.h:62:0,
                 from DEIPcK/utility/System.h:54,
                 from DEIPcK/utility/deIP.h:59,
                 from DEIPcK/utility/TCPRFC793.c:51:
../../../include/xil_io.h:94:0: note: this is the location of the previous definition
 #define INLINE inline
 ^
In file included from DEIPcK/utility/fpga/../../../MRF24G/utility/ud_inc/internal/wf_global_includes.h:44:0,
                 from DEIPcK/utility/fpga/System.h:64,
                 from DEIPcK/utility/System.h:54,
                 from DEIPcK/utility/deIP.h:59,
                 from DEIPcK/utility/TCPStateMachine.c:51:
DEIPcK/utility/fpga/../../../MRF24G/utility/ud_inc/internal/../../wf_customize.h:50:0: warning: "INLINE" redefined
 #define INLINE
 ^
In file included from DEIPcK/utility/fpga/System.h:62:0,
                 from DEIPcK/utility/System.h:54,
                 from DEIPcK/utility/deIP.h:59,
                 from DEIPcK/utility/TCPStateMachine.c:51:
../../../include/xil_io.h:94:0: note: this is the location of the previous definition
 #define INLINE inline
 ^
In file included from DEIPcK/utility/fpga/../../../MRF24G/utility/ud_inc/internal/wf_global_includes.h:44:0,
                 from DEIPcK/utility/fpga/System.h:64,
                 from DEIPcK/utility/System.h:54,
                 from DEIPcK/utility/deIP.h:59,
                 from DEIPcK/utility/UDP.c:52:
DEIPcK/utility/fpga/../../../MRF24G/utility/ud_inc/internal/../../wf_customize.h:50:0: warning: "INLINE" redefined
 #define INLINE
 ^
In file included from DEIPcK/utility/fpga/System.h:62:0,
                 from DEIPcK/utility/System.h:54,
                 from DEIPcK/utility/deIP.h:59,
                 from DEIPcK/utility/UDP.c:52:
../../../include/xil_io.h:94:0: note: this is the location of the previous definition
 #define INLINE inline
 ^
In file included from ./DEIPcK/utility/fpga/../../../MRF24G/utility/ud_inc/internal/wf_global_includes.h:44:0,
                 from ./DEIPcK/utility/fpga/System.h:64,
                 from ./DEIPcK/utility/System.h:54,
                 from ./DEIPcK/utility/deIP.h:59,
                 from ../../../include/DEIPcK.h:64,
                 from DEWFck/DEWFcK.cpp:56:
./DEIPcK/utility/fpga/../../../MRF24G/utility/ud_inc/internal/../../wf_customize.h:50:0: warning: "INLINE" redefined
 #define INLINE
 ^
In file included from ./DEIPcK/utility/fpga/System.h:62:0,
                 from ./DEIPcK/utility/System.h:54,
                 from ./DEIPcK/utility/deIP.h:59,
                 from ../../../include/DEIPcK.h:64,
                 from DEWFck/DEWFcK.cpp:56:
../../../include/xil_io.h:94:0: note: this is the location of the previous definition
 #define INLINE inline
 ^
In file included from MRF24G/../DEIPcK/utility/fpga/../../../MRF24G/utility/ud_inc/internal/wf_global_includes.h:44:0,
                 from MRF24G/../DEIPcK/utility/fpga/System.h:64,
                 from MRF24G/../DEIPcK/utility/System.h:54,
                 from MRF24G/../DEIPcK/utility/deIP.h:59,
                 from MRF24G/MRF24GAdaptor.h:61,
                 from MRF24G/MRF24GAdaptor.c:52:
MRF24G/../DEIPcK/utility/fpga/../../../MRF24G/utility/ud_inc/internal/../../wf_customize.h:50:0: warning: "INLINE" redefined
 #define INLINE
 ^
In file included from MRF24G/../DEIPcK/utility/fpga/System.h:62:0,
                 from MRF24G/../DEIPcK/utility/System.h:54,
                 from MRF24G/../DEIPcK/utility/deIP.h:59,
                 from MRF24G/MRF24GAdaptor.h:61,
                 from MRF24G/MRF24GAdaptor.c:52:
../../../include/xil_io.h:94:0: note: this is the location of the previous definition
 #define INLINE inline
 ^
In file included from ../../../include/MRF24G/../DEIPcK/utility/fpga/../../../MRF24G/utility/ud_inc/internal/wf_global_includes.h:44:0,
                 from ../../../include/MRF24G/../DEIPcK/utility/fpga/System.h:64,
                 from ../../../include/MRF24G/../DEIPcK/utility/System.h:54,
                 from MRF24G/utility/fpga/DEMRF24G.cpp:54,
                 from MRF24G/DEMRF24G.cpp:55:
../../../include/MRF24G/../DEIPcK/utility/fpga/../../../MRF24G/utility/ud_inc/internal/../../wf_customize.h:50:0: warning: "INLINE" redefined
 #define INLINE
 ^
In file included from ../../../include/MRF24G/../DEIPcK/utility/fpga/System.h:62:0,
                 from ../../../include/MRF24G/../DEIPcK/utility/System.h:54,
                 from MRF24G/utility/fpga/DEMRF24G.cpp:54,
                 from MRF24G/DEMRF24G.cpp:55:
../../../include/xil_io.h:94:0: note: this is the location of the previous definition
 #define INLINE inline
 ^
In file included from MRF24G/utility/fpga/../../../DEIPcK/utility/fpga/../../../MRF24G/utility/ud_inc/internal/wf_global_includes.h:44:0,
                 from MRF24G/utility/fpga/../../../DEIPcK/utility/fpga/System.h:64,
                 from MRF24G/utility/fpga/../../../DEIPcK/utility/System.h:54,
                 from MRF24G/utility/fpga/wf_eint_stub.c:47,
                 from MRF24G/utility/wf_eint_stub.c:45:
MRF24G/utility/fpga/../../../DEIPcK/utility/fpga/../../../MRF24G/utility/ud_inc/internal/../../wf_customize.h:50:0: warning: "INLINE" redefined
 #define INLINE
 ^
In file included from ././xgpio_l.h:87:0,
                 from ././xgpio.h:125,
                 from MRF24G/utility/fpga/wf_eint_stub.c:46,
                 from MRF24G/utility/wf_eint_stub.c:45:
../../../include/xil_io.h:94:0: note: this is the location of the previous definition
 #define INLINE inline
 ^
In file included from MRF24G/utility/fpga/../../../DEIPcK/utility/fpga/../../../MRF24G/utility/ud_inc/internal/wf_global_includes.h:44:0,
                 from MRF24G/utility/fpga/../../../DEIPcK/utility/fpga/System.h:64,
                 from MRF24G/utility/fpga/../../../DEIPcK/utility/System.h:54,
                 from MRF24G/utility/fpga/../../../DEIPcK/utility/deIP.h:59,
                 from MRF24G/utility/fpga/../../MRF24GAdaptor.h:61,
                 from MRF24G/utility/fpga/wf_event_stub.c:33,
                 from MRF24G/utility/wf_event_stub.c:34:
MRF24G/utility/fpga/../../../DEIPcK/utility/fpga/../../../MRF24G/utility/ud_inc/internal/../../wf_customize.h:50:0: warning: "INLINE" redefined
 #define INLINE
 ^
In file included from MRF24G/utility/fpga/../../../DEIPcK/utility/fpga/System.h:62:0,
                 from MRF24G/utility/fpga/../../../DEIPcK/utility/System.h:54,
                 from MRF24G/utility/fpga/../../../DEIPcK/utility/deIP.h:59,
                 from MRF24G/utility/fpga/../../MRF24GAdaptor.h:61,
                 from MRF24G/utility/fpga/wf_event_stub.c:33,
                 from MRF24G/utility/wf_event_stub.c:34:
../../../include/xil_io.h:94:0: note: this is the location of the previous definition
 #define INLINE inline
 ^
In file included from MRF24G/utility/fpga/../../../DEIPcK/utility/fpga/../../../MRF24G/utility/ud_inc/internal/wf_global_includes.h:44:0,
                 from MRF24G/utility/fpga/../../../DEIPcK/utility/fpga/System.h:64,
                 from MRF24G/utility/fpga/../../../DEIPcK/utility/System.h:54,
                 from MRF24G/utility/fpga/wf_gpio_stub.c:45,
                 from MRF24G/utility/wf_gpio_stub.c:47:
MRF24G/utility/fpga/../../../DEIPcK/utility/fpga/../../../MRF24G/utility/ud_inc/internal/../../wf_customize.h:50:0: warning: "INLINE" redefined
 #define INLINE
 ^
In file included from MRF24G/utility/fpga/../../../DEIPcK/utility/fpga/System.h:62:0,
                 from MRF24G/utility/fpga/../../../DEIPcK/utility/System.h:54,
                 from MRF24G/utility/fpga/wf_gpio_stub.c:45,
                 from MRF24G/utility/wf_gpio_stub.c:47:
../../../include/xil_io.h:94:0: note: this is the location of the previous definition
 #define INLINE inline
 ^
In file included from MRF24G/utility/fpga/../../../DEIPcK/utility/fpga/../../../MRF24G/utility/ud_inc/internal/wf_global_includes.h:44:0,
                 from MRF24G/utility/fpga/../../../DEIPcK/utility/fpga/System.h:64,
                 from MRF24G/utility/fpga/../../../DEIPcK/utility/System.h:54,
                 from MRF24G/utility/fpga/wf_spi_stub.c:47,
                 from MRF24G/utility/wf_spi_stub.c:47:
MRF24G/utility/fpga/../../../DEIPcK/utility/fpga/../../../MRF24G/utility/ud_inc/internal/../../wf_customize.h:50:0: warning: "INLINE" redefined
 #define INLINE
 ^
In file included from MRF24G/utility/fpga/../../../DEIPcK/utility/fpga/System.h:62:0,
                 from MRF24G/utility/fpga/../../../DEIPcK/utility/System.h:54,
                 from MRF24G/utility/fpga/wf_spi_stub.c:47,
                 from MRF24G/utility/wf_spi_stub.c:47:
../../../include/xil_io.h:94:0: note: this is the location of the previous definition
 #define INLINE inline
 ^
In file included from MRF24G/utility/fpga/../../../DEIPcK/utility/fpga/../../../MRF24G/utility/ud_inc/internal/wf_global_includes.h:44:0,
                 from MRF24G/utility/fpga/../../../DEIPcK/utility/fpga/System.h:64,
                 from MRF24G/utility/fpga/../../../DEIPcK/utility/System.h:54,
                 from MRF24G/utility/fpga/wf_timer_stub.c:46,
                 from MRF24G/utility/wf_timer_stub.c:46:
MRF24G/utility/fpga/../../../DEIPcK/utility/fpga/../../../MRF24G/utility/ud_inc/internal/../../wf_customize.h:50:0: warning: "INLINE" redefined
 #define INLINE
 ^
In file included from MRF24G/utility/fpga/../../../DEIPcK/utility/fpga/System.h:62:0,
                 from MRF24G/utility/fpga/../../../DEIPcK/utility/System.h:54,
                 from MRF24G/utility/fpga/wf_timer_stub.c:46,
                 from MRF24G/utility/wf_timer_stub.c:46:
../../../include/xil_io.h:94:0: note: this is the location of the previous definition
 #define INLINE inline
 ^
In file included from MRF24G/utility/fpga/../../../DEIPcK/utility/fpga/../../../MRF24G/utility/ud_inc/internal/wf_global_includes.h:44:0,
                 from MRF24G/utility/fpga/../../../DEIPcK/utility/fpga/System.h:64,
                 from MRF24G/utility/fpga/../../../DEIPcK/utility/System.h:54,
                 from MRF24G/utility/fpga/wf_eint_stub.c:47:
MRF24G/utility/fpga/../../../DEIPcK/utility/fpga/../../../MRF24G/utility/ud_inc/internal/../../wf_customize.h:50:0: warning: "INLINE" redefined
 #define INLINE
 ^
In file included from ././xgpio_l.h:87:0,
                 from ././xgpio.h:125,
                 from MRF24G/utility/fpga/wf_eint_stub.c:46:
../../../include/xil_io.h:94:0: note: this is the location of the previous definition
 #define INLINE inline
 ^
In file included from MRF24G/utility/fpga/../../../DEIPcK/utility/fpga/../../../MRF24G/utility/ud_inc/internal/wf_global_includes.h:44:0,
                 from MRF24G/utility/fpga/../../../DEIPcK/utility/fpga/System.h:64,
                 from MRF24G/utility/fpga/../../../DEIPcK/utility/System.h:54,
                 from MRF24G/utility/fpga/../../../DEIPcK/utility/deIP.h:59,
                 from MRF24G/utility/fpga/../../MRF24GAdaptor.h:61,
                 from MRF24G/utility/fpga/wf_event_stub.c:33:
MRF24G/utility/fpga/../../../DEIPcK/utility/fpga/../../../MRF24G/utility/ud_inc/internal/../../wf_customize.h:50:0: warning: "INLINE" redefined
 #define INLINE
 ^
In file included from MRF24G/utility/fpga/../../../DEIPcK/utility/fpga/System.h:62:0,
                 from MRF24G/utility/fpga/../../../DEIPcK/utility/System.h:54,
                 from MRF24G/utility/fpga/../../../DEIPcK/utility/deIP.h:59,
                 from MRF24G/utility/fpga/../../MRF24GAdaptor.h:61,
                 from MRF24G/utility/fpga/wf_event_stub.c:33:
../../../include/xil_io.h:94:0: note: this is the location of the previous definition
 #define INLINE inline
 ^
In file included from MRF24G/utility/fpga/../../../DEIPcK/utility/fpga/../../../MRF24G/utility/ud_inc/internal/wf_global_includes.h:44:0,
                 from MRF24G/utility/fpga/../../../DEIPcK/utility/fpga/System.h:64,
                 from MRF24G/utility/fpga/../../../DEIPcK/utility/System.h:54,
                 from MRF24G/utility/fpga/wf_gpio_stub.c:45:
MRF24G/utility/fpga/../../../DEIPcK/utility/fpga/../../../MRF24G/utility/ud_inc/internal/../../wf_customize.h:50:0: warning: "INLINE" redefined
 #define INLINE
 ^
In file included from MRF24G/utility/fpga/../../../DEIPcK/utility/fpga/System.h:62:0,
                 from MRF24G/utility/fpga/../../../DEIPcK/utility/System.h:54,
                 from MRF24G/utility/fpga/wf_gpio_stub.c:45:
../../../include/xil_io.h:94:0: note: this is the location of the previous definition
 #define INLINE inline
 ^
In file included from MRF24G/utility/fpga/../../../DEIPcK/utility/fpga/../../../MRF24G/utility/ud_inc/internal/wf_global_includes.h:44:0,
                 from MRF24G/utility/fpga/../../../DEIPcK/utility/fpga/System.h:64,
                 from MRF24G/utility/fpga/../../../DEIPcK/utility/System.h:54,
                 from MRF24G/utility/fpga/wf_spi_stub.c:47:
MRF24G/utility/fpga/../../../DEIPcK/utility/fpga/../../../MRF24G/utility/ud_inc/internal/../../wf_customize.h:50:0: warning: "INLINE" redefined
 #define INLINE
 ^
In file included from MRF24G/utility/fpga/../../../DEIPcK/utility/fpga/System.h:62:0,
                 from MRF24G/utility/fpga/../../../DEIPcK/utility/System.h:54,
                 from MRF24G/utility/fpga/wf_spi_stub.c:47:
../../../include/xil_io.h:94:0: note: this is the location of the previous definition
 #define INLINE inline
 ^
In file included from MRF24G/utility/fpga/../../../DEIPcK/utility/fpga/../../../MRF24G/utility/ud_inc/internal/wf_global_includes.h:44:0,
                 from MRF24G/utility/fpga/../../../DEIPcK/utility/fpga/System.h:64,
                 from MRF24G/utility/fpga/../../../DEIPcK/utility/System.h:54,
                 from MRF24G/utility/fpga/wf_timer_stub.c:46:
MRF24G/utility/fpga/../../../DEIPcK/utility/fpga/../../../MRF24G/utility/ud_inc/internal/../../wf_customize.h:50:0: warning: "INLINE" redefined
 #define INLINE
 ^
In file included from MRF24G/utility/fpga/../../../DEIPcK/utility/fpga/System.h:62:0,
                 from MRF24G/utility/fpga/../../../DEIPcK/utility/System.h:54,
                 from MRF24G/utility/fpga/wf_timer_stub.c:46:
../../../include/xil_io.h:94:0: note: this is the location of the previous definition
 #define INLINE inline
 ^
In file included from ../../../include/MRF24G/../DEIPcK/utility/fpga/../../../MRF24G/utility/ud_inc/internal/wf_global_includes.h:44:0,
                 from ../../../include/MRF24G/../DEIPcK/utility/fpga/System.h:64,
                 from ../../../include/MRF24G/../DEIPcK/utility/System.h:54,
                 from MRF24G/utility/fpga/DEMRF24G.cpp:54:
../../../include/MRF24G/../DEIPcK/utility/fpga/../../../MRF24G/utility/ud_inc/internal/../../wf_customize.h:50:0: warning: "INLINE" redefined
 #define INLINE
 ^
In file included from ../../../include/MRF24G/../DEIPcK/utility/fpga/System.h:62:0,
                 from ../../../include/MRF24G/../DEIPcK/utility/System.h:54,
                 from MRF24G/utility/fpga/DEMRF24G.cpp:54:
../../../include/xil_io.h:94:0: note: this is the location of the previous definition
 #define INLINE inline
 ^
"Running Make libs in microblaze_0/libsrc/standalone_v6_0/src"
make -C microblaze_0/libsrc/standalone_v6_0/src -s libs  "SHELL=CMD" "COMPILER=mb-gcc" "ARCHIVER=mb-ar" "COMPILER_FLAGS= -O2 -c -mcpu=v10.0 -mlittle-endian -mxl-soft-mul" "EXTRA_COMPILER_FLAGS=-g"
"Compiling standalone";
"Running Make libs in microblaze_0/libsrc/uartlite_v3_2/src"
make -C microblaze_0/libsrc/uartlite_v3_2/src -s libs  "SHELL=CMD" "COMPILER=mb-gcc" "ARCHIVER=mb-ar" "COMPILER_FLAGS= -O2 -c -mcpu=v10.0 -mlittle-endian -mxl-soft-mul" "EXTRA_COMPILER_FLAGS=-g"
"Compiling uartlite"
'Finished building libraries'
15:09:56 **** Build of configuration Debug for project myWiFiScan ****
make all 
'Building file: ../src/main.cc'
'Invoking: MicroBlaze g++ compiler'
mb-g++ -Wall -O0 -g3 -c -fmessage-length=0 -MT"src/main.o" -I../../myWiFiScan_bsp/microblaze_0/include -mlittle-endian -mcpu=v10.0 -mxl-soft-mul -Wl,--no-relax -MMD -MP -MF"src/main.d" -MT"src/main.o" -o "src/main.o" "../src/main.cc"
'Finished building: ../src/main.cc'
' '
'Building target: myWiFiScan.elf'
'Invoking: MicroBlaze g++ linker'
mb-g++ -Wl,-T -Wl,../src/lscript.ld -L../../myWiFiScan_bsp/microblaze_0/lib -mlittle-endian -mcpu=v10.0 -mxl-soft-mul -Wl,--no-relax -o "myWiFiScan.elf"  ./src/main.o   -Wl,--start-group,-lxil,-lgcc,-lc,-lstdc++,--end-group
'Finished building target: myWiFiScan.elf'
' '
'Invoking: MicroBlaze Print Size'
mb-size myWiFiScan.elf  |tee "myWiFiScan.elf.size"
   text	   data	    bss	    dec	    hex	filename
   6136	    332	   3252	   9720	   25f8	myWiFiScan.elf
'Finished building: myWiFiScan.elf.size'
' '
15:10:02 **** Auto Build of configuration Debug for project myWiFiScan ****
make all 
'Building file: ../src/main.cc'
'Invoking: MicroBlaze g++ compiler'
mb-g++ -Wall -O0 -g3 -c -fmessage-length=0 -MT"src/main.o" -I../../myWiFiScan_bsp/microblaze_0/include -mlittle-endian -mcpu=v10.0 -mxl-soft-mul -Wl,--no-relax -MMD -MP -MF"src/main.d" -MT"src/main.o" -o "src/main.o" "../src/main.cc"
In file included from ../../myWiFiScan_bsp/microblaze_0/include/DEIPcK/utility/fpga/../../../MRF24G/utility/ud_inc/internal/wf_global_includes.h:44:0,
                 from ../../myWiFiScan_bsp/microblaze_0/include/DEIPcK/utility/fpga/System.h:64,
                 from ../../myWiFiScan_bsp/microblaze_0/include/DEIPcK/utility/System.h:54,
                 from ../../myWiFiScan_bsp/microblaze_0/include/DEIPcK/utility/deIP.h:59,
                 from ../../myWiFiScan_bsp/microblaze_0/include/DEIPcK/DEIPcK.h:64,
                 from ../../myWiFiScan_bsp/microblaze_0/include/PmodWIFI.h:2,
                 from ../src/main.cc:51:
../../myWiFiScan_bsp/microblaze_0/include/DEIPcK/utility/fpga/../../../MRF24G/utility/ud_inc/internal/../../wf_customize.h:50:0: warning: "INLINE" redefined
 #define INLINE
 ^
In file included from ../../myWiFiScan_bsp/microblaze_0/include/DEIPcK/utility/fpga/System.h:62:0,
                 from ../../myWiFiScan_bsp/microblaze_0/include/DEIPcK/utility/System.h:54,
                 from ../../myWiFiScan_bsp/microblaze_0/include/DEIPcK/utility/deIP.h:59,
                 from ../../myWiFiScan_bsp/microblaze_0/include/DEIPcK/DEIPcK.h:64,
                 from ../../myWiFiScan_bsp/microblaze_0/include/PmodWIFI.h:2,
                 from ../src/main.cc:51:
../../myWiFiScan_bsp/microblaze_0/include/xil_io.h:94:0: note: this is the location of the previous definition
 #define INLINE inline
 ^
'Finished building: ../src/main.cc'
' '
'Building target: myWiFiScan.elf'
'Invoking: MicroBlaze g++ linker'
mb-g++ -Wl,-T -Wl,../src/lscript.ld -L../../myWiFiScan_bsp/microblaze_0/lib -mlittle-endian -mcpu=v10.0 -mxl-soft-mul -Wl,--no-relax -o "myWiFiScan.elf"  ./src/main.o   -Wl,--start-group,-lxil,-lgcc,-lc,-lstdc++,--end-group
'Finished building target: myWiFiScan.elf'
' '
'Invoking: MicroBlaze Print Size'
mb-size myWiFiScan.elf  |tee "myWiFiScan.elf.size"
   text	   data	    bss	    dec	    hex	filename
 372128	   8208	  19192	 399528	  618a8	myWiFiScan.elf
'Finished building: myWiFiScan.elf.size'
' '
15:13:56 **** Incremental Build of configuration Debug for project myWiFiScan ****
make all 
make: Nothing to be done for `all'.
15:15:52 **** Incremental Build of configuration Debug for project myWiFiScan ****
make all 
make: Nothing to be done for `all'.
15:18:10 **** Incremental Build of configuration Debug for project myWiFiScan ****
make all 
make: Nothing to be done for `all'.
15:20:14 **** Auto Build of configuration Debug for project myWiFiScan ****
make all 
'Building file: ../src/main.cc'
'Invoking: MicroBlaze g++ compiler'
mb-g++ -Wall -O0 -g3 -c -fmessage-length=0 -MT"src/main.o" -I../../myWiFiScan_bsp/microblaze_0/include -mlittle-endian -mcpu=v10.0 -mxl-soft-mul -Wl,--no-relax -MMD -MP -MF"src/main.d" -MT"src/main.o" -o "src/main.o" "../src/main.cc"
In file included from ../../myWiFiScan_bsp/microblaze_0/include/DEIPcK/utility/fpga/../../../MRF24G/utility/ud_inc/internal/wf_global_includes.h:44:0,
                 from ../../myWiFiScan_bsp/microblaze_0/include/DEIPcK/utility/fpga/System.h:64,
                 from ../../myWiFiScan_bsp/microblaze_0/include/DEIPcK/utility/System.h:54,
                 from ../../myWiFiScan_bsp/microblaze_0/include/DEIPcK/utility/deIP.h:59,
                 from ../../myWiFiScan_bsp/microblaze_0/include/DEIPcK/DEIPcK.h:64,
                 from ../../myWiFiScan_bsp/microblaze_0/include/PmodWIFI.h:2,
                 from ../src/main.cc:52:
../../myWiFiScan_bsp/microblaze_0/include/DEIPcK/utility/fpga/../../../MRF24G/utility/ud_inc/internal/../../wf_customize.h:50:0: warning: "INLINE" redefined
 #define INLINE
 ^
In file included from ../../myWiFiScan_bsp/microblaze_0/include/DEIPcK/utility/fpga/System.h:62:0,
                 from ../../myWiFiScan_bsp/microblaze_0/include/DEIPcK/utility/System.h:54,
                 from ../../myWiFiScan_bsp/microblaze_0/include/DEIPcK/utility/deIP.h:59,
                 from ../../myWiFiScan_bsp/microblaze_0/include/DEIPcK/DEIPcK.h:64,
                 from ../../myWiFiScan_bsp/microblaze_0/include/PmodWIFI.h:2,
                 from ../src/main.cc:52:
../../myWiFiScan_bsp/microblaze_0/include/xil_io.h:94:0: note: this is the location of the previous definition
 #define INLINE inline
 ^
'Finished building: ../src/main.cc'
' '
'Building target: myWiFiScan.elf'
'Invoking: MicroBlaze g++ linker'
mb-g++ -Wl,-T -Wl,../src/lscript.ld -L../../myWiFiScan_bsp/microblaze_0/lib -mlittle-endian -mcpu=v10.0 -mxl-soft-mul -Wl,--no-relax -o "myWiFiScan.elf"  ./src/main.o   -Wl,--start-group,-lxil,-lgcc,-lc,-lstdc++,--end-group
'Finished building target: myWiFiScan.elf'
' '
'Invoking: MicroBlaze Print Size'
mb-size myWiFiScan.elf  |tee "myWiFiScan.elf.size"
   text	   data	    bss	    dec	    hex	filename
 371732	   8504	  20420	 400656	  61d10	myWiFiScan.elf
'Finished building: myWiFiScan.elf.size'
' '
15:23:18 **** Auto Build of configuration Debug for project myWiFiScan ****
make all 
'Building file: ../src/main.cc'
'Invoking: MicroBlaze g++ compiler'
mb-g++ -Wall -O0 -g3 -c -fmessage-length=0 -MT"src/main.o" -I../../myWiFiScan_bsp/microblaze_0/include -mlittle-endian -mcpu=v10.0 -mxl-soft-mul -Wl,--no-relax -MMD -MP -MF"src/main.d" -MT"src/main.o" -o "src/main.o" "../src/main.cc"
In file included from ../../myWiFiScan_bsp/microblaze_0/include/DEIPcK/utility/fpga/../../../MRF24G/utility/ud_inc/internal/wf_global_includes.h:44:0,
                 from ../../myWiFiScan_bsp/microblaze_0/include/DEIPcK/utility/fpga/System.h:64,
                 from ../../myWiFiScan_bsp/microblaze_0/include/DEIPcK/utility/System.h:54,
                 from ../../myWiFiScan_bsp/microblaze_0/include/DEIPcK/utility/deIP.h:59,
                 from ../../myWiFiScan_bsp/microblaze_0/include/DEIPcK/DEIPcK.h:64,
                 from ../../myWiFiScan_bsp/microblaze_0/include/PmodWIFI.h:2,
                 from ../src/main.cc:52:
../../myWiFiScan_bsp/microblaze_0/include/DEIPcK/utility/fpga/../../../MRF24G/utility/ud_inc/internal/../../wf_customize.h:50:0: warning: "INLINE" redefined
 #define INLINE
 ^
In file included from ../../myWiFiScan_bsp/microblaze_0/include/DEIPcK/utility/fpga/System.h:62:0,
                 from ../../myWiFiScan_bsp/microblaze_0/include/DEIPcK/utility/System.h:54,
                 from ../../myWiFiScan_bsp/microblaze_0/include/DEIPcK/utility/deIP.h:59,
                 from ../../myWiFiScan_bsp/microblaze_0/include/DEIPcK/DEIPcK.h:64,
                 from ../../myWiFiScan_bsp/microblaze_0/include/PmodWIFI.h:2,
                 from ../src/main.cc:52:
../../myWiFiScan_bsp/microblaze_0/include/xil_io.h:94:0: note: this is the location of the previous definition
 #define INLINE inline
 ^
'Finished building: ../src/main.cc'
' '
'Building target: myWiFiScan.elf'
'Invoking: MicroBlaze g++ linker'
mb-g++ -Wl,-T -Wl,../src/lscript.ld -L../../myWiFiScan_bsp/microblaze_0/lib -mlittle-endian -mcpu=v10.0 -mxl-soft-mul -Wl,--no-relax -o "myWiFiScan.elf"  ./src/main.o   -Wl,--start-group,-lxil,-lgcc,-lc,-lstdc++,--end-group
'Finished building target: myWiFiScan.elf'
' '
'Invoking: MicroBlaze Print Size'
mb-size myWiFiScan.elf  |tee "myWiFiScan.elf.size"
   text	   data	    bss	    dec	    hex	filename
 371736	   8504	  20424	 400664	  61d18	myWiFiScan.elf
'Finished building: myWiFiScan.elf.size'
' '
15:24:24 **** Incremental Build of configuration Debug for project myWiFiScan ****
make all 
make: Nothing to be done for `all'.
15:29:21 **** Auto Build of configuration Debug for project myWiFiScan ****
make all 
'Building file: ../src/main.cc'
'Invoking: MicroBlaze g++ compiler'
mb-g++ -Wall -O0 -g3 -c -fmessage-length=0 -MT"src/main.o" -I../../myWiFiScan_bsp/microblaze_0/include -mlittle-endian -mcpu=v10.0 -mxl-soft-mul -Wl,--no-relax -MMD -MP -MF"src/main.d" -MT"src/main.o" -o "src/main.o" "../src/main.cc"
In file included from ../../myWiFiScan_bsp/microblaze_0/include/DEIPcK/utility/fpga/../../../MRF24G/utility/ud_inc/internal/wf_global_includes.h:44:0,
                 from ../../myWiFiScan_bsp/microblaze_0/include/DEIPcK/utility/fpga/System.h:64,
                 from ../../myWiFiScan_bsp/microblaze_0/include/DEIPcK/utility/System.h:54,
                 from ../../myWiFiScan_bsp/microblaze_0/include/DEIPcK/utility/deIP.h:59,
                 from ../../myWiFiScan_bsp/microblaze_0/include/DEIPcK/DEIPcK.h:64,
                 from ../../myWiFiScan_bsp/microblaze_0/include/PmodWIFI.h:2,
                 from ../src/main.cc:52:
../../myWiFiScan_bsp/microblaze_0/include/DEIPcK/utility/fpga/../../../MRF24G/utility/ud_inc/internal/../../wf_customize.h:50:0: warning: "INLINE" redefined
 #define INLINE
 ^
In file included from ../../myWiFiScan_bsp/microblaze_0/include/DEIPcK/utility/fpga/System.h:62:0,
                 from ../../myWiFiScan_bsp/microblaze_0/include/DEIPcK/utility/System.h:54,
                 from ../../myWiFiScan_bsp/microblaze_0/include/DEIPcK/utility/deIP.h:59,
                 from ../../myWiFiScan_bsp/microblaze_0/include/DEIPcK/DEIPcK.h:64,
                 from ../../myWiFiScan_bsp/microblaze_0/include/PmodWIFI.h:2,
                 from ../src/main.cc:52:
../../myWiFiScan_bsp/microblaze_0/include/xil_io.h:94:0: note: this is the location of the previous definition
 #define INLINE inline
 ^
'Finished building: ../src/main.cc'
' '
'Building target: myWiFiScan.elf'
'Invoking: MicroBlaze g++ linker'
mb-g++ -Wl,-T -Wl,../src/lscript.ld -L../../myWiFiScan_bsp/microblaze_0/lib -mlittle-endian -mcpu=v10.0 -mxl-soft-mul -Wl,--no-relax -o "myWiFiScan.elf"  ./src/main.o   -Wl,--start-group,-lxil,-lgcc,-lc,-lstdc++,--end-group
'Finished building target: myWiFiScan.elf'
' '
'Invoking: MicroBlaze Print Size'
mb-size myWiFiScan.elf  |tee "myWiFiScan.elf.size"
   text	   data	    bss	    dec	    hex	filename
 373892	   8696	  20668	 403256	  62738	myWiFiScan.elf
'Finished building: myWiFiScan.elf.size'
' '
15:31:00 **** Incremental Build of configuration Debug for project myWiFiScan ****
make all 
make: Nothing to be done for `all'.
15:34:14 **** Incremental Build of configuration Debug for project myWiFiScan ****
make all 
make: Nothing to be done for `all'.
15:44:12 **** Auto Build of configuration Debug for project myWiFiScan ****
make all 
'Building file: ../src/main.cc'
'Invoking: MicroBlaze g++ compiler'
mb-g++ -Wall -O0 -g3 -c -fmessage-length=0 -MT"src/main.o" -I../../myWiFiScan_bsp/microblaze_0/include -mlittle-endian -mcpu=v10.0 -mxl-soft-mul -Wl,--no-relax -MMD -MP -MF"src/main.d" -MT"src/main.o" -o "src/main.o" "../src/main.cc"
In file included from ../../myWiFiScan_bsp/microblaze_0/include/DEIPcK/utility/fpga/../../../MRF24G/utility/ud_inc/internal/wf_global_includes.h:44:0,
                 from ../../myWiFiScan_bsp/microblaze_0/include/DEIPcK/utility/fpga/System.h:64,
                 from ../../myWiFiScan_bsp/microblaze_0/include/DEIPcK/utility/System.h:54,
                 from ../../myWiFiScan_bsp/microblaze_0/include/DEIPcK/utility/deIP.h:59,
                 from ../../myWiFiScan_bsp/microblaze_0/include/DEIPcK/DEIPcK.h:64,
                 from ../../myWiFiScan_bsp/microblaze_0/include/PmodWIFI.h:2,
                 from ../src/main.cc:52:
../../myWiFiScan_bsp/microblaze_0/include/DEIPcK/utility/fpga/../../../MRF24G/utility/ud_inc/internal/../../wf_customize.h:50:0: warning: "INLINE" redefined
 #define INLINE
 ^
In file included from ../../myWiFiScan_bsp/microblaze_0/include/DEIPcK/utility/fpga/System.h:62:0,
                 from ../../myWiFiScan_bsp/microblaze_0/include/DEIPcK/utility/System.h:54,
                 from ../../myWiFiScan_bsp/microblaze_0/include/DEIPcK/utility/deIP.h:59,
                 from ../../myWiFiScan_bsp/microblaze_0/include/DEIPcK/DEIPcK.h:64,
                 from ../../myWiFiScan_bsp/microblaze_0/include/PmodWIFI.h:2,
                 from ../src/main.cc:52:
../../myWiFiScan_bsp/microblaze_0/include/xil_io.h:94:0: note: this is the location of the previous definition
 #define INLINE inline
 ^
'Finished building: ../src/main.cc'
' '
'Building target: myWiFiScan.elf'
'Invoking: MicroBlaze g++ linker'
mb-g++ -Wl,-T -Wl,../src/lscript.ld -L../../myWiFiScan_bsp/microblaze_0/lib -mlittle-endian -mcpu=v10.0 -mxl-soft-mul -Wl,--no-relax -o "myWiFiScan.elf"  ./src/main.o   -Wl,--start-group,-lxil,-lgcc,-lc,-lstdc++,--end-group
'Finished building target: myWiFiScan.elf'
' '
'Invoking: MicroBlaze Print Size'
mb-size myWiFiScan.elf  |tee "myWiFiScan.elf.size"
   text	   data	    bss	    dec	    hex	filename
 373896	   8696	  20672	 403264	  62740	myWiFiScan.elf
'Finished building: myWiFiScan.elf.size'
' '
15:44:23 **** Auto Build of configuration Debug for project myWiFiScan ****
make all 
'Building file: ../src/main.cc'
'Invoking: MicroBlaze g++ compiler'
mb-g++ -Wall -O0 -g3 -c -fmessage-length=0 -MT"src/main.o" -I../../myWiFiScan_bsp/microblaze_0/include -mlittle-endian -mcpu=v10.0 -mxl-soft-mul -Wl,--no-relax -MMD -MP -MF"src/main.d" -MT"src/main.o" -o "src/main.o" "../src/main.cc"
In file included from ../../myWiFiScan_bsp/microblaze_0/include/DEIPcK/utility/fpga/../../../MRF24G/utility/ud_inc/internal/wf_global_includes.h:44:0,
                 from ../../myWiFiScan_bsp/microblaze_0/include/DEIPcK/utility/fpga/System.h:64,
                 from ../../myWiFiScan_bsp/microblaze_0/include/DEIPcK/utility/System.h:54,
                 from ../../myWiFiScan_bsp/microblaze_0/include/DEIPcK/utility/deIP.h:59,
                 from ../../myWiFiScan_bsp/microblaze_0/include/DEIPcK/DEIPcK.h:64,
                 from ../../myWiFiScan_bsp/microblaze_0/include/PmodWIFI.h:2,
                 from ../src/main.cc:52:
../../myWiFiScan_bsp/microblaze_0/include/DEIPcK/utility/fpga/../../../MRF24G/utility/ud_inc/internal/../../wf_customize.h:50:0: warning: "INLINE" redefined
 #define INLINE
 ^
In file included from ../../myWiFiScan_bsp/microblaze_0/include/DEIPcK/utility/fpga/System.h:62:0,
                 from ../../myWiFiScan_bsp/microblaze_0/include/DEIPcK/utility/System.h:54,
                 from ../../myWiFiScan_bsp/microblaze_0/include/DEIPcK/utility/deIP.h:59,
                 from ../../myWiFiScan_bsp/microblaze_0/include/DEIPcK/DEIPcK.h:64,
                 from ../../myWiFiScan_bsp/microblaze_0/include/PmodWIFI.h:2,
                 from ../src/main.cc:52:
../../myWiFiScan_bsp/microblaze_0/include/xil_io.h:94:0: note: this is the location of the previous definition
 #define INLINE inline
 ^
'Finished building: ../src/main.cc'
' '
'Building target: myWiFiScan.elf'
'Invoking: MicroBlaze g++ linker'
mb-g++ -Wl,-T -Wl,../src/lscript.ld -L../../myWiFiScan_bsp/microblaze_0/lib -mlittle-endian -mcpu=v10.0 -mxl-soft-mul -Wl,--no-relax -o "myWiFiScan.elf"  ./src/main.o   -Wl,--start-group,-lxil,-lgcc,-lc,-lstdc++,--end-group
'Finished building target: myWiFiScan.elf'
' '
'Invoking: MicroBlaze Print Size'
mb-size myWiFiScan.elf  |tee "myWiFiScan.elf.size"
   text	   data	    bss	    dec	    hex	filename
 373896	   8696	  20672	 403264	  62740	myWiFiScan.elf
'Finished building: myWiFiScan.elf.size'
' '
15:45:02 **** Incremental Build of configuration Debug for project myWiFiScan ****
make all 
make: Nothing to be done for `all'.
15:54:20 **** Clean-only build of configuration Debug for project wifiApp ****
make clean 
rm -rf  ./src/main.d  ./src/main.o  myWiFiScan.elf.size  myWiFiScan.elf
' '
15:54:21 **** Build of configuration Debug for project wifiApp ****
make all 
'Building file: ../src/main.cc'
'Invoking: MicroBlaze g++ compiler'
mb-g++ -Wall -O0 -g3 -c -fmessage-length=0 -MT"src/main.o" -I../../myWiFiScan_bsp/microblaze_0/include -mlittle-endian -mcpu=v10.0 -mxl-soft-mul -Wl,--no-relax -MMD -MP -MF"src/main.d" -MT"src/main.o" -o "src/main.o" "../src/main.cc"
In file included from ../../myWiFiScan_bsp/microblaze_0/include/DEIPcK/utility/fpga/../../../MRF24G/utility/ud_inc/internal/wf_global_includes.h:44:0,
                 from ../../myWiFiScan_bsp/microblaze_0/include/DEIPcK/utility/fpga/System.h:64,
                 from ../../myWiFiScan_bsp/microblaze_0/include/DEIPcK/utility/System.h:54,
                 from ../../myWiFiScan_bsp/microblaze_0/include/DEIPcK/utility/deIP.h:59,
                 from ../../myWiFiScan_bsp/microblaze_0/include/DEIPcK/DEIPcK.h:64,
                 from ../../myWiFiScan_bsp/microblaze_0/include/PmodWIFI.h:2,
                 from ../src/main.cc:52:
../../myWiFiScan_bsp/microblaze_0/include/DEIPcK/utility/fpga/../../../MRF24G/utility/ud_inc/internal/../../wf_customize.h:50:0: warning: "INLINE" redefined
 #define INLINE
 ^
In file included from ../../myWiFiScan_bsp/microblaze_0/include/DEIPcK/utility/fpga/System.h:62:0,
                 from ../../myWiFiScan_bsp/microblaze_0/include/DEIPcK/utility/System.h:54,
                 from ../../myWiFiScan_bsp/microblaze_0/include/DEIPcK/utility/deIP.h:59,
                 from ../../myWiFiScan_bsp/microblaze_0/include/DEIPcK/DEIPcK.h:64,
                 from ../../myWiFiScan_bsp/microblaze_0/include/PmodWIFI.h:2,
                 from ../src/main.cc:52:
../../myWiFiScan_bsp/microblaze_0/include/xil_io.h:94:0: note: this is the location of the previous definition
 #define INLINE inline
 ^
'Finished building: ../src/main.cc'
' '
'Building target: wifiApp.elf'
'Invoking: MicroBlaze g++ linker'
mb-g++ -Wl,-T -Wl,../src/lscript.ld -L../../myWiFiScan_bsp/microblaze_0/lib -mlittle-endian -mcpu=v10.0 -mxl-soft-mul -Wl,--no-relax -o "wifiApp.elf"  ./src/main.o   -Wl,--start-group,-lxil,-lgcc,-lc,-lstdc++,--end-group
'Finished building target: wifiApp.elf'
' '
'Invoking: MicroBlaze Print Size'
mb-size wifiApp.elf  |tee "wifiApp.elf.size"
   text	   data	    bss	    dec	    hex	filename
 373896	   8696	  20672	 403264	  62740	wifiApp.elf
'Finished building: wifiApp.elf.size'
' '
15:54:48 **** Auto Build of configuration Debug for project wifiApp ****
make all 
'Building file: ../src/main.cc'
'Invoking: MicroBlaze g++ compiler'
mb-g++ -Wall -O0 -g3 -c -fmessage-length=0 -MT"src/main.o" -I../../myWiFiScan_bsp/microblaze_0/include -mlittle-endian -mcpu=v10.0 -mxl-soft-mul -Wl,--no-relax -MMD -MP -MF"src/main.d" -MT"src/main.o" -o "src/main.o" "../src/main.cc"
In file included from ../../myWiFiScan_bsp/microblaze_0/include/DEIPcK/utility/fpga/../../../MRF24G/utility/ud_inc/internal/wf_global_includes.h:44:0,
                 from ../../myWiFiScan_bsp/microblaze_0/include/DEIPcK/utility/fpga/System.h:64,
                 from ../../myWiFiScan_bsp/microblaze_0/include/DEIPcK/utility/System.h:54,
                 from ../../myWiFiScan_bsp/microblaze_0/include/DEIPcK/utility/deIP.h:59,
                 from ../../myWiFiScan_bsp/microblaze_0/include/DEIPcK/DEIPcK.h:64,
                 from ../../myWiFiScan_bsp/microblaze_0/include/PmodWIFI.h:2,
                 from ../src/main.cc:52:
../../myWiFiScan_bsp/microblaze_0/include/DEIPcK/utility/fpga/../../../MRF24G/utility/ud_inc/internal/../../wf_customize.h:50:0: warning: "INLINE" redefined
 #define INLINE
 ^
In file included from ../../myWiFiScan_bsp/microblaze_0/include/DEIPcK/utility/fpga/System.h:62:0,
                 from ../../myWiFiScan_bsp/microblaze_0/include/DEIPcK/utility/System.h:54,
                 from ../../myWiFiScan_bsp/microblaze_0/include/DEIPcK/utility/deIP.h:59,
                 from ../../myWiFiScan_bsp/microblaze_0/include/DEIPcK/DEIPcK.h:64,
                 from ../../myWiFiScan_bsp/microblaze_0/include/PmodWIFI.h:2,
                 from ../src/main.cc:52:
../../myWiFiScan_bsp/microblaze_0/include/xil_io.h:94:0: note: this is the location of the previous definition
 #define INLINE inline
 ^
'Finished building: ../src/main.cc'
' '
'Building target: wifiApp.elf'
'Invoking: MicroBlaze g++ linker'
mb-g++ -Wl,-T -Wl,../src/lscript.ld -L../../myWiFiScan_bsp/microblaze_0/lib -mlittle-endian -mcpu=v10.0 -mxl-soft-mul -Wl,--no-relax -o "wifiApp.elf"  ./src/main.o   -Wl,--start-group,-lxil,-lgcc,-lc,-lstdc++,--end-group
'Finished building target: wifiApp.elf'
' '
'Invoking: MicroBlaze Print Size'
mb-size wifiApp.elf  |tee "wifiApp.elf.size"
   text	   data	    bss	    dec	    hex	filename
 371732	   8504	  20420	 400656	  61d10	wifiApp.elf
'Finished building: wifiApp.elf.size'
' '
15:55:50 **** Auto Build of configuration Debug for project wifiApp ****
make all 
'Building file: ../src/main.cc'
'Invoking: MicroBlaze g++ compiler'
mb-g++ -Wall -O0 -g3 -c -fmessage-length=0 -MT"src/main.o" -I../../myWiFiScan_bsp/microblaze_0/include -mlittle-endian -mcpu=v10.0 -mxl-soft-mul -Wl,--no-relax -MMD -MP -MF"src/main.d" -MT"src/main.o" -o "src/main.o" "../src/main.cc"
In file included from ../../myWiFiScan_bsp/microblaze_0/include/DEIPcK/utility/fpga/../../../MRF24G/utility/ud_inc/internal/wf_global_includes.h:44:0,
                 from ../../myWiFiScan_bsp/microblaze_0/include/DEIPcK/utility/fpga/System.h:64,
                 from ../../myWiFiScan_bsp/microblaze_0/include/DEIPcK/utility/System.h:54,
                 from ../../myWiFiScan_bsp/microblaze_0/include/DEIPcK/utility/deIP.h:59,
                 from ../../myWiFiScan_bsp/microblaze_0/include/DEIPcK/DEIPcK.h:64,
                 from ../../myWiFiScan_bsp/microblaze_0/include/PmodWIFI.h:2,
                 from ../src/main.cc:52:
../../myWiFiScan_bsp/microblaze_0/include/DEIPcK/utility/fpga/../../../MRF24G/utility/ud_inc/internal/../../wf_customize.h:50:0: warning: "INLINE" redefined
 #define INLINE
 ^
In file included from ../../myWiFiScan_bsp/microblaze_0/include/DEIPcK/utility/fpga/System.h:62:0,
                 from ../../myWiFiScan_bsp/microblaze_0/include/DEIPcK/utility/System.h:54,
                 from ../../myWiFiScan_bsp/microblaze_0/include/DEIPcK/utility/deIP.h:59,
                 from ../../myWiFiScan_bsp/microblaze_0/include/DEIPcK/DEIPcK.h:64,
                 from ../../myWiFiScan_bsp/microblaze_0/include/PmodWIFI.h:2,
                 from ../src/main.cc:52:
../../myWiFiScan_bsp/microblaze_0/include/xil_io.h:94:0: note: this is the location of the previous definition
 #define INLINE inline
 ^
'Finished building: ../src/main.cc'
' '
'Building target: wifiApp.elf'
'Invoking: MicroBlaze g++ linker'
mb-g++ -Wl,-T -Wl,../src/lscript.ld -L../../myWiFiScan_bsp/microblaze_0/lib -mlittle-endian -mcpu=v10.0 -mxl-soft-mul -Wl,--no-relax -o "wifiApp.elf"  ./src/main.o   -Wl,--start-group,-lxil,-lgcc,-lc,-lstdc++,--end-group
'Finished building target: wifiApp.elf'
' '
'Invoking: MicroBlaze Print Size'
mb-size wifiApp.elf  |tee "wifiApp.elf.size"
   text	   data	    bss	    dec	    hex	filename
 371736	   8504	  20424	 400664	  61d18	wifiApp.elf
'Finished building: wifiApp.elf.size'
' '
15:55:53 **** Auto Build of configuration Debug for project wifiApp ****
make all 
'Building file: ../src/main.cc'
'Invoking: MicroBlaze g++ compiler'
mb-g++ -Wall -O0 -g3 -c -fmessage-length=0 -MT"src/main.o" -I../../myWiFiScan_bsp/microblaze_0/include -mlittle-endian -mcpu=v10.0 -mxl-soft-mul -Wl,--no-relax -MMD -MP -MF"src/main.d" -MT"src/main.o" -o "src/main.o" "../src/main.cc"
In file included from ../../myWiFiScan_bsp/microblaze_0/include/DEIPcK/utility/fpga/../../../MRF24G/utility/ud_inc/internal/wf_global_includes.h:44:0,
                 from ../../myWiFiScan_bsp/microblaze_0/include/DEIPcK/utility/fpga/System.h:64,
                 from ../../myWiFiScan_bsp/microblaze_0/include/DEIPcK/utility/System.h:54,
                 from ../../myWiFiScan_bsp/microblaze_0/include/DEIPcK/utility/deIP.h:59,
                 from ../../myWiFiScan_bsp/microblaze_0/include/DEIPcK/DEIPcK.h:64,
                 from ../../myWiFiScan_bsp/microblaze_0/include/PmodWIFI.h:2,
                 from ../src/main.cc:52:
../../myWiFiScan_bsp/microblaze_0/include/DEIPcK/utility/fpga/../../../MRF24G/utility/ud_inc/internal/../../wf_customize.h:50:0: warning: "INLINE" redefined
 #define INLINE
 ^
In file included from ../../myWiFiScan_bsp/microblaze_0/include/DEIPcK/utility/fpga/System.h:62:0,
                 from ../../myWiFiScan_bsp/microblaze_0/include/DEIPcK/utility/System.h:54,
                 from ../../myWiFiScan_bsp/microblaze_0/include/DEIPcK/utility/deIP.h:59,
                 from ../../myWiFiScan_bsp/microblaze_0/include/DEIPcK/DEIPcK.h:64,
                 from ../../myWiFiScan_bsp/microblaze_0/include/PmodWIFI.h:2,
                 from ../src/main.cc:52:
../../myWiFiScan_bsp/microblaze_0/include/xil_io.h:94:0: note: this is the location of the previous definition
 #define INLINE inline
 ^
'Finished building: ../src/main.cc'
' '
'Building target: wifiApp.elf'
'Invoking: MicroBlaze g++ linker'
mb-g++ -Wl,-T -Wl,../src/lscript.ld -L../../myWiFiScan_bsp/microblaze_0/lib -mlittle-endian -mcpu=v10.0 -mxl-soft-mul -Wl,--no-relax -o "wifiApp.elf"  ./src/main.o   -Wl,--start-group,-lxil,-lgcc,-lc,-lstdc++,--end-group
'Finished building target: wifiApp.elf'
' '
'Invoking: MicroBlaze Print Size'
mb-size wifiApp.elf  |tee "wifiApp.elf.size"
   text	   data	    bss	    dec	    hex	filename
 371736	   8504	  20424	 400664	  61d18	wifiApp.elf
'Finished building: wifiApp.elf.size'
' '
15:57:04 **** Incremental Build of configuration Debug for project wifiApp ****
make all 
make: Nothing to be done for `all'.
16:00:59 **** Auto Build of configuration Debug for project wifiApp ****
make all 
'Building file: ../src/main.cc'
'Invoking: MicroBlaze g++ compiler'
mb-g++ -Wall -O0 -g3 -c -fmessage-length=0 -MT"src/main.o" -I../../myWiFiScan_bsp/microblaze_0/include -mlittle-endian -mcpu=v10.0 -mxl-soft-mul -Wl,--no-relax -MMD -MP -MF"src/main.d" -MT"src/main.o" -o "src/main.o" "../src/main.cc"
In file included from ../../myWiFiScan_bsp/microblaze_0/include/DEIPcK/utility/fpga/../../../MRF24G/utility/ud_inc/internal/wf_global_includes.h:44:0,
                 from ../../myWiFiScan_bsp/microblaze_0/include/DEIPcK/utility/fpga/System.h:64,
                 from ../../myWiFiScan_bsp/microblaze_0/include/DEIPcK/utility/System.h:54,
                 from ../../myWiFiScan_bsp/microblaze_0/include/DEIPcK/utility/deIP.h:59,
                 from ../../myWiFiScan_bsp/microblaze_0/include/DEIPcK/DEIPcK.h:64,
                 from ../../myWiFiScan_bsp/microblaze_0/include/PmodWIFI.h:2,
                 from ../src/main.cc:52:
../../myWiFiScan_bsp/microblaze_0/include/DEIPcK/utility/fpga/../../../MRF24G/utility/ud_inc/internal/../../wf_customize.h:50:0: warning: "INLINE" redefined
 #define INLINE
 ^
In file included from ../../myWiFiScan_bsp/microblaze_0/include/DEIPcK/utility/fpga/System.h:62:0,
                 from ../../myWiFiScan_bsp/microblaze_0/include/DEIPcK/utility/System.h:54,
                 from ../../myWiFiScan_bsp/microblaze_0/include/DEIPcK/utility/deIP.h:59,
                 from ../../myWiFiScan_bsp/microblaze_0/include/DEIPcK/DEIPcK.h:64,
                 from ../../myWiFiScan_bsp/microblaze_0/include/PmodWIFI.h:2,
                 from ../src/main.cc:52:
../../myWiFiScan_bsp/microblaze_0/include/xil_io.h:94:0: note: this is the location of the previous definition
 #define INLINE inline
 ^
'Finished building: ../src/main.cc'
' '
'Building target: wifiApp.elf'
'Invoking: MicroBlaze g++ linker'
mb-g++ -Wl,-T -Wl,../src/lscript.ld -L../../myWiFiScan_bsp/microblaze_0/lib -mlittle-endian -mcpu=v10.0 -mxl-soft-mul -Wl,--no-relax -o "wifiApp.elf"  ./src/main.o   -Wl,--start-group,-lxil,-lgcc,-lc,-lstdc++,--end-group
'Finished building target: wifiApp.elf'
' '
'Invoking: MicroBlaze Print Size'
mb-size wifiApp.elf  |tee "wifiApp.elf.size"
   text	   data	    bss	    dec	    hex	filename
 373892	   8696	  20668	 403256	  62738	wifiApp.elf
'Finished building: wifiApp.elf.size'
' '
16:01:25 **** Auto Build of configuration Debug for project wifiApp ****
make all 
'Building file: ../src/main.cc'
'Invoking: MicroBlaze g++ compiler'
mb-g++ -Wall -O0 -g3 -c -fmessage-length=0 -MT"src/main.o" -I../../myWiFiScan_bsp/microblaze_0/include -mlittle-endian -mcpu=v10.0 -mxl-soft-mul -Wl,--no-relax -MMD -MP -MF"src/main.d" -MT"src/main.o" -o "src/main.o" "../src/main.cc"
In file included from ../../myWiFiScan_bsp/microblaze_0/include/DEIPcK/utility/fpga/../../../MRF24G/utility/ud_inc/internal/wf_global_includes.h:44:0,
                 from ../../myWiFiScan_bsp/microblaze_0/include/DEIPcK/utility/fpga/System.h:64,
                 from ../../myWiFiScan_bsp/microblaze_0/include/DEIPcK/utility/System.h:54,
                 from ../../myWiFiScan_bsp/microblaze_0/include/DEIPcK/utility/deIP.h:59,
                 from ../../myWiFiScan_bsp/microblaze_0/include/DEIPcK/DEIPcK.h:64,
                 from ../../myWiFiScan_bsp/microblaze_0/include/PmodWIFI.h:2,
                 from ../src/main.cc:52:
../../myWiFiScan_bsp/microblaze_0/include/DEIPcK/utility/fpga/../../../MRF24G/utility/ud_inc/internal/../../wf_customize.h:50:0: warning: "INLINE" redefined
 #define INLINE
 ^
In file included from ../../myWiFiScan_bsp/microblaze_0/include/DEIPcK/utility/fpga/System.h:62:0,
                 from ../../myWiFiScan_bsp/microblaze_0/include/DEIPcK/utility/System.h:54,
                 from ../../myWiFiScan_bsp/microblaze_0/include/DEIPcK/utility/deIP.h:59,
                 from ../../myWiFiScan_bsp/microblaze_0/include/DEIPcK/DEIPcK.h:64,
                 from ../../myWiFiScan_bsp/microblaze_0/include/PmodWIFI.h:2,
                 from ../src/main.cc:52:
../../myWiFiScan_bsp/microblaze_0/include/xil_io.h:94:0: note: this is the location of the previous definition
 #define INLINE inline
 ^
'Finished building: ../src/main.cc'
' '
'Building target: wifiApp.elf'
'Invoking: MicroBlaze g++ linker'
mb-g++ -Wl,-T -Wl,../src/lscript.ld -L../../myWiFiScan_bsp/microblaze_0/lib -mlittle-endian -mcpu=v10.0 -mxl-soft-mul -Wl,--no-relax -o "wifiApp.elf"  ./src/main.o   -Wl,--start-group,-lxil,-lgcc,-lc,-lstdc++,--end-group
'Finished building target: wifiApp.elf'
' '
'Invoking: MicroBlaze Print Size'
mb-size wifiApp.elf  |tee "wifiApp.elf.size"
   text	   data	    bss	    dec	    hex	filename
 373896	   8696	  20672	 403264	  62740	wifiApp.elf
'Finished building: wifiApp.elf.size'
' '
16:01:29 **** Auto Build of configuration Debug for project wifiApp ****
make all 
'Building file: ../src/main.cc'
'Invoking: MicroBlaze g++ compiler'
mb-g++ -Wall -O0 -g3 -c -fmessage-length=0 -MT"src/main.o" -I../../myWiFiScan_bsp/microblaze_0/include -mlittle-endian -mcpu=v10.0 -mxl-soft-mul -Wl,--no-relax -MMD -MP -MF"src/main.d" -MT"src/main.o" -o "src/main.o" "../src/main.cc"
In file included from ../../myWiFiScan_bsp/microblaze_0/include/DEIPcK/utility/fpga/../../../MRF24G/utility/ud_inc/internal/wf_global_includes.h:44:0,
                 from ../../myWiFiScan_bsp/microblaze_0/include/DEIPcK/utility/fpga/System.h:64,
                 from ../../myWiFiScan_bsp/microblaze_0/include/DEIPcK/utility/System.h:54,
                 from ../../myWiFiScan_bsp/microblaze_0/include/DEIPcK/utility/deIP.h:59,
                 from ../../myWiFiScan_bsp/microblaze_0/include/DEIPcK/DEIPcK.h:64,
                 from ../../myWiFiScan_bsp/microblaze_0/include/PmodWIFI.h:2,
                 from ../src/main.cc:52:
../../myWiFiScan_bsp/microblaze_0/include/DEIPcK/utility/fpga/../../../MRF24G/utility/ud_inc/internal/../../wf_customize.h:50:0: warning: "INLINE" redefined
 #define INLINE
 ^
In file included from ../../myWiFiScan_bsp/microblaze_0/include/DEIPcK/utility/fpga/System.h:62:0,
                 from ../../myWiFiScan_bsp/microblaze_0/include/DEIPcK/utility/System.h:54,
                 from ../../myWiFiScan_bsp/microblaze_0/include/DEIPcK/utility/deIP.h:59,
                 from ../../myWiFiScan_bsp/microblaze_0/include/DEIPcK/DEIPcK.h:64,
                 from ../../myWiFiScan_bsp/microblaze_0/include/PmodWIFI.h:2,
                 from ../src/main.cc:52:
../../myWiFiScan_bsp/microblaze_0/include/xil_io.h:94:0: note: this is the location of the previous definition
 #define INLINE inline
 ^
'Finished building: ../src/main.cc'
' '
'Building target: wifiApp.elf'
'Invoking: MicroBlaze g++ linker'
mb-g++ -Wl,-T -Wl,../src/lscript.ld -L../../myWiFiScan_bsp/microblaze_0/lib -mlittle-endian -mcpu=v10.0 -mxl-soft-mul -Wl,--no-relax -o "wifiApp.elf"  ./src/main.o   -Wl,--start-group,-lxil,-lgcc,-lc,-lstdc++,--end-group
'Finished building target: wifiApp.elf'
' '
'Invoking: MicroBlaze Print Size'
mb-size wifiApp.elf  |tee "wifiApp.elf.size"
   text	   data	    bss	    dec	    hex	filename
 373896	   8696	  20672	 403264	  62740	wifiApp.elf
'Finished building: wifiApp.elf.size'
' '
16:02:12 **** Incremental Build of configuration Debug for project wifiApp ****
make all 
make: Nothing to be done for `all'.
16:04:34 **** Incremental Build of configuration Debug for project wifiApp ****
make all 
make: Nothing to be done for `all'.
17:11:34 **** Auto Build of configuration Debug for project wifiApp ****
make all 
'Building file: ../src/main.cc'
'Invoking: MicroBlaze g++ compiler'
mb-g++ -Wall -O0 -g3 -c -fmessage-length=0 -MT"src/main.o" -I../../myWiFiScan_bsp/microblaze_0/include -mlittle-endian -mcpu=v10.0 -mxl-soft-mul -Wl,--no-relax -MMD -MP -MF"src/main.d" -MT"src/main.o" -o "src/main.o" "../src/main.cc"
In file included from ../../myWiFiScan_bsp/microblaze_0/include/DEIPcK/utility/fpga/../../../MRF24G/utility/ud_inc/internal/wf_global_includes.h:44:0,
                 from ../../myWiFiScan_bsp/microblaze_0/include/DEIPcK/utility/fpga/System.h:64,
                 from ../../myWiFiScan_bsp/microblaze_0/include/DEIPcK/utility/System.h:54,
                 from ../../myWiFiScan_bsp/microblaze_0/include/DEIPcK/utility/deIP.h:59,
                 from ../../myWiFiScan_bsp/microblaze_0/include/DEIPcK/DEIPcK.h:64,
                 from ../../myWiFiScan_bsp/microblaze_0/include/PmodWIFI.h:2,
                 from ../src/main.cc:52:
../../myWiFiScan_bsp/microblaze_0/include/DEIPcK/utility/fpga/../../../MRF24G/utility/ud_inc/internal/../../wf_customize.h:50:0: warning: "INLINE" redefined
 #define INLINE
 ^
In file included from ../../myWiFiScan_bsp/microblaze_0/include/DEIPcK/utility/fpga/System.h:62:0,
                 from ../../myWiFiScan_bsp/microblaze_0/include/DEIPcK/utility/System.h:54,
                 from ../../myWiFiScan_bsp/microblaze_0/include/DEIPcK/utility/deIP.h:59,
                 from ../../myWiFiScan_bsp/microblaze_0/include/DEIPcK/DEIPcK.h:64,
                 from ../../myWiFiScan_bsp/microblaze_0/include/PmodWIFI.h:2,
                 from ../src/main.cc:52:
../../myWiFiScan_bsp/microblaze_0/include/xil_io.h:94:0: note: this is the location of the previous definition
 #define INLINE inline
 ^
'Finished building: ../src/main.cc'
' '
'Building target: wifiApp.elf'
'Invoking: MicroBlaze g++ linker'
mb-g++ -Wl,-T -Wl,../src/lscript.ld -L../../myWiFiScan_bsp/microblaze_0/lib -mlittle-endian -mcpu=v10.0 -mxl-soft-mul -Wl,--no-relax -o "wifiApp.elf"  ./src/main.o   -Wl,--start-group,-lxil,-lgcc,-lc,-lstdc++,--end-group
'Finished building target: wifiApp.elf'
' '
'Invoking: MicroBlaze Print Size'
mb-size wifiApp.elf  |tee "wifiApp.elf.size"
   text	   data	    bss	    dec	    hex	filename
 373892	   8696	  20668	 403256	  62738	wifiApp.elf
'Finished building: wifiApp.elf.size'
' '
17:12:11 **** Incremental Build of configuration Debug for project wifiApp ****
make all 
make: Nothing to be done for `all'.
17:15:03 **** Incremental Build of configuration Debug for project wifiApp ****
make all 
'Building file: ../src/main.cc'
'Invoking: MicroBlaze g++ compiler'
mb-g++ -Wall -O0 -g3 -c -fmessage-length=0 -MT"src/main.o" -I../../myWiFiScan_bsp/microblaze_0/include -mlittle-endian -mcpu=v10.0 -mxl-soft-mul -Wl,--no-relax -MMD -MP -MF"src/main.d" -MT"src/main.o" -o "src/main.o" "../src/main.cc"
In file included from ../../myWiFiScan_bsp/microblaze_0/include/DEIPcK/utility/fpga/../../../MRF24G/utility/ud_inc/internal/wf_global_includes.h:44:0,
                 from ../../myWiFiScan_bsp/microblaze_0/include/DEIPcK/utility/fpga/System.h:64,
                 from ../../myWiFiScan_bsp/microblaze_0/include/DEIPcK/utility/System.h:54,
                 from ../../myWiFiScan_bsp/microblaze_0/include/DEIPcK/utility/deIP.h:59,
                 from ../../myWiFiScan_bsp/microblaze_0/include/DEIPcK/DEIPcK.h:64,
                 from ../../myWiFiScan_bsp/microblaze_0/include/PmodWIFI.h:2,
                 from ../src/main.cc:52:
../../myWiFiScan_bsp/microblaze_0/include/DEIPcK/utility/fpga/../../../MRF24G/utility/ud_inc/internal/../../wf_customize.h:50:0: warning: "INLINE" redefined
 #define INLINE
 ^
In file included from ../../myWiFiScan_bsp/microblaze_0/include/DEIPcK/utility/fpga/System.h:62:0,
                 from ../../myWiFiScan_bsp/microblaze_0/include/DEIPcK/utility/System.h:54,
                 from ../../myWiFiScan_bsp/microblaze_0/include/DEIPcK/utility/deIP.h:59,
                 from ../../myWiFiScan_bsp/microblaze_0/include/DEIPcK/DEIPcK.h:64,
                 from ../../myWiFiScan_bsp/microblaze_0/include/PmodWIFI.h:2,
                 from ../src/main.cc:52:
../../myWiFiScan_bsp/microblaze_0/include/xil_io.h:94:0: note: this is the location of the previous definition
 #define INLINE inline
 ^
'Finished building: ../src/main.cc'
' '
'Building target: wifiApp.elf'
'Invoking: MicroBlaze g++ linker'
mb-g++ -Wl,-T -Wl,../src/lscript.ld -L../../myWiFiScan_bsp/microblaze_0/lib -mlittle-endian -mcpu=v10.0 -mxl-soft-mul -Wl,--no-relax -o "wifiApp.elf"  ./src/main.o   -Wl,--start-group,-lxil,-lgcc,-lc,-lstdc++,--end-group
'Finished building target: wifiApp.elf'
' '
'Invoking: MicroBlaze Print Size'
mb-size wifiApp.elf  |tee "wifiApp.elf.size"
   text	   data	    bss	    dec	    hex	filename
 373896	   8696	  20672	 403264	  62740	wifiApp.elf
'Finished building: wifiApp.elf.size'
' '
14:56:12 **** Build of project wifiApp_bsp ****
make -k all 
"Running Make include in microblaze_0/libsrc/bram_v4_1/src"
make -C microblaze_0/libsrc/bram_v4_1/src -s include  "SHELL=CMD" "COMPILER=mb-gcc" "ARCHIVER=mb-ar" "COMPILER_FLAGS= -O2 -c -mcpu=v10.0 -mlittle-endian -mxl-soft-mul" "EXTRA_COMPILER_FLAGS=-ffunction-sections -fdata-sections -Wall -Wextra"
"Running Make include in microblaze_0/libsrc/cpu_v2_6/src"
make -C microblaze_0/libsrc/cpu_v2_6/src -s include  "SHELL=CMD" "COMPILER=mb-gcc" "ARCHIVER=mb-ar" "COMPILER_FLAGS= -O2 -c -mcpu=v10.0 -mlittle-endian -mxl-soft-mul" "EXTRA_COMPILER_FLAGS=-ffunction-sections -fdata-sections -Wall -Wextra"
"Running Make include in microblaze_0/libsrc/gpio_v4_3/src"
make -C microblaze_0/libsrc/gpio_v4_3/src -s include  "SHELL=CMD" "COMPILER=mb-gcc" "ARCHIVER=mb-ar" "COMPILER_FLAGS= -O2 -c -mcpu=v10.0 -mlittle-endian -mxl-soft-mul" "EXTRA_COMPILER_FLAGS=-ffunction-sections -fdata-sections -Wall -Wextra"
"Running Make include in microblaze_0/libsrc/intc_v3_6/src"
make -C microblaze_0/libsrc/intc_v3_6/src -s include  "SHELL=CMD" "COMPILER=mb-gcc" "ARCHIVER=mb-ar" "COMPILER_FLAGS= -O2 -c -mcpu=v10.0 -mlittle-endian -mxl-soft-mul" "EXTRA_COMPILER_FLAGS=-ffunction-sections -fdata-sections -Wall -Wextra"
"Running Make include in microblaze_0/libsrc/PmodWIFI_v1_0/src"
make -C microblaze_0/libsrc/PmodWIFI_v1_0/src -s include  "SHELL=CMD" "COMPILER=mb-gcc" "ARCHIVER=mb-ar" "COMPILER_FLAGS= -O2 -c -mcpu=v10.0 -mlittle-endian -mxl-soft-mul" "EXTRA_COMPILER_FLAGS=-ffunction-sections -fdata-sections -Wall -Wextra"
"Running Make include in microblaze_0/libsrc/standalone_v6_3/src"
make -C microblaze_0/libsrc/standalone_v6_3/src -s include  "SHELL=CMD" "COMPILER=mb-gcc" "ARCHIVER=mb-ar" "COMPILER_FLAGS= -O2 -c -mcpu=v10.0 -mlittle-endian -mxl-soft-mul" "EXTRA_COMPILER_FLAGS=-ffunction-sections -fdata-sections -Wall -Wextra"
"Running Make include in microblaze_0/libsrc/uartlite_v3_2/src"
make -C microblaze_0/libsrc/uartlite_v3_2/src -s include  "SHELL=CMD" "COMPILER=mb-gcc" "ARCHIVER=mb-ar" "COMPILER_FLAGS= -O2 -c -mcpu=v10.0 -mlittle-endian -mxl-soft-mul" "EXTRA_COMPILER_FLAGS=-ffunction-sections -fdata-sections -Wall -Wextra"
"Running Make libs in microblaze_0/libsrc/bram_v4_1/src"
make -C microblaze_0/libsrc/bram_v4_1/src -s libs  "SHELL=CMD" "COMPILER=mb-gcc" "ARCHIVER=mb-ar" "COMPILER_FLAGS= -O2 -c -mcpu=v10.0 -mlittle-endian -mxl-soft-mul" "EXTRA_COMPILER_FLAGS=-ffunction-sections -fdata-sections -Wall -Wextra"
"Compiling bram"
mb-ar: creating ../../../lib/libxil.a
"Running Make libs in microblaze_0/libsrc/cpu_v2_6/src"
make -C microblaze_0/libsrc/cpu_v2_6/src -s libs  "SHELL=CMD" "COMPILER=mb-gcc" "ARCHIVER=mb-ar" "COMPILER_FLAGS= -O2 -c -mcpu=v10.0 -mlittle-endian -mxl-soft-mul" "EXTRA_COMPILER_FLAGS=-ffunction-sections -fdata-sections -Wall -Wextra"
"Compiling cpu"
"Running Make libs in microblaze_0/libsrc/gpio_v4_3/src"
make -C microblaze_0/libsrc/gpio_v4_3/src -s libs  "SHELL=CMD" "COMPILER=mb-gcc" "ARCHIVER=mb-ar" "COMPILER_FLAGS= -O2 -c -mcpu=v10.0 -mlittle-endian -mxl-soft-mul" "EXTRA_COMPILER_FLAGS=-ffunction-sections -fdata-sections -Wall -Wextra"
"Compiling gpio"
"Running Make libs in microblaze_0/libsrc/intc_v3_6/src"
make -C microblaze_0/libsrc/intc_v3_6/src -s libs  "SHELL=CMD" "COMPILER=mb-gcc" "ARCHIVER=mb-ar" "COMPILER_FLAGS= -O2 -c -mcpu=v10.0 -mlittle-endian -mxl-soft-mul" "EXTRA_COMPILER_FLAGS=-ffunction-sections -fdata-sections -Wall -Wextra"
"Compiling intc"
"Running Make libs in microblaze_0/libsrc/PmodWIFI_v1_0/src"
make -C microblaze_0/libsrc/PmodWIFI_v1_0/src -s libs  "SHELL=CMD" "COMPILER=mb-gcc" "ARCHIVER=mb-ar" "COMPILER_FLAGS= -O2 -c -mcpu=v10.0 -mlittle-endian -mxl-soft-mul" "EXTRA_COMPILER_FLAGS=-ffunction-sections -fdata-sections -Wall -Wextra"
"Compiling PmodWIFI..."
In file included from ./DEIPcK/utility/fpga/../../../MRF24G/utility/ud_inc/internal/wf_global_includes.h:44:0,
                 from ./DEIPcK/utility/fpga/System.h:64,
                 from ./DEIPcK/utility/System.h:54,
                 from ./DEIPcK/utility/deIP.h:59,
                 from ../../../include/DEIPcK.h:64,
                 from DEIPcK/DEIPcK.cpp:54:
./DEIPcK/utility/fpga/../../../MRF24G/utility/ud_inc/internal/../../wf_customize.h:50:0: warning: "INLINE" redefined
 #define INLINE
 
In file included from ./DEIPcK/utility/fpga/System.h:62:0,
                 from ./DEIPcK/utility/System.h:54,
                 from ./DEIPcK/utility/deIP.h:59,
                 from ../../../include/DEIPcK.h:64,
                 from DEIPcK/DEIPcK.cpp:54:
../../../include/xil_io.h:99:0: note: this is the location of the previous definition
 #define INLINE inline
 
In file included from DEIPcK/utility/fpga/../../../MRF24G/utility/ud_inc/internal/wf_global_includes.h:44:0,
                 from DEIPcK/utility/fpga/System.h:64,
                 from DEIPcK/utility/System.h:54,
                 from DEIPcK/utility/deIP.h:59,
                 from DEIPcK/DEIPcK.h:64,
                 from DEIPcK/TCPServer.cpp:51:
DEIPcK/utility/fpga/../../../MRF24G/utility/ud_inc/internal/../../wf_customize.h:50:0: warning: "INLINE" redefined
 #define INLINE
 
In file included from DEIPcK/utility/fpga/System.h:62:0,
                 from DEIPcK/utility/System.h:54,
                 from DEIPcK/utility/deIP.h:59,
                 from DEIPcK/DEIPcK.h:64,
                 from DEIPcK/TCPServer.cpp:51:
../../../include/xil_io.h:99:0: note: this is the location of the previous definition
 #define INLINE inline
 
In file included from DEIPcK/utility/fpga/../../../MRF24G/utility/ud_inc/internal/wf_global_includes.h:44:0,
                 from DEIPcK/utility/fpga/System.h:64,
                 from DEIPcK/utility/System.h:54,
                 from DEIPcK/utility/deIP.h:59,
                 from DEIPcK/DEIPcK.h:64,
                 from DEIPcK/TCPSocket.cpp:51:
DEIPcK/utility/fpga/../../../MRF24G/utility/ud_inc/internal/../../wf_customize.h:50:0: warning: "INLINE" redefined
 #define INLINE
 
In file included from DEIPcK/utility/fpga/System.h:62:0,
                 from DEIPcK/utility/System.h:54,
                 from DEIPcK/utility/deIP.h:59,
                 from DEIPcK/DEIPcK.h:64,
                 from DEIPcK/TCPSocket.cpp:51:
../../../include/xil_io.h:99:0: note: this is the location of the previous definition
 #define INLINE inline
 
In file included from DEIPcK/utility/fpga/../../../MRF24G/utility/ud_inc/internal/wf_global_includes.h:44:0,
                 from DEIPcK/utility/fpga/System.h:64,
                 from DEIPcK/utility/System.h:54,
                 from DEIPcK/utility/deIP.h:59,
                 from DEIPcK/DEIPcK.h:64,
                 from DEIPcK/UDPServer.cpp:51:
DEIPcK/utility/fpga/../../../MRF24G/utility/ud_inc/internal/../../wf_customize.h:50:0: warning: "INLINE" redefined
 #define INLINE
 
In file included from DEIPcK/utility/fpga/System.h:62:0,
                 from DEIPcK/utility/System.h:54,
                 from DEIPcK/utility/deIP.h:59,
                 from DEIPcK/DEIPcK.h:64,
                 from DEIPcK/UDPServer.cpp:51:
../../../include/xil_io.h:99:0: note: this is the location of the previous definition
 #define INLINE inline
 
In file included from DEIPcK/utility/fpga/../../../MRF24G/utility/ud_inc/internal/wf_global_includes.h:44:0,
                 from DEIPcK/utility/fpga/System.h:64,
                 from DEIPcK/utility/System.h:54,
                 from DEIPcK/utility/deIP.h:59,
                 from DEIPcK/DEIPcK.h:64,
                 from DEIPcK/UDPSocket.cpp:51:
DEIPcK/utility/fpga/../../../MRF24G/utility/ud_inc/internal/../../wf_customize.h:50:0: warning: "INLINE" redefined
 #define INLINE
 
In file included from DEIPcK/utility/fpga/System.h:62:0,
                 from DEIPcK/utility/System.h:54,
                 from DEIPcK/utility/deIP.h:59,
                 from DEIPcK/DEIPcK.h:64,
                 from DEIPcK/UDPSocket.cpp:51:
../../../include/xil_io.h:99:0: note: this is the location of the previous definition
 #define INLINE inline
 
In file included from DEIPcK/utility/fpga/../../../MRF24G/utility/ud_inc/internal/wf_global_includes.h:44:0,
                 from DEIPcK/utility/fpga/System.h:64,
                 from DEIPcK/utility/System.h:54,
                 from DEIPcK/utility/deIP.h:59,
                 from DEIPcK/utility/DHCP.c:52:
DEIPcK/utility/fpga/../../../MRF24G/utility/ud_inc/internal/../../wf_customize.h:50:0: warning: "INLINE" redefined
 #define INLINE
 
In file included from DEIPcK/utility/fpga/System.h:62:0,
                 from DEIPcK/utility/System.h:54,
                 from DEIPcK/utility/deIP.h:59,
                 from DEIPcK/utility/DHCP.c:52:
../../../include/xil_io.h:99:0: note: this is the location of the previous definition
 #define INLINE inline
 
In file included from DEIPcK/utility/fpga/../../../MRF24G/utility/ud_inc/internal/wf_global_includes.h:44:0,
                 from DEIPcK/utility/fpga/System.h:64,
                 from DEIPcK/utility/System.h:54,
                 from DEIPcK/utility/deIP.h:59,
                 from DEIPcK/utility/DNS.c:53:
DEIPcK/utility/fpga/../../../MRF24G/utility/ud_inc/internal/../../wf_customize.h:50:0: warning: "INLINE" redefined
 #define INLINE
 
In file included from DEIPcK/utility/fpga/System.h:62:0,
                 from DEIPcK/utility/System.h:54,
                 from DEIPcK/utility/deIP.h:59,
                 from DEIPcK/utility/DNS.c:53:
../../../include/xil_io.h:99:0: note: this is the location of the previous definition
 #define INLINE inline
 
In file included from DEIPcK/utility/fpga/../../../MRF24G/utility/ud_inc/internal/wf_global_includes.h:44:0,
                 from DEIPcK/utility/fpga/System.h:64,
                 from DEIPcK/utility/System.h:54,
                 from DEIPcK/utility/deIP.h:59,
[...]
In file included from ../../app_bsp/microblaze_0/include/DEIPcK/utility/fpga/../../../MRF24G/utility/ud_inc/internal/wf_global_includes.h:44:0,
                 from ../../app_bsp/microblaze_0/include/DEIPcK/utility/fpga/System.h:64,
                 from ../../app_bsp/microblaze_0/include/DEIPcK/utility/System.h:54,
                 from ../../app_bsp/microblaze_0/include/DEIPcK/utility/deIP.h:59,
                 from ../../app_bsp/microblaze_0/include/DEIPcK/DEIPcK.h:64,
                 from ../../app_bsp/microblaze_0/include/PmodWIFI.h:2,
                 from ../src/main.cc:52:
c:\xilinx\vivado\myprojects\pmod_wifi_old\pmod_wifi.sdk\app_bsp\microblaze_0\include\mrf24g\utility\wf_customize.h:50:0: warning: "INLINE" redefined
 #define INLINE
 
In file included from ../../app_bsp/microblaze_0/include/DEIPcK/utility/fpga/System.h:62:0,
                 from ../../app_bsp/microblaze_0/include/DEIPcK/utility/System.h:54,
                 from ../../app_bsp/microblaze_0/include/DEIPcK/utility/deIP.h:59,
                 from ../../app_bsp/microblaze_0/include/DEIPcK/DEIPcK.h:64,
                 from ../../app_bsp/microblaze_0/include/PmodWIFI.h:2,
                 from ../src/main.cc:52:
../../app_bsp/microblaze_0/include/xil_io.h:99:0: note: this is the location of the previous definition
 #define INLINE inline
 
'Finished building: ../src/main.cc'
' '
'Building target: app.elf'
'Invoking: MicroBlaze g++ linker'
mb-g++ -Wl,-T -Wl,../src/lscript.ld -L../../app_bsp/microblaze_0/lib -mlittle-endian -mcpu=v10.0 -mxl-soft-mul -Wl,--no-relax -Wl,--gc-sections -o "app.elf"  ./src/main.o   -Wl,--start-group,-lxil,-lgcc,-lc,-lstdc++,--end-group
'Finished building target: app.elf'
' '
'Invoking: MicroBlaze Print Size'
mb-size app.elf  |tee "app.elf.size"
   text	   data	    bss	    dec	    hex	filename
 340068	   1884	  20224	 362176	  586c0	app.elf
'Finished building: app.elf.size'
' '
00:22:20 **** Incremental Build of configuration Debug for project app ****
make all 
make: Nothing to be done for `all'.
00:23:25 **** Incremental Build of configuration Debug for project app ****
make all 
make: Nothing to be done for `all'.
00:26:14 **** Auto Build of configuration Debug for project app ****
make all 
'Building file: ../src/main.cc'
'Invoking: MicroBlaze g++ compiler'
mb-g++ -Wall -O0 -g3 -c -fmessage-length=0 -MT"src/main.o" -I../../app_bsp/microblaze_0/include -mlittle-endian -mcpu=v10.0 -mxl-soft-mul -Wl,--no-relax -ffunction-sections -fdata-sections -MMD -MP -MF"src/main.d" -MT"src/main.o" -o "src/main.o" "../src/main.cc"
In file included from ../../app_bsp/microblaze_0/include/DEIPcK/utility/fpga/../../../MRF24G/utility/ud_inc/internal/wf_global_includes.h:44:0,
                 from ../../app_bsp/microblaze_0/include/DEIPcK/utility/fpga/System.h:64,
                 from ../../app_bsp/microblaze_0/include/DEIPcK/utility/System.h:54,
                 from ../../app_bsp/microblaze_0/include/DEIPcK/utility/deIP.h:59,
                 from ../../app_bsp/microblaze_0/include/DEIPcK/DEIPcK.h:64,
                 from ../../app_bsp/microblaze_0/include/PmodWIFI.h:2,
                 from ../src/main.cc:52:
c:\xilinx\vivado\myprojects\pmod_wifi_old\pmod_wifi.sdk\app_bsp\microblaze_0\include\mrf24g\utility\wf_customize.h:50:0: warning: "INLINE" redefined
 #define INLINE
 
In file included from ../../app_bsp/microblaze_0/include/DEIPcK/utility/fpga/System.h:62:0,
                 from ../../app_bsp/microblaze_0/include/DEIPcK/utility/System.h:54,
                 from ../../app_bsp/microblaze_0/include/DEIPcK/utility/deIP.h:59,
                 from ../../app_bsp/microblaze_0/include/DEIPcK/DEIPcK.h:64,
                 from ../../app_bsp/microblaze_0/include/PmodWIFI.h:2,
                 from ../src/main.cc:52:
../../app_bsp/microblaze_0/include/xil_io.h:99:0: note: this is the location of the previous definition
 #define INLINE inline
 
'Finished building: ../src/main.cc'
' '
'Building target: app.elf'
'Invoking: MicroBlaze g++ linker'
mb-g++ -Wl,-T -Wl,../src/lscript.ld -L../../app_bsp/microblaze_0/lib -mlittle-endian -mcpu=v10.0 -mxl-soft-mul -Wl,--no-relax -Wl,--gc-sections -o "app.elf"  ./src/main.o   -Wl,--start-group,-lxil,-lgcc,-lc,-lstdc++,--end-group
'Finished building target: app.elf'
' '
'Invoking: MicroBlaze Print Size'
mb-size app.elf  |tee "app.elf.size"
   text	   data	    bss	    dec	    hex	filename
 340080	   1884	  20228	 362192	  586d0	app.elf
'Finished building: app.elf.size'
' '
00:26:39 **** Auto Build of configuration Debug for project app ****
make all 
'Building file: ../src/main.cc'
'Invoking: MicroBlaze g++ compiler'
mb-g++ -Wall -O0 -g3 -c -fmessage-length=0 -MT"src/main.o" -I../../app_bsp/microblaze_0/include -mlittle-endian -mcpu=v10.0 -mxl-soft-mul -Wl,--no-relax -ffunction-sections -fdata-sections -MMD -MP -MF"src/main.d" -MT"src/main.o" -o "src/main.o" "../src/main.cc"
In file included from ../../app_bsp/microblaze_0/include/DEIPcK/utility/fpga/../../../MRF24G/utility/ud_inc/internal/wf_global_includes.h:44:0,
                 from ../../app_bsp/microblaze_0/include/DEIPcK/utility/fpga/System.h:64,
                 from ../../app_bsp/microblaze_0/include/DEIPcK/utility/System.h:54,
                 from ../../app_bsp/microblaze_0/include/DEIPcK/utility/deIP.h:59,
                 from ../../app_bsp/microblaze_0/include/DEIPcK/DEIPcK.h:64,
                 from ../../app_bsp/microblaze_0/include/PmodWIFI.h:2,
                 from ../src/main.cc:52:
c:\xilinx\vivado\myprojects\pmod_wifi_old\pmod_wifi.sdk\app_bsp\microblaze_0\include\mrf24g\utility\wf_customize.h:50:0: warning: "INLINE" redefined
 #define INLINE
 
In file included from ../../app_bsp/microblaze_0/include/DEIPcK/utility/fpga/System.h:62:0,
                 from ../../app_bsp/microblaze_0/include/DEIPcK/utility/System.h:54,
                 from ../../app_bsp/microblaze_0/include/DEIPcK/utility/deIP.h:59,
                 from ../../app_bsp/microblaze_0/include/DEIPcK/DEIPcK.h:64,
                 from ../../app_bsp/microblaze_0/include/PmodWIFI.h:2,
                 from ../src/main.cc:52:
../../app_bsp/microblaze_0/include/xil_io.h:99:0: note: this is the location of the previous definition
 #define INLINE inline
 
'Finished building: ../src/main.cc'
' '
'Building target: app.elf'
'Invoking: MicroBlaze g++ linker'
mb-g++ -Wl,-T -Wl,../src/lscript.ld -L../../app_bsp/microblaze_0/lib -mlittle-endian -mcpu=v10.0 -mxl-soft-mul -Wl,--no-relax -Wl,--gc-sections -o "app.elf"  ./src/main.o   -Wl,--start-group,-lxil,-lgcc,-lc,-lstdc++,--end-group
'Finished building target: app.elf'
' '
'Invoking: MicroBlaze Print Size'
mb-size app.elf  |tee "app.elf.size"
   text	   data	    bss	    dec	    hex	filename
 340072	   1884	  20228	 362184	  586c8	app.elf
'Finished building: app.elf.size'
' '
00:28:48 **** Incremental Build of configuration Debug for project app ****
make all 
make: Nothing to be done for `all'.
00:43:25 **** Incremental Build of configuration Debug for project app ****
make all 
make: Nothing to be done for `all'.
00:44:32 **** Incremental Build of configuration Debug for project app ****
make all 
make: Nothing to be done for `all'.
00:49:03 **** Auto Build of configuration Debug for project app ****
make all 
'Building file: ../src/main.cc'
'Invoking: MicroBlaze g++ compiler'
mb-g++ -Wall -O0 -g3 -c -fmessage-length=0 -MT"src/main.o" -I../../app_bsp/microblaze_0/include -mlittle-endian -mcpu=v10.0 -mxl-soft-mul -Wl,--no-relax -ffunction-sections -fdata-sections -MMD -MP -MF"src/main.d" -MT"src/main.o" -o "src/main.o" "../src/main.cc"
In file included from ../../app_bsp/microblaze_0/include/DEIPcK/utility/fpga/../../../MRF24G/utility/ud_inc/internal/wf_global_includes.h:44:0,
                 from ../../app_bsp/microblaze_0/include/DEIPcK/utility/fpga/System.h:64,
                 from ../../app_bsp/microblaze_0/include/DEIPcK/utility/System.h:54,
                 from ../../app_bsp/microblaze_0/include/DEIPcK/utility/deIP.h:59,
                 from ../../app_bsp/microblaze_0/include/DEIPcK/DEIPcK.h:64,
                 from ../../app_bsp/microblaze_0/include/PmodWIFI.h:2,
                 from ../src/main.cc:52:
c:\xilinx\vivado\myprojects\pmod_wifi_old\pmod_wifi.sdk\app_bsp\microblaze_0\include\mrf24g\utility\wf_customize.h:50:0: warning: "INLINE" redefined
 #define INLINE
 
In file included from ../../app_bsp/microblaze_0/include/DEIPcK/utility/fpga/System.h:62:0,
                 from ../../app_bsp/microblaze_0/include/DEIPcK/utility/System.h:54,
                 from ../../app_bsp/microblaze_0/include/DEIPcK/utility/deIP.h:59,
                 from ../../app_bsp/microblaze_0/include/DEIPcK/DEIPcK.h:64,
                 from ../../app_bsp/microblaze_0/include/PmodWIFI.h:2,
                 from ../src/main.cc:52:
../../app_bsp/microblaze_0/include/xil_io.h:99:0: note: this is the location of the previous definition
 #define INLINE inline
 
'Finished building: ../src/main.cc'
' '
'Building target: app.elf'
'Invoking: MicroBlaze g++ linker'
mb-g++ -Wl,-T -Wl,../src/lscript.ld -L../../app_bsp/microblaze_0/lib -mlittle-endian -mcpu=v10.0 -mxl-soft-mul -Wl,--no-relax -Wl,--gc-sections -o "app.elf"  ./src/main.o   -Wl,--start-group,-lxil,-lgcc,-lc,-lstdc++,--end-group
'Finished building target: app.elf'
' '
'Invoking: MicroBlaze Print Size'
mb-size app.elf  |tee "app.elf.size"
   text	   data	    bss	    dec	    hex	filename
 340052	   1884	  20216	 362152	  586a8	app.elf
'Finished building: app.elf.size'
' '
00:49:42 **** Auto Build of configuration Debug for project app ****
make all 
'Building file: ../src/main.cc'
'Invoking: MicroBlaze g++ compiler'
mb-g++ -Wall -O0 -g3 -c -fmessage-length=0 -MT"src/main.o" -I../../app_bsp/microblaze_0/include -mlittle-endian -mcpu=v10.0 -mxl-soft-mul -Wl,--no-relax -ffunction-sections -fdata-sections -MMD -MP -MF"src/main.d" -MT"src/main.o" -o "src/main.o" "../src/main.cc"
In file included from ../../app_bsp/microblaze_0/include/DEIPcK/utility/fpga/../../../MRF24G/utility/ud_inc/internal/wf_global_includes.h:44:0,
                 from ../../app_bsp/microblaze_0/include/DEIPcK/utility/fpga/System.h:64,
                 from ../../app_bsp/microblaze_0/include/DEIPcK/utility/System.h:54,
                 from ../../app_bsp/microblaze_0/include/DEIPcK/utility/deIP.h:59,
                 from ../../app_bsp/microblaze_0/include/DEIPcK/DEIPcK.h:64,
                 from ../../app_bsp/microblaze_0/include/PmodWIFI.h:2,
                 from ../src/main.cc:52:
c:\xilinx\vivado\myprojects\pmod_wifi_old\pmod_wifi.sdk\app_bsp\microblaze_0\include\mrf24g\utility\wf_customize.h:50:0: warning: "INLINE" redefined
 #define INLINE
 
In file included from ../../app_bsp/microblaze_0/include/DEIPcK/utility/fpga/System.h:62:0,
                 from ../../app_bsp/microblaze_0/include/DEIPcK/utility/System.h:54,
                 from ../../app_bsp/microblaze_0/include/DEIPcK/utility/deIP.h:59,
                 from ../../app_bsp/microblaze_0/include/DEIPcK/DEIPcK.h:64,
                 from ../../app_bsp/microblaze_0/include/PmodWIFI.h:2,
                 from ../src/main.cc:52:
../../app_bsp/microblaze_0/include/xil_io.h:99:0: note: this is the location of the previous definition
 #define INLINE inline
 
'Finished building: ../src/main.cc'
' '
'Building target: app.elf'
'Invoking: MicroBlaze g++ linker'
mb-g++ -Wl,-T -Wl,../src/lscript.ld -L../../app_bsp/microblaze_0/lib -mlittle-endian -mcpu=v10.0 -mxl-soft-mul -Wl,--no-relax -Wl,--gc-sections -o "app.elf"  ./src/main.o   -Wl,--start-group,-lxil,-lgcc,-lc,-lstdc++,--end-group
'Finished building target: app.elf'
' '
'Invoking: MicroBlaze Print Size'
mb-size app.elf  |tee "app.elf.size"
   text	   data	    bss	    dec	    hex	filename
 340228	   1884	  20216	 362328	  58758	app.elf
'Finished building: app.elf.size'
' '
00:50:18 **** Incremental Build of configuration Debug for project app ****
make all 
make: Nothing to be done for `all'.
00:52:48 **** Auto Build of configuration Debug for project app ****
make all 
'Building file: ../src/main.cc'
'Invoking: MicroBlaze g++ compiler'
mb-g++ -Wall -O0 -g3 -c -fmessage-length=0 -MT"src/main.o" -I../../app_bsp/microblaze_0/include -mlittle-endian -mcpu=v10.0 -mxl-soft-mul -Wl,--no-relax -ffunction-sections -fdata-sections -MMD -MP -MF"src/main.d" -MT"src/main.o" -o "src/main.o" "../src/main.cc"
In file included from ../../app_bsp/microblaze_0/include/DEIPcK/utility/fpga/../../../MRF24G/utility/ud_inc/internal/wf_global_includes.h:44:0,
                 from ../../app_bsp/microblaze_0/include/DEIPcK/utility/fpga/System.h:64,
                 from ../../app_bsp/microblaze_0/include/DEIPcK/utility/System.h:54,
                 from ../../app_bsp/microblaze_0/include/DEIPcK/utility/deIP.h:59,
                 from ../../app_bsp/microblaze_0/include/DEIPcK/DEIPcK.h:64,
                 from ../../app_bsp/microblaze_0/include/PmodWIFI.h:2,
                 from ../src/main.cc:52:
c:\xilinx\vivado\myprojects\pmod_wifi_old\pmod_wifi.sdk\app_bsp\microblaze_0\include\mrf24g\utility\wf_customize.h:50:0: warning: "INLINE" redefined
 #define INLINE
 
In file included from ../../app_bsp/microblaze_0/include/DEIPcK/utility/fpga/System.h:62:0,
                 from ../../app_bsp/microblaze_0/include/DEIPcK/utility/System.h:54,
                 from ../../app_bsp/microblaze_0/include/DEIPcK/utility/deIP.h:59,
                 from ../../app_bsp/microblaze_0/include/DEIPcK/DEIPcK.h:64,
                 from ../../app_bsp/microblaze_0/include/PmodWIFI.h:2,
                 from ../src/main.cc:52:
../../app_bsp/microblaze_0/include/xil_io.h:99:0: note: this is the location of the previous definition
 #define INLINE inline
 
'Finished building: ../src/main.cc'
' '
'Building target: app.elf'
'Invoking: MicroBlaze g++ linker'
mb-g++ -Wl,-T -Wl,../src/lscript.ld -L../../app_bsp/microblaze_0/lib -mlittle-endian -mcpu=v10.0 -mxl-soft-mul -Wl,--no-relax -Wl,--gc-sections -o "app.elf"  ./src/main.o   -Wl,--start-group,-lxil,-lgcc,-lc,-lstdc++,--end-group
'Finished building target: app.elf'
' '
'Invoking: MicroBlaze Print Size'
mb-size app.elf  |tee "app.elf.size"
   text	   data	    bss	    dec	    hex	filename
 340052	   1884	  20216	 362152	  586a8	app.elf
'Finished building: app.elf.size'
' '
00:53:32 **** Auto Build of configuration Debug for project app ****
make all 
'Building file: ../src/main.cc'
'Invoking: MicroBlaze g++ compiler'
mb-g++ -Wall -O0 -g3 -c -fmessage-length=0 -MT"src/main.o" -I../../app_bsp/microblaze_0/include -mlittle-endian -mcpu=v10.0 -mxl-soft-mul -Wl,--no-relax -ffunction-sections -fdata-sections -MMD -MP -MF"src/main.d" -MT"src/main.o" -o "src/main.o" "../src/main.cc"
In file included from ../../app_bsp/microblaze_0/include/DEIPcK/utility/fpga/../../../MRF24G/utility/ud_inc/internal/wf_global_includes.h:44:0,
                 from ../../app_bsp/microblaze_0/include/DEIPcK/utility/fpga/System.h:64,
                 from ../../app_bsp/microblaze_0/include/DEIPcK/utility/System.h:54,
                 from ../../app_bsp/microblaze_0/include/DEIPcK/utility/deIP.h:59,
                 from ../../app_bsp/microblaze_0/include/DEIPcK/DEIPcK.h:64,
                 from ../../app_bsp/microblaze_0/include/PmodWIFI.h:2,
                 from ../src/main.cc:52:
c:\xilinx\vivado\myprojects\pmod_wifi_old\pmod_wifi.sdk\app_bsp\microblaze_0\include\mrf24g\utility\wf_customize.h:50:0: warning: "INLINE" redefined
 #define INLINE
 
In file included from ../../app_bsp/microblaze_0/include/DEIPcK/utility/fpga/System.h:62:0,
                 from ../../app_bsp/microblaze_0/include/DEIPcK/utility/System.h:54,
                 from ../../app_bsp/microblaze_0/include/DEIPcK/utility/deIP.h:59,
                 from ../../app_bsp/microblaze_0/include/DEIPcK/DEIPcK.h:64,
                 from ../../app_bsp/microblaze_0/include/PmodWIFI.h:2,
                 from ../src/main.cc:52:
../../app_bsp/microblaze_0/include/xil_io.h:99:0: note: this is the location of the previous definition
 #define INLINE inline
 
'Finished building: ../src/main.cc'
' '
'Building target: app.elf'
'Invoking: MicroBlaze g++ linker'
mb-g++ -Wl,-T -Wl,../src/lscript.ld -L../../app_bsp/microblaze_0/lib -mlittle-endian -mcpu=v10.0 -mxl-soft-mul -Wl,--no-relax -Wl,--gc-sections -o "app.elf"  ./src/main.o   -Wl,--start-group,-lxil,-lgcc,-lc,-lstdc++,--end-group
'Finished building target: app.elf'
' '
'Invoking: MicroBlaze Print Size'
mb-size app.elf  |tee "app.elf.size"
   text	   data	    bss	    dec	    hex	filename
 340096	   1884	  20220	 362200	  586d8	app.elf
'Finished building: app.elf.size'
' '
00:53:52 **** Incremental Build of configuration Debug for project app ****
make all 
make: Nothing to be done for `all'.
00:56:15 **** Auto Build of configuration Debug for project app ****
make all 
'Building file: ../src/main.cc'
'Invoking: MicroBlaze g++ compiler'
mb-g++ -Wall -O0 -g3 -c -fmessage-length=0 -MT"src/main.o" -I../../app_bsp/microblaze_0/include -mlittle-endian -mcpu=v10.0 -mxl-soft-mul -Wl,--no-relax -ffunction-sections -fdata-sections -MMD -MP -MF"src/main.d" -MT"src/main.o" -o "src/main.o" "../src/main.cc"
In file included from ../../app_bsp/microblaze_0/include/DEIPcK/utility/fpga/../../../MRF24G/utility/ud_inc/internal/wf_global_includes.h:44:0,
                 from ../../app_bsp/microblaze_0/include/DEIPcK/utility/fpga/System.h:64,
                 from ../../app_bsp/microblaze_0/include/DEIPcK/utility/System.h:54,
                 from ../../app_bsp/microblaze_0/include/DEIPcK/utility/deIP.h:59,
                 from ../../app_bsp/microblaze_0/include/DEIPcK/DEIPcK.h:64,
                 from ../../app_bsp/microblaze_0/include/PmodWIFI.h:2,
                 from ../src/main.cc:52:
c:\xilinx\vivado\myprojects\pmod_wifi_old\pmod_wifi.sdk\app_bsp\microblaze_0\include\mrf24g\utility\wf_customize.h:50:0: warning: "INLINE" redefined
 #define INLINE
 
In file included from ../../app_bsp/microblaze_0/include/DEIPcK/utility/fpga/System.h:62:0,
                 from ../../app_bsp/microblaze_0/include/DEIPcK/utility/System.h:54,
                 from ../../app_bsp/microblaze_0/include/DEIPcK/utility/deIP.h:59,
                 from ../../app_bsp/microblaze_0/include/DEIPcK/DEIPcK.h:64,
                 from ../../app_bsp/microblaze_0/include/PmodWIFI.h:2,
                 from ../src/main.cc:52:
../../app_bsp/microblaze_0/include/xil_io.h:99:0: note: this is the location of the previous definition
 #define INLINE inline
 
'Finished building: ../src/main.cc'
' '
'Building target: app.elf'
'Invoking: MicroBlaze g++ linker'
mb-g++ -Wl,-T -Wl,../src/lscript.ld -L../../app_bsp/microblaze_0/lib -mlittle-endian -mcpu=v10.0 -mxl-soft-mul -Wl,--no-relax -Wl,--gc-sections -o "app.elf"  ./src/main.o   -Wl,--start-group,-lxil,-lgcc,-lc,-lstdc++,--end-group
'Finished building target: app.elf'
' '
'Invoking: MicroBlaze Print Size'
mb-size app.elf  |tee "app.elf.size"
   text	   data	    bss	    dec	    hex	filename
 340072	   1884	  20228	 362184	  586c8	app.elf
'Finished building: app.elf.size'
' '
00:56:49 **** Incremental Build of configuration Debug for project app ****
make all 
make: Nothing to be done for `all'.
01:03:00 **** Incremental Build of configuration Debug for project app ****
make all 
make: Nothing to be done for `all'.
01:06:53 **** Incremental Build of configuration Debug for project app ****
make all 
make: Nothing to be done for `all'.
01:12:05 **** Incremental Build of configuration Debug for project app ****
make all 
make: Nothing to be done for `all'.
01:17:03 **** Incremental Build of configuration Debug for project app ****
make all 
make: Nothing to be done for `all'.
01:21:49 **** Incremental Build of configuration Debug for project app ****
make all 
make: Nothing to be done for `all'.
01:24:23 **** Incremental Build of configuration Debug for project app ****
make all 
make: Nothing to be done for `all'.
