15:09:30 **** Build of project myWiFiScan_bsp ****
make -k all 
"Running Make include in microblaze_0/libsrc/bram_v4_1/src"
make -C microblaze_0/libsrc/bram_v4_1/src -s include  "SHELL=CMD" "COMPILER=mb-gcc" "ARCHIVER=mb-ar" "COMPILER_FLAGS= -O2 -c -mcpu=v10.0 -mlittle-endian -mxl-soft-mul" "EXTRA_COMPILER_FLAGS=-g"
"Running Make include in microblaze_0/libsrc/cpu_v2_5/src"
make -C microblaze_0/libsrc/cpu_v2_5/src -s include  "SHELL=CMD" "COMPILER=mb-gcc" "ARCHIVER=mb-ar" "COMPILER_FLAGS= -O2 -c -mcpu=v10.0 -mlittle-endian -mxl-soft-mul" "EXTRA_COMPILER_FLAGS=-g"
"Running Make include in microblaze_0/libsrc/gpio_v4_2/src"
make -C microblaze_0/libsrc/gpio_v4_2/src -s include  "SHELL=CMD" "COMPILER=mb-gcc" "ARCHIVER=mb-ar" "COMPILER_FLAGS= -O2 -c -mcpu=v10.0 -mlittle-endian -mxl-soft-mul" "EXTRA_COMPILER_FLAGS=-g"
"Running Make include in microblaze_0/libsrc/intc_v3_5/src"
make -C microblaze_0/libsrc/intc_v3_5/src -s include  "SHELL=CMD" "COMPILER=mb-gcc" "ARCHIVER=mb-ar" "COMPILER_FLAGS= -O2 -c -mcpu=v10.0 -mlittle-endian -mxl-soft-mul" "EXTRA_COMPILER_FLAGS=-g"
"Running Make include in microblaze_0/libsrc/PmodWIFI_v1_0/src"
make -C microblaze_0/libsrc/PmodWIFI_v1_0/src -s include  "SHELL=CMD" "COMPILER=mb-gcc" "ARCHIVER=mb-ar" "COMPILER_FLAGS= -O2 -c -mcpu=v10.0 -mlittle-endian -mxl-soft-mul" "EXTRA_COMPILER_FLAGS=-g"
"Running Make include in microblaze_0/libsrc/standalone_v6_0/src"
make -C microblaze_0/libsrc/standalone_v6_0/src -s include  "SHELL=CMD" "COMPILER=mb-gcc" "ARCHIVER=mb-ar" "COMPILER_FLAGS= -O2 -c -mcpu=v10.0 -mlittle-endian -mxl-soft-mul" "EXTRA_COMPILER_FLAGS=-g"
"Running Make include in microblaze_0/libsrc/uartlite_v3_2/src"
make -C microblaze_0/libsrc/uartlite_v3_2/src -s include  "SHELL=CMD" "COMPILER=mb-gcc" "ARCHIVER=mb-ar" "COMPILER_FLAGS= -O2 -c -mcpu=v10.0 -mlittle-endian -mxl-soft-mul" "EXTRA_COMPILER_FLAGS=-g"
"Running Make libs in microblaze_0/libsrc/bram_v4_1/src"
make -C microblaze_0/libsrc/bram_v4_1/src -s libs  "SHELL=CMD" "COMPILER=mb-gcc" "ARCHIVER=mb-ar" "COMPILER_FLAGS= -O2 -c -mcpu=v10.0 -mlittle-endian -mxl-soft-mul" "EXTRA_COMPILER_FLAGS=-g"
"Compiling bram"
mb-ar: creating ../../../lib/libxil.a
"Running Make libs in microblaze_0/libsrc/cpu_v2_5/src"
make -C microblaze_0/libsrc/cpu_v2_5/src -s libs  "SHELL=CMD" "COMPILER=mb-gcc" "ARCHIVER=mb-ar" "COMPILER_FLAGS= -O2 -c -mcpu=v10.0 -mlittle-endian -mxl-soft-mul" "EXTRA_COMPILER_FLAGS=-g"
"Compiling cpu"
"Running Make libs in microblaze_0/libsrc/gpio_v4_2/src"
make -C microblaze_0/libsrc/gpio_v4_2/src -s libs  "SHELL=CMD" "COMPILER=mb-gcc" "ARCHIVER=mb-ar" "COMPILER_FLAGS= -O2 -c -mcpu=v10.0 -mlittle-endian -mxl-soft-mul" "EXTRA_COMPILER_FLAGS=-g"
"Compiling gpio"
"Running Make libs in microblaze_0/libsrc/intc_v3_5/src"
make -C microblaze_0/libsrc/intc_v3_5/src -s libs  "SHELL=CMD" "COMPILER=mb-gcc" "ARCHIVER=mb-ar" "COMPILER_FLAGS= -O2 -c -mcpu=v10.0 -mlittle-endian -mxl-soft-mul" "EXTRA_COMPILER_FLAGS=-g"
"Compiling intc"
"Running Make libs in microblaze_0/libsrc/PmodWIFI_v1_0/src"
make -C microblaze_0/libsrc/PmodWIFI_v1_0/src -s libs  "SHELL=CMD" "COMPILER=mb-gcc" "ARCHIVER=mb-ar" "COMPILER_FLAGS= -O2 -c -mcpu=v10.0 -mlittle-endian -mxl-soft-mul" "EXTRA_COMPILER_FLAGS=-g"
"Compiling PmodWIFI..."
In file included from ./DEIPcK/utility/fpga/../../../MRF24G/utility/ud_inc/internal/wf_global_includes.h:44:0,
                 from ./DEIPcK/utility/fpga/System.h:64,
                 from ./DEIPcK/utility/System.h:54,
                 from ./DEIPcK/utility/deIP.h:59,
                 from ../../../include/DEIPcK.h:64,
                 from DEIPcK/DEIPcK.cpp:54:
./DEIPcK/utility/fpga/../../../MRF24G/utility/ud_inc/internal/../../wf_customize.h:50:0: warning: "INLINE" redefined
 #define INLINE
 ^
In file included from ./DEIPcK/utility/fpga/System.h:62:0,
                 from ./DEIPcK/utility/System.h:54,
                 from ./DEIPcK/utility/deIP.h:59,
                 from ../../../include/DEIPcK.h:64,
                 from DEIPcK/DEIPcK.cpp:54:
../../../include/xil_io.h:94:0: note: this is the location of the previous definition
 #define INLINE inline
 ^
In file included from DEIPcK/utility/fpga/../../../MRF24G/utility/ud_inc/internal/wf_global_includes.h:44:0,
                 from DEIPcK/utility/fpga/System.h:64,
                 from DEIPcK/utility/System.h:54,
                 from DEIPcK/utility/deIP.h:59,
                 from DEIPcK/DEIPcK.h:64,
                 from DEIPcK/TCPServer.cpp:51:
DEIPcK/utility/fpga/../../../MRF24G/utility/ud_inc/internal/../../wf_customize.h:50:0: warning: "INLINE" redefined
 #define INLINE
 ^
In file included from DEIPcK/utility/fpga/System.h:62:0,
                 from DEIPcK/utility/System.h:54,
                 from DEIPcK/utility/deIP.h:59,
                 from DEIPcK/DEIPcK.h:64,
                 from DEIPcK/TCPServer.cpp:51:
../../../include/xil_io.h:94:0: note: this is the location of the previous definition
 #define INLINE inline
 ^
In file included from DEIPcK/utility/fpga/../../../MRF24G/utility/ud_inc/internal/wf_global_includes.h:44:0,
                 from DEIPcK/utility/fpga/System.h:64,
                 from DEIPcK/utility/System.h:54,
                 from DEIPcK/utility/deIP.h:59,
                 from DEIPcK/DEIPcK.h:64,
                 from DEIPcK/TCPSocket.cpp:51:
DEIPcK/utility/fpga/../../../MRF24G/utility/ud_inc/internal/../../wf_customize.h:50:0: warning: "INLINE" redefined
 #define INLINE
 ^
In file included from DEIPcK/utility/fpga/System.h:62:0,
                 from DEIPcK/utility/System.h:54,
                 from DEIPcK/utility/deIP.h:59,
                 from DEIPcK/DEIPcK.h:64,
                 from DEIPcK/TCPSocket.cpp:51:
../../../include/xil_io.h:94:0: note: this is the location of the previous definition
 #define INLINE inline
 ^
In file included from DEIPcK/utility/fpga/../../../MRF24G/utility/ud_inc/internal/wf_global_includes.h:44:0,
                 from DEIPcK/utility/fpga/System.h:64,
                 from DEIPcK/utility/System.h:54,
                 from DEIPcK/utility/deIP.h:59,
                 from DEIPcK/DEIPcK.h:64,
                 from DEIPcK/UDPServer.cpp:51:
DEIPcK/utility/fpga/../../../MRF24G/utility/ud_inc/internal/../../wf_customize.h:50:0: warning: "INLINE" redefined
 #define INLINE
 ^
In file included from DEIPcK/utility/fpga/System.h:62:0,
                 from DEIPcK/utility/System.h:54,
                 from DEIPcK/utility/deIP.h:59,
                 from DEIPcK/DEIPcK.h:64,
                 from DEIPcK/UDPServer.cpp:51:
../../../include/xil_io.h:94:0: note: this is the location of the previous definition
 #define INLINE inline
 ^
In file included from DEIPcK/utility/fpga/../../../MRF24G/utility/ud_inc/internal/wf_global_includes.h:44:0,
                 from DEIPcK/utility/fpga/System.h:64,
                 from DEIPcK/utility/System.h:54,
                 from DEIPcK/utility/deIP.h:59,
                 from DEIPcK/DEIPcK.h:64,
                 from DEIPcK/UDPSocket.cpp:51:
DEIPcK/utility/fpga/../../../MRF24G/utility/ud_inc/internal/../../wf_customize.h:50:0: warning: "INLINE" redefined
 #define INLINE
 ^
In file included from DEIPcK/utility/fpga/System.h:62:0,
                 from DEIPcK/utility/System.h:54,
                 from DEIPcK/utility/deIP.h:59,
                 from DEIPcK/DEIPcK.h:64,
                 from DEIPcK/UDPSocket.cpp:51:
../../../include/xil_io.h:94:0: note: this is the location of the previous definition
 #define INLINE inline
 ^
In file included from DEIPcK/utility/fpga/../../../MRF24G/utility/ud_inc/internal/wf_global_includes.h:44:0,
                 from DEIPcK/utility/fpga/System.h:64,
                 from DEIPcK/utility/System.h:54,
                 from DEIPcK/utility/deIP.h:59,
                 from DEIPcK/utility/DHCP.c:52:
DEIPcK/utility/fpga/../../../MRF24G/utility/ud_inc/internal/../../wf_customize.h:50:0: warning: "INLINE" redefined
 #define INLINE
 ^
In file included from DEIPcK/utility/fpga/System.h:62:0,
                 from DEIPcK/utility/System.h:54,
                 from DEIPcK/utility/deIP.h:59,
                 from DEIPcK/utility/DHCP.c:52:
../../../include/xil_io.h:94:0: note: this is the location of the previous definition
 #define INLINE inline
 ^
In file included from DEIPcK/utility/fpga/../../../MRF24G/utility/ud_inc/internal/wf_global_includes.h:44:0,
                 from DEIPcK/utility/fpga/System.h:64,
                 from DEIPcK/utility/System.h:54,
                 from DEIPcK/utility/deIP.h:59,
                 from DEIPcK/utility/DNS.c:53:
DEIPcK/utility/fpga/../../../MRF24G/utility/ud_inc/internal/../../wf_customize.h:50:0: warning: "INLINE" redefined
 #define INLINE
 ^
In file included from DEIPcK/utility/fpga/System.h:62:0,
                 from DEIPcK/utility/System.h:54,
                 from DEIPcK/utility/deIP.h:59,
                 from DEIPcK/utility/DNS.c:53:
../../../include/xil_io.h:94:0: note: this is the location of the previous definition
 #define INLINE inline
 ^
In file included from DEIPcK/utility/fpga/../../../MRF24G/utility/ud_inc/internal/wf_global_includes.h:44:0,
                 from DEIPcK/utility/fpga/System.h:64,
                 from DEIPcK/utility/System.h:54,
                 from DEIPcK/utility/deIP.h:59,
                 from DEIPcK/utility/HeapMgr.c:51:
DEIPcK/utility/fpga/../../../MRF24G/utility/ud_inc/internal/../../wf_customize.h:50:0: warning: "INLINE" redefined
 #define INLINE
 ^
In file included from DEIPcK/utility/fpga/System.h:62:0,
                 from DEIPcK/utility/System.h:54,
                 from DEIPcK/utility/deIP.h:59,
                 from DEIPcK/utility/HeapMgr.c:51:
../../../include/xil_io.h:94:0: note: this is the location of the previous definition
 #define INLINE inline
 ^
In file included from DEIPcK/utility/fpga/../../../MRF24G/utility/ud_inc/internal/wf_global_includes.h:44:0,
                 from DEIPcK/utility/fpga/System.h:64,
                 from DEIPcK/utility/System.h:54,
                 from DEIPcK/utility/deIP.h:59,
                 from DEIPcK/utility/ICMP.c:57:
DEIPcK/utility/fpga/../../../MRF24G/utility/ud_inc/internal/../../wf_customize.h:50:0: warning: "INLINE" redefined
 #define INLINE
 ^
In file included from DEIPcK/utility/fpga/System.h:62:0,
                 from DEIPcK/utility/System.h:54,
                 from DEIPcK/utility/deIP.h:59,
                 from DEIPcK/utility/ICMP.c:57:
../../../include/xil_io.h:94:0: note: this is the location of the previous definition
 #define INLINE inline
 ^
In file included from DEIPcK/utility/fpga/../../../MRF24G/utility/ud_inc/internal/wf_global_includes.h:44:0,
                 from DEIPcK/utility/fpga/System.h:64,
                 from DEIPcK/utility/System.h:54,
                 from DEIPcK/utility/deIP.h:59,
                 from DEIPcK/utility/InternetLayer.c:53:
DEIPcK/utility/fpga/../../../MRF24G/utility/ud_inc/internal/../../wf_customize.h:50:0: warning: "INLINE" redefined
 #define INLINE
 ^
In file included from DEIPcK/utility/fpga/System.h:62:0,
                 from DEIPcK/utility/System.h:54,
                 from DEIPcK/utility/deIP.h:59,
                 from DEIPcK/utility/InternetLayer.c:53:
../../../include/xil_io.h:94:0: note: this is the location of the previous definition
 #define INLINE inline
 ^
In file included from DEIPcK/utility/fpga/../../../MRF24G/utility/ud_inc/internal/wf_global_includes.h:44:0,
                 from DEIPcK/utility/fpga/System.h:64,
                 from DEIPcK/utility/System.h:54,
                 from DEIPcK/utility/deIP.h:59,
                 from DEIPcK/utility/IPStack.c:54:
DEIPcK/utility/fpga/../../../MRF24G/utility/ud_inc/internal/../../wf_customize.h:50:0: warning: "INLINE" redefined
 #define INLINE
 ^
In file included from DEIPcK/utility/fpga/System.h:62:0,
                 from DEIPcK/utility/System.h:54,
                 from DEIPcK/utility/deIP.h:59,
                 from DEIPcK/utility/IPStack.c:54:
../../../include/xil_io.h:94:0: note: this is the location of the previous definition
 #define INLINE inline
 ^
In file included from DEIPcK/utility/fpga/../../../MRF24G/utility/ud_inc/internal/wf_global_includes.h:44:0,
                 from DEIPcK/utility/fpga/System.h:64,
                 from DEIPcK/utility/System.h:54,
                 from DEIPcK/utility/deIP.h:59,
                 from DEIPcK/utility/LinkLayer.c:53:
DEIPcK/utility/fpga/../../../MRF24G/utility/ud_inc/internal/../../wf_customize.h:50:0: warning: "INLINE" redefined
 #define INLINE
 ^
In file included from DEIPcK/utility/fpga/System.h:62:0,
                 from DEIPcK/utility/System.h:54,
                 from DEIPcK/utility/deIP.h:59,
                 from DEIPcK/utility/LinkLayer.c:53:
../../../include/xil_io.h:94:0: note: this is the location of the previous definition
 #define INLINE inline
 ^
In file included from DEIPcK/utility/fpga/../../../MRF24G/utility/ud_inc/internal/wf_global_includes.h:44:0,
                 from DEIPcK/utility/fpga/System.h:64,
                 from DEIPcK/utility/System.h:54,
                 from DEIPcK/utility/deIP.h:59,
                 from DEIPcK/utility/SNTPv4.c:53:
DEIPcK/utility/fpga/../../../MRF24G/utility/ud_inc/internal/../../wf_customize.h:50:0: warning: "INLINE" redefined
 #define INLINE
 ^
In file included from DEIPcK/utility/fpga/System.h:62:0,
                 from DEIPcK/utility/System.h:54,
                 from DEIPcK/utility/deIP.h:59,
                 from DEIPcK/utility/SNTPv4.c:53:
../../../include/xil_io.h:94:0: note: this is the location of the previous definition
 #define INLINE inline
 ^
In file included from ./DEIPcK/utility/fpga/../../../MRF24G/utility/ud_inc/internal/wf_global_includes.h:44:0,
                 from ./DEIPcK/utility/fpga/System.h:64,
                 from ./DEIPcK/utility/System.h:54,
                 from ./DEIPcK/utility/deIP.h:59,
                 from DEIPcK/utility/fpga/System.c:53,
                 from DEIPcK/utility/System.c:54:
./DEIPcK/utility/fpga/../../../MRF24G/utility/ud_inc/internal/../../wf_customize.h:50:0: warning: "INLINE" redefined
 #define INLINE
 ^
In file included from ./DEIPcK/utility/fpga/System.h:62:0,
                 from ./DEIPcK/utility/System.h:54,
                 from ./DEIPcK/utility/deIP.h:59,
                 from DEIPcK/utility/fpga/System.c:53,
                 from DEIPcK/utility/System.c:54:
../../../include/xil_io.h:94:0: note: this is the location of the previous definition
 #define INLINE inline
 ^
In file included from DEIPcK/utility/fpga/../../../MRF24G/utility/ud_inc/internal/wf_global_includes.h:44:0,
                 from DEIPcK/utility/fpga/System.h:64,
                 from DEIPcK/utility/System.h:54,
                 from DEIPcK/utility/deIP.h:59,
                 from DEIPcK/utility/TCP.c:51:
DEIPcK/utility/fpga/../../../MRF24G/utility/ud_inc/internal/../../wf_customize.h:50:0: warning: "INLINE" redefined
 #define INLINE
 ^
In file included from DEIPcK/utility/fpga/System.h:62:0,
                 from DEIPcK/utility/System.h:54,
                 from DEIPcK/utility/deIP.h:59,
                 from DEIPcK/utility/TCP.c:51:
../../../include/xil_io.h:94:0: note: this is the location of the previous definition
 #define INLINE inline
 ^
In file included from DEIPcK/utility/fpga/../../../MRF24G/utility/ud_inc/internal/wf_global_includes.h:44:0,
                 from DEIPcK/utility/fpga/System.h:64,
                 from DEIPcK/utility/System.h:54,
                 from DEIPcK/utility/deIP.h:59,
                 from DEIPcK/utility/TCPRFC793.c:51:
DEIPcK/utility/fpga/../../../MRF24G/utility/ud_inc/internal/../../wf_customize.h:50:0: warning: "INLINE" redefined
 #define INLINE
 ^
In file included from DEIPcK/utility/fpga/System.h:62:0,
                 from DEIPcK/utility/System.h:54,
                 from DEIPcK/utility/deIP.h:59,
                 from DEIPcK/utility/TCPRFC793.c:51:
../../../include/xil_io.h:94:0: note: this is the location of the previous definition
 #define INLINE inline
 ^
In file included from DEIPcK/utility/fpga/../../../MRF24G/utility/ud_inc/internal/wf_global_includes.h:44:0,
                 from DEIPcK/utility/fpga/System.h:64,
                 from DEIPcK/utility/System.h:54,
                 from DEIPcK/utility/deIP.h:59,
                 from DEIPcK/utility/TCPStateMachine.c:51:
DEIPcK/utility/fpga/../../../MRF24G/utility/ud_inc/internal/../../wf_customize.h:50:0: warning: "INLINE" redefined
 #define INLINE
 ^
In file included from DEIPcK/utility/fpga/System.h:62:0,
                 from DEIPcK/utility/System.h:54,
                 from DEIPcK/utility/deIP.h:59,
                 from DEIPcK/utility/TCPStateMachine.c:51:
../../../include/xil_io.h:94:0: note: this is the location of the previous definition
 #define INLINE inline
 ^
In file included from DEIPcK/utility/fpga/../../../MRF24G/utility/ud_inc/internal/wf_global_includes.h:44:0,
                 from DEIPcK/utility/fpga/System.h:64,
                 from DEIPcK/utility/System.h:54,
                 from DEIPcK/utility/deIP.h:59,
                 from DEIPcK/utility/UDP.c:52:
DEIPcK/utility/fpga/../../../MRF24G/utility/ud_inc/internal/../../wf_customize.h:50:0: warning: "INLINE" redefined
 #define INLINE
 ^
In file included from DEIPcK/utility/fpga/System.h:62:0,
                 from DEIPcK/utility/System.h:54,
                 from DEIPcK/utility/deIP.h:59,
                 from DEIPcK/utility/UDP.c:52:
../../../include/xil_io.h:94:0: note: this is the location of the previous definition
 #define INLINE inline
 ^
In file included from ./DEIPcK/utility/fpga/../../../MRF24G/utility/ud_inc/internal/wf_global_includes.h:44:0,
                 from ./DEIPcK/utility/fpga/System.h:64,
                 from ./DEIPcK/utility/System.h:54,
                 from ./DEIPcK/utility/deIP.h:59,
                 from ../../../include/DEIPcK.h:64,
                 from DEWFck/DEWFcK.cpp:56:
./DEIPcK/utility/fpga/../../../MRF24G/utility/ud_inc/internal/../../wf_customize.h:50:0: warning: "INLINE" redefined
 #define INLINE
 ^
In file included from ./DEIPcK/utility/fpga/System.h:62:0,
                 from ./DEIPcK/utility/System.h:54,
                 from ./DEIPcK/utility/deIP.h:59,
                 from ../../../include/DEIPcK.h:64,
                 from DEWFck/DEWFcK.cpp:56:
../../../include/xil_io.h:94:0: note: this is the location of the previous definition
 #define INLINE inline
 ^
In file included from MRF24G/../DEIPcK/utility/fpga/../../../MRF24G/utility/ud_inc/internal/wf_global_includes.h:44:0,
                 from MRF24G/../DEIPcK/utility/fpga/System.h:64,
                 from MRF24G/../DEIPcK/utility/System.h:54,
                 from MRF24G/../DEIPcK/utility/deIP.h:59,
                 from MRF24G/MRF24GAdaptor.h:61,
                 from MRF24G/MRF24GAdaptor.c:52:
MRF24G/../DEIPcK/utility/fpga/../../../MRF24G/utility/ud_inc/internal/../../wf_customize.h:50:0: warning: "INLINE" redefined
 #define INLINE
 ^
In file included from MRF24G/../DEIPcK/utility/fpga/System.h:62:0,
                 from MRF24G/../DEIPcK/utility/System.h:54,
                 from MRF24G/../DEIPcK/utility/deIP.h:59,
                 from MRF24G/MRF24GAdaptor.h:61,
                 from MRF24G/MRF24GAdaptor.c:52:
../../../include/xil_io.h:94:0: note: this is the location of the previous definition
 #define INLINE inline
 ^
In file included from ../../../include/MRF24G/../DEIPcK/utility/fpga/../../../MRF24G/utility/ud_inc/internal/wf_global_includes.h:44:0,
                 from ../../../include/MRF24G/../DEIPcK/utility/fpga/System.h:64,
                 from ../../../include/MRF24G/../DEIPcK/utility/System.h:54,
                 from MRF24G/utility/fpga/DEMRF24G.cpp:54,
                 from MRF24G/DEMRF24G.cpp:55:
../../../include/MRF24G/../DEIPcK/utility/fpga/../../../MRF24G/utility/ud_inc/internal/../../wf_customize.h:50:0: warning: "INLINE" redefined
 #define INLINE
 ^
In file included from ../../../include/MRF24G/../DEIPcK/utility/fpga/System.h:62:0,
                 from ../../../include/MRF24G/../DEIPcK/utility/System.h:54,
                 from MRF24G/utility/fpga/DEMRF24G.cpp:54,
                 from MRF24G/DEMRF24G.cpp:55:
../../../include/xil_io.h:94:0: note: this is the location of the previous definition
 #define INLINE inline
 ^
In file included from MRF24G/utility/fpga/../../../DEIPcK/utility/fpga/../../../MRF24G/utility/ud_inc/internal/wf_global_includes.h:44:0,
                 from MRF24G/utility/fpga/../../../DEIPcK/utility/fpga/System.h:64,
                 from MRF24G/utility/fpga/../../../DEIPcK/utility/System.h:54,
                 from MRF24G/utility/fpga/wf_eint_stub.c:47,
                 from MRF24G/utility/wf_eint_stub.c:45:
MRF24G/utility/fpga/../../../DEIPcK/utility/fpga/../../../MRF24G/utility/ud_inc/internal/../../wf_customize.h:50:0: warning: "INLINE" redefined
 #define INLINE
 ^
In file included from ././xgpio_l.h:87:0,
                 from ././xgpio.h:125,
                 from MRF24G/utility/fpga/wf_eint_stub.c:46,
                 from MRF24G/utility/wf_eint_stub.c:45:
../../../include/xil_io.h:94:0: note: this is the location of the previous definition
 #define INLINE inline
 ^
In file included from MRF24G/utility/fpga/../../../DEIPcK/utility/fpga/../../../MRF24G/utility/ud_inc/internal/wf_global_includes.h:44:0,
                 from MRF24G/utility/fpga/../../../DEIPcK/utility/fpga/System.h:64,
                 from MRF24G/utility/fpga/../../../DEIPcK/utility/System.h:54,
                 from MRF24G/utility/fpga/../../../DEIPcK/utility/deIP.h:59,
                 from MRF24G/utility/fpga/../../MRF24GAdaptor.h:61,
                 from MRF24G/utility/fpga/wf_event_stub.c:33,
                 from MRF24G/utility/wf_event_stub.c:34:
MRF24G/utility/fpga/../../../DEIPcK/utility/fpga/../../../MRF24G/utility/ud_inc/internal/../../wf_customize.h:50:0: warning: "INLINE" redefined
 #define INLINE
 ^
In file included from MRF24G/utility/fpga/../../../DEIPcK/utility/fpga/System.h:62:0,
                 from MRF24G/utility/fpga/../../../DEIPcK/utility/System.h:54,
                 from MRF24G/utility/fpga/../../../DEIPcK/utility/deIP.h:59,
                 from MRF24G/utility/fpga/../../MRF24GAdaptor.h:61,
                 from MRF24G/utility/fpga/wf_event_stub.c:33,
                 from MRF24G/utility/wf_event_stub.c:34:
../../../include/xil_io.h:94:0: note: this is the location of the previous definition
 #define INLINE inline
 ^
In file included from MRF24G/utility/fpga/../../../DEIPcK/utility/fpga/../../../MRF24G/utility/ud_inc/internal/wf_global_includes.h:44:0,
                 from MRF24G/utility/fpga/../../../DEIPcK/utility/fpga/System.h:64,
                 from MRF24G/utility/fpga/../../../DEIPcK/utility/System.h:54,
                 from MRF24G/utility/fpga/wf_gpio_stub.c:45,
                 from MRF24G/utility/wf_gpio_stub.c:47:
MRF24G/utility/fpga/../../../DEIPcK/utility/fpga/../../../MRF24G/utility/ud_inc/internal/../../wf_customize.h:50:0: warning: "INLINE" redefined
 #define INLINE
 ^
In file included from MRF24G/utility/fpga/../../../DEIPcK/utility/fpga/System.h:62:0,
                 from MRF24G/utility/fpga/../../../DEIPcK/utility/System.h:54,
                 from MRF24G/utility/fpga/wf_gpio_stub.c:45,
                 from MRF24G/utility/wf_gpio_stub.c:47:
../../../include/xil_io.h:94:0: note: this is the location of the previous definition
 #define INLINE inline
 ^
In file included from MRF24G/utility/fpga/../../../DEIPcK/utility/fpga/../../../MRF24G/utility/ud_inc/internal/wf_global_includes.h:44:0,
                 from MRF24G/utility/fpga/../../../DEIPcK/utility/fpga/System.h:64,
                 from MRF24G/utility/fpga/../../../DEIPcK/utility/System.h:54,
                 from MRF24G/utility/fpga/wf_spi_stub.c:47,
                 from MRF24G/utility/wf_spi_stub.c:47:
MRF24G/utility/fpga/../../../DEIPcK/utility/fpga/../../../MRF24G/utility/ud_inc/internal/../../wf_customize.h:50:0: warning: "INLINE" redefined
 #define INLINE
 ^
In file included from MRF24G/utility/fpga/../../../DEIPcK/utility/fpga/System.h:62:0,
                 from MRF24G/utility/fpga/../../../DEIPcK/utility/System.h:54,
                 from MRF24G/utility/fpga/wf_spi_stub.c:47,
                 from MRF24G/utility/wf_spi_stub.c:47:
../../../include/xil_io.h:94:0: note: this is the location of the previous definition
 #define INLINE inline
 ^
In file included from MRF24G/utility/fpga/../../../DEIPcK/utility/fpga/../../../MRF24G/utility/ud_inc/internal/wf_global_includes.h:44:0,
                 from MRF24G/utility/fpga/../../../DEIPcK/utility/fpga/System.h:64,
                 from MRF24G/utility/fpga/../../../DEIPcK/utility/System.h:54,
                 from MRF24G/utility/fpga/wf_timer_stub.c:46,
                 from MRF24G/utility/wf_timer_stub.c:46:
MRF24G/utility/fpga/../../../DEIPcK/utility/fpga/../../../MRF24G/utility/ud_inc/internal/../../wf_customize.h:50:0: warning: "INLINE" redefined
 #define INLINE
 ^
In file included from MRF24G/utility/fpga/../../../DEIPcK/utility/fpga/System.h:62:0,
                 from MRF24G/utility/fpga/../../../DEIPcK/utility/System.h:54,
                 from MRF24G/utility/fpga/wf_timer_stub.c:46,
                 from MRF24G/utility/wf_timer_stub.c:46:
../../../include/xil_io.h:94:0: note: this is the location of the previous definition
 #define INLINE inline
 ^
In file included from MRF24G/utility/fpga/../../../DEIPcK/utility/fpga/../../../MRF24G/utility/ud_inc/internal/wf_global_includes.h:44:0,
                 from MRF24G/utility/fpga/../../../DEIPcK/utility/fpga/System.h:64,
                 from MRF24G/utility/fpga/../../../DEIPcK/utility/System.h:54,
                 from MRF24G/utility/fpga/wf_eint_stub.c:47:
MRF24G/utility/fpga/../../../DEIPcK/utility/fpga/../../../MRF24G/utility/ud_inc/internal/../../wf_customize.h:50:0: warning: "INLINE" redefined
 #define INLINE
 ^
In file included from ././xgpio_l.h:87:0,
                 from ././xgpio.h:125,
                 from MRF24G/utility/fpga/wf_eint_stub.c:46:
../../../include/xil_io.h:94:0: note: this is the location of the previous definition
 #define INLINE inline
 ^
In file included from MRF24G/utility/fpga/../../../DEIPcK/utility/fpga/../../../MRF24G/utility/ud_inc/internal/wf_global_includes.h:44:0,
                 from MRF24G/utility/fpga/../../../DEIPcK/utility/fpga/System.h:64,
                 from MRF24G/utility/fpga/../../../DEIPcK/utility/System.h:54,
                 from MRF24G/utility/fpga/../../../DEIPcK/utility/deIP.h:59,
                 from MRF24G/utility/fpga/../../MRF24GAdaptor.h:61,
                 from MRF24G/utility/fpga/wf_event_stub.c:33:
MRF24G/utility/fpga/../../../DEIPcK/utility/fpga/../../../MRF24G/utility/ud_inc/internal/../../wf_customize.h:50:0: warning: "INLINE" redefined
 #define INLINE
 ^
In file included from MRF24G/utility/fpga/../../../DEIPcK/utility/fpga/System.h:62:0,
                 from MRF24G/utility/fpga/../../../DEIPcK/utility/System.h:54,
                 from MRF24G/utility/fpga/../../../DEIPcK/utility/deIP.h:59,
                 from MRF24G/utility/fpga/../../MRF24GAdaptor.h:61,
                 from MRF24G/utility/fpga/wf_event_stub.c:33:
../../../include/xil_io.h:94:0: note: this is the location of the previous definition
 #define INLINE inline
 ^
In file included from MRF24G/utility/fpga/../../../DEIPcK/utility/fpga/../../../MRF24G/utility/ud_inc/internal/wf_global_includes.h:44:0,
                 from MRF24G/utility/fpga/../../../DEIPcK/utility/fpga/System.h:64,
                 from MRF24G/utility/fpga/../../../DEIPcK/utility/System.h:54,
                 from MRF24G/utility/fpga/wf_gpio_stub.c:45:
MRF24G/utility/fpga/../../../DEIPcK/utility/fpga/../../../MRF24G/utility/ud_inc/internal/../../wf_customize.h:50:0: warning: "INLINE" redefined
 #define INLINE
 ^
In file included from MRF24G/utility/fpga/../../../DEIPcK/utility/fpga/System.h:62:0,
                 from MRF24G/utility/fpga/../../../DEIPcK/utility/System.h:54,
                 from MRF24G/utility/fpga/wf_gpio_stub.c:45:
../../../include/xil_io.h:94:0: note: this is the location of the previous definition
 #define INLINE inline
 ^
In file included from MRF24G/utility/fpga/../../../DEIPcK/utility/fpga/../../../MRF24G/utility/ud_inc/internal/wf_global_includes.h:44:0,
                 from MRF24G/utility/fpga/../../../DEIPcK/utility/fpga/System.h:64,
                 from MRF24G/utility/fpga/../../../DEIPcK/utility/System.h:54,
                 from MRF24G/utility/fpga/wf_spi_stub.c:47:
MRF24G/utility/fpga/../../../DEIPcK/utility/fpga/../../../MRF24G/utility/ud_inc/internal/../../wf_customize.h:50:0: warning: "INLINE" redefined
 #define INLINE
 ^
In file included from MRF24G/utility/fpga/../../../DEIPcK/utility/fpga/System.h:62:0,
                 from MRF24G/utility/fpga/../../../DEIPcK/utility/System.h:54,
                 from MRF24G/utility/fpga/wf_spi_stub.c:47:
../../../include/xil_io.h:94:0: note: this is the location of the previous definition
 #define INLINE inline
 ^
In file included from MRF24G/utility/fpga/../../../DEIPcK/utility/fpga/../../../MRF24G/utility/ud_inc/internal/wf_global_includes.h:44:0,
                 from MRF24G/utility/fpga/../../../DEIPcK/utility/fpga/System.h:64,
                 from MRF24G/utility/fpga/../../../DEIPcK/utility/System.h:54,
                 from MRF24G/utility/fpga/wf_timer_stub.c:46:
MRF24G/utility/fpga/../../../DEIPcK/utility/fpga/../../../MRF24G/utility/ud_inc/internal/../../wf_customize.h:50:0: warning: "INLINE" redefined
 #define INLINE
 ^
In file included from MRF24G/utility/fpga/../../../DEIPcK/utility/fpga/System.h:62:0,
                 from MRF24G/utility/fpga/../../../DEIPcK/utility/System.h:54,
                 from MRF24G/utility/fpga/wf_timer_stub.c:46:
../../../include/xil_io.h:94:0: note: this is the location of the previous definition
 #define INLINE inline
 ^
In file included from ../../../include/MRF24G/../DEIPcK/utility/fpga/../../../MRF24G/utility/ud_inc/internal/wf_global_includes.h:44:0,
                 from ../../../include/MRF24G/../DEIPcK/utility/fpga/System.h:64,
                 from ../../../include/MRF24G/../DEIPcK/utility/System.h:54,
                 from MRF24G/utility/fpga/DEMRF24G.cpp:54:
../../../include/MRF24G/../DEIPcK/utility/fpga/../../../MRF24G/utility/ud_inc/internal/../../wf_customize.h:50:0: warning: "INLINE" redefined
 #define INLINE
 ^
In file included from ../../../include/MRF24G/../DEIPcK/utility/fpga/System.h:62:0,
                 from ../../../include/MRF24G/../DEIPcK/utility/System.h:54,
                 from MRF24G/utility/fpga/DEMRF24G.cpp:54:
../../../include/xil_io.h:94:0: note: this is the location of the previous definition
 #define INLINE inline
 ^
"Running Make libs in microblaze_0/libsrc/standalone_v6_0/src"
make -C microblaze_0/libsrc/standalone_v6_0/src -s libs  "SHELL=CMD" "COMPILER=mb-gcc" "ARCHIVER=mb-ar" "COMPILER_FLAGS= -O2 -c -mcpu=v10.0 -mlittle-endian -mxl-soft-mul" "EXTRA_COMPILER_FLAGS=-g"
"Compiling standalone";
"Running Make libs in microblaze_0/libsrc/uartlite_v3_2/src"
make -C microblaze_0/libsrc/uartlite_v3_2/src -s libs  "SHELL=CMD" "COMPILER=mb-gcc" "ARCHIVER=mb-ar" "COMPILER_FLAGS= -O2 -c -mcpu=v10.0 -mlittle-endian -mxl-soft-mul" "EXTRA_COMPILER_FLAGS=-g"
"Compiling uartlite"
'Finished building libraries'
15:09:56 **** Build of configuration Debug for project myWiFiScan ****
make all 
'Building file: ../src/main.cc'
'Invoking: MicroBlaze g++ compiler'
mb-g++ -Wall -O0 -g3 -c -fmessage-length=0 -MT"src/main.o" -I../../myWiFiScan_bsp/microblaze_0/include -mlittle-endian -mcpu=v10.0 -mxl-soft-mul -Wl,--no-relax -MMD -MP -MF"src/main.d" -MT"src/main.o" -o "src/main.o" "../src/main.cc"
'Finished building: ../src/main.cc'
' '
'Building target: myWiFiScan.elf'
'Invoking: MicroBlaze g++ linker'
mb-g++ -Wl,-T -Wl,../src/lscript.ld -L../../myWiFiScan_bsp/microblaze_0/lib -mlittle-endian -mcpu=v10.0 -mxl-soft-mul -Wl,--no-relax -o "myWiFiScan.elf"  ./src/main.o   -Wl,--start-group,-lxil,-lgcc,-lc,-lstdc++,--end-group
'Finished building target: myWiFiScan.elf'
' '
'Invoking: MicroBlaze Print Size'
mb-size myWiFiScan.elf  |tee "myWiFiScan.elf.size"
   text	   data	    bss	    dec	    hex	filename
   6136	    332	   3252	   9720	   25f8	myWiFiScan.elf
'Finished building: myWiFiScan.elf.size'
' '
15:10:02 **** Auto Build of configuration Debug for project myWiFiScan ****
make all 
'Building file: ../src/main.cc'
'Invoking: MicroBlaze g++ compiler'
mb-g++ -Wall -O0 -g3 -c -fmessage-length=0 -MT"src/main.o" -I../../myWiFiScan_bsp/microblaze_0/include -mlittle-endian -mcpu=v10.0 -mxl-soft-mul -Wl,--no-relax -MMD -MP -MF"src/main.d" -MT"src/main.o" -o "src/main.o" "../src/main.cc"
In file included from ../../myWiFiScan_bsp/microblaze_0/include/DEIPcK/utility/fpga/../../../MRF24G/utility/ud_inc/internal/wf_global_includes.h:44:0,
                 from ../../myWiFiScan_bsp/microblaze_0/include/DEIPcK/utility/fpga/System.h:64,
                 from ../../myWiFiScan_bsp/microblaze_0/include/DEIPcK/utility/System.h:54,
                 from ../../myWiFiScan_bsp/microblaze_0/include/DEIPcK/utility/deIP.h:59,
                 from ../../myWiFiScan_bsp/microblaze_0/include/DEIPcK/DEIPcK.h:64,
                 from ../../myWiFiScan_bsp/microblaze_0/include/PmodWIFI.h:2,
                 from ../src/main.cc:51:
../../myWiFiScan_bsp/microblaze_0/include/DEIPcK/utility/fpga/../../../MRF24G/utility/ud_inc/internal/../../wf_customize.h:50:0: warning: "INLINE" redefined
 #define INLINE
 ^
In file included from ../../myWiFiScan_bsp/microblaze_0/include/DEIPcK/utility/fpga/System.h:62:0,
                 from ../../myWiFiScan_bsp/microblaze_0/include/DEIPcK/utility/System.h:54,
                 from ../../myWiFiScan_bsp/microblaze_0/include/DEIPcK/utility/deIP.h:59,
                 from ../../myWiFiScan_bsp/microblaze_0/include/DEIPcK/DEIPcK.h:64,
                 from ../../myWiFiScan_bsp/microblaze_0/include/PmodWIFI.h:2,
                 from ../src/main.cc:51:
../../myWiFiScan_bsp/microblaze_0/include/xil_io.h:94:0: note: this is the location of the previous definition
 #define INLINE inline
 ^
'Finished building: ../src/main.cc'
' '
'Building target: myWiFiScan.elf'
'Invoking: MicroBlaze g++ linker'
mb-g++ -Wl,-T -Wl,../src/lscript.ld -L../../myWiFiScan_bsp/microblaze_0/lib -mlittle-endian -mcpu=v10.0 -mxl-soft-mul -Wl,--no-relax -o "myWiFiScan.elf"  ./src/main.o   -Wl,--start-group,-lxil,-lgcc,-lc,-lstdc++,--end-group
'Finished building target: myWiFiScan.elf'
' '
'Invoking: MicroBlaze Print Size'
mb-size myWiFiScan.elf  |tee "myWiFiScan.elf.size"
   text	   data	    bss	    dec	    hex	filename
 372128	   8208	  19192	 399528	  618a8	myWiFiScan.elf
'Finished building: myWiFiScan.elf.size'
' '
15:13:56 **** Incremental Build of configuration Debug for project myWiFiScan ****
make all 
make: Nothing to be done for `all'.
15:15:52 **** Incremental Build of configuration Debug for project myWiFiScan ****
make all 
make: Nothing to be done for `all'.
15:18:10 **** Incremental Build of configuration Debug for project myWiFiScan ****
make all 
make: Nothing to be done for `all'.
15:20:14 **** Auto Build of configuration Debug for project myWiFiScan ****
make all 
'Building file: ../src/main.cc'
'Invoking: MicroBlaze g++ compiler'
mb-g++ -Wall -O0 -g3 -c -fmessage-length=0 -MT"src/main.o" -I../../myWiFiScan_bsp/microblaze_0/include -mlittle-endian -mcpu=v10.0 -mxl-soft-mul -Wl,--no-relax -MMD -MP -MF"src/main.d" -MT"src/main.o" -o "src/main.o" "../src/main.cc"
In file included from ../../myWiFiScan_bsp/microblaze_0/include/DEIPcK/utility/fpga/../../../MRF24G/utility/ud_inc/internal/wf_global_includes.h:44:0,
                 from ../../myWiFiScan_bsp/microblaze_0/include/DEIPcK/utility/fpga/System.h:64,
                 from ../../myWiFiScan_bsp/microblaze_0/include/DEIPcK/utility/System.h:54,
                 from ../../myWiFiScan_bsp/microblaze_0/include/DEIPcK/utility/deIP.h:59,
                 from ../../myWiFiScan_bsp/microblaze_0/include/DEIPcK/DEIPcK.h:64,
                 from ../../myWiFiScan_bsp/microblaze_0/include/PmodWIFI.h:2,
                 from ../src/main.cc:52:
../../myWiFiScan_bsp/microblaze_0/include/DEIPcK/utility/fpga/../../../MRF24G/utility/ud_inc/internal/../../wf_customize.h:50:0: warning: "INLINE" redefined
 #define INLINE
 ^
In file included from ../../myWiFiScan_bsp/microblaze_0/include/DEIPcK/utility/fpga/System.h:62:0,
                 from ../../myWiFiScan_bsp/microblaze_0/include/DEIPcK/utility/System.h:54,
                 from ../../myWiFiScan_bsp/microblaze_0/include/DEIPcK/utility/deIP.h:59,
                 from ../../myWiFiScan_bsp/microblaze_0/include/DEIPcK/DEIPcK.h:64,
                 from ../../myWiFiScan_bsp/microblaze_0/include/PmodWIFI.h:2,
                 from ../src/main.cc:52:
../../myWiFiScan_bsp/microblaze_0/include/xil_io.h:94:0: note: this is the location of the previous definition
 #define INLINE inline
 ^
'Finished building: ../src/main.cc'
' '
'Building target: myWiFiScan.elf'
'Invoking: MicroBlaze g++ linker'
mb-g++ -Wl,-T -Wl,../src/lscript.ld -L../../myWiFiScan_bsp/microblaze_0/lib -mlittle-endian -mcpu=v10.0 -mxl-soft-mul -Wl,--no-relax -o "myWiFiScan.elf"  ./src/main.o   -Wl,--start-group,-lxil,-lgcc,-lc,-lstdc++,--end-group
'Finished building target: myWiFiScan.elf'
' '
'Invoking: MicroBlaze Print Size'
mb-size myWiFiScan.elf  |tee "myWiFiScan.elf.size"
   text	   data	    bss	    dec	    hex	filename
 371732	   8504	  20420	 400656	  61d10	myWiFiScan.elf
'Finished building: myWiFiScan.elf.size'
' '
15:23:18 **** Auto Build of configuration Debug for project myWiFiScan ****
make all 
'Building file: ../src/main.cc'
'Invoking: MicroBlaze g++ compiler'
mb-g++ -Wall -O0 -g3 -c -fmessage-length=0 -MT"src/main.o" -I../../myWiFiScan_bsp/microblaze_0/include -mlittle-endian -mcpu=v10.0 -mxl-soft-mul -Wl,--no-relax -MMD -MP -MF"src/main.d" -MT"src/main.o" -o "src/main.o" "../src/main.cc"
In file included from ../../myWiFiScan_bsp/microblaze_0/include/DEIPcK/utility/fpga/../../../MRF24G/utility/ud_inc/internal/wf_global_includes.h:44:0,
                 from ../../myWiFiScan_bsp/microblaze_0/include/DEIPcK/utility/fpga/System.h:64,
                 from ../../myWiFiScan_bsp/microblaze_0/include/DEIPcK/utility/System.h:54,
                 from ../../myWiFiScan_bsp/microblaze_0/include/DEIPcK/utility/deIP.h:59,
                 from ../../myWiFiScan_bsp/microblaze_0/include/DEIPcK/DEIPcK.h:64,
                 from ../../myWiFiScan_bsp/microblaze_0/include/PmodWIFI.h:2,
                 from ../src/main.cc:52:
../../myWiFiScan_bsp/microblaze_0/include/DEIPcK/utility/fpga/../../../MRF24G/utility/ud_inc/internal/../../wf_customize.h:50:0: warning: "INLINE" redefined
 #define INLINE
 ^
In file included from ../../myWiFiScan_bsp/microblaze_0/include/DEIPcK/utility/fpga/System.h:62:0,
                 from ../../myWiFiScan_bsp/microblaze_0/include/DEIPcK/utility/System.h:54,
                 from ../../myWiFiScan_bsp/microblaze_0/include/DEIPcK/utility/deIP.h:59,
                 from ../../myWiFiScan_bsp/microblaze_0/include/DEIPcK/DEIPcK.h:64,
                 from ../../myWiFiScan_bsp/microblaze_0/include/PmodWIFI.h:2,
                 from ../src/main.cc:52:
../../myWiFiScan_bsp/microblaze_0/include/xil_io.h:94:0: note: this is the location of the previous definition
 #define INLINE inline
 ^
'Finished building: ../src/main.cc'
' '
'Building target: myWiFiScan.elf'
'Invoking: MicroBlaze g++ linker'
mb-g++ -Wl,-T -Wl,../src/lscript.ld -L../../myWiFiScan_bsp/microblaze_0/lib -mlittle-endian -mcpu=v10.0 -mxl-soft-mul -Wl,--no-relax -o "myWiFiScan.elf"  ./src/main.o   -Wl,--start-group,-lxil,-lgcc,-lc,-lstdc++,--end-group
'Finished building target: myWiFiScan.elf'
' '
'Invoking: MicroBlaze Print Size'
mb-size myWiFiScan.elf  |tee "myWiFiScan.elf.size"
   text	   data	    bss	    dec	    hex	filename
 371736	   8504	  20424	 400664	  61d18	myWiFiScan.elf
'Finished building: myWiFiScan.elf.size'
' '
15:24:24 **** Incremental Build of configuration Debug for project myWiFiScan ****
make all 
make: Nothing to be done for `all'.
15:29:21 **** Auto Build of configuration Debug for project myWiFiScan ****
make all 
'Building file: ../src/main.cc'
'Invoking: MicroBlaze g++ compiler'
mb-g++ -Wall -O0 -g3 -c -fmessage-length=0 -MT"src/main.o" -I../../myWiFiScan_bsp/microblaze_0/include -mlittle-endian -mcpu=v10.0 -mxl-soft-mul -Wl,--no-relax -MMD -MP -MF"src/main.d" -MT"src/main.o" -o "src/main.o" "../src/main.cc"
In file included from ../../myWiFiScan_bsp/microblaze_0/include/DEIPcK/utility/fpga/../../../MRF24G/utility/ud_inc/internal/wf_global_includes.h:44:0,
                 from ../../myWiFiScan_bsp/microblaze_0/include/DEIPcK/utility/fpga/System.h:64,
                 from ../../myWiFiScan_bsp/microblaze_0/include/DEIPcK/utility/System.h:54,
                 from ../../myWiFiScan_bsp/microblaze_0/include/DEIPcK/utility/deIP.h:59,
                 from ../../myWiFiScan_bsp/microblaze_0/include/DEIPcK/DEIPcK.h:64,
                 from ../../myWiFiScan_bsp/microblaze_0/include/PmodWIFI.h:2,
                 from ../src/main.cc:52:
../../myWiFiScan_bsp/microblaze_0/include/DEIPcK/utility/fpga/../../../MRF24G/utility/ud_inc/internal/../../wf_customize.h:50:0: warning: "INLINE" redefined
 #define INLINE
 ^
In file included from ../../myWiFiScan_bsp/microblaze_0/include/DEIPcK/utility/fpga/System.h:62:0,
                 from ../../myWiFiScan_bsp/microblaze_0/include/DEIPcK/utility/System.h:54,
                 from ../../myWiFiScan_bsp/microblaze_0/include/DEIPcK/utility/deIP.h:59,
                 from ../../myWiFiScan_bsp/microblaze_0/include/DEIPcK/DEIPcK.h:64,
                 from ../../myWiFiScan_bsp/microblaze_0/include/PmodWIFI.h:2,
                 from ../src/main.cc:52:
../../myWiFiScan_bsp/microblaze_0/include/xil_io.h:94:0: note: this is the location of the previous definition
 #define INLINE inline
 ^
'Finished building: ../src/main.cc'
' '
'Building target: myWiFiScan.elf'
'Invoking: MicroBlaze g++ linker'
mb-g++ -Wl,-T -Wl,../src/lscript.ld -L../../myWiFiScan_bsp/microblaze_0/lib -mlittle-endian -mcpu=v10.0 -mxl-soft-mul -Wl,--no-relax -o "myWiFiScan.elf"  ./src/main.o   -Wl,--start-group,-lxil,-lgcc,-lc,-lstdc++,--end-group
'Finished building target: myWiFiScan.elf'
' '
'Invoking: MicroBlaze Print Size'
mb-size myWiFiScan.elf  |tee "myWiFiScan.elf.size"
   text	   data	    bss	    dec	    hex	filename
 373892	   8696	  20668	 403256	  62738	myWiFiScan.elf
'Finished building: myWiFiScan.elf.size'
' '
15:31:00 **** Incremental Build of configuration Debug for project myWiFiScan ****
make all 
make: Nothing to be done for `all'.
15:34:14 **** Incremental Build of configuration Debug for project myWiFiScan ****
make all 
make: Nothing to be done for `all'.
15:44:12 **** Auto Build of configuration Debug for project myWiFiScan ****
make all 
'Building file: ../src/main.cc'
'Invoking: MicroBlaze g++ compiler'
mb-g++ -Wall -O0 -g3 -c -fmessage-length=0 -MT"src/main.o" -I../../myWiFiScan_bsp/microblaze_0/include -mlittle-endian -mcpu=v10.0 -mxl-soft-mul -Wl,--no-relax -MMD -MP -MF"src/main.d" -MT"src/main.o" -o "src/main.o" "../src/main.cc"
In file included from ../../myWiFiScan_bsp/microblaze_0/include/DEIPcK/utility/fpga/../../../MRF24G/utility/ud_inc/internal/wf_global_includes.h:44:0,
                 from ../../myWiFiScan_bsp/microblaze_0/include/DEIPcK/utility/fpga/System.h:64,
                 from ../../myWiFiScan_bsp/microblaze_0/include/DEIPcK/utility/System.h:54,
                 from ../../myWiFiScan_bsp/microblaze_0/include/DEIPcK/utility/deIP.h:59,
                 from ../../myWiFiScan_bsp/microblaze_0/include/DEIPcK/DEIPcK.h:64,
                 from ../../myWiFiScan_bsp/microblaze_0/include/PmodWIFI.h:2,
                 from ../src/main.cc:52:
../../myWiFiScan_bsp/microblaze_0/include/DEIPcK/utility/fpga/../../../MRF24G/utility/ud_inc/internal/../../wf_customize.h:50:0: warning: "INLINE" redefined
 #define INLINE
 ^
In file included from ../../myWiFiScan_bsp/microblaze_0/include/DEIPcK/utility/fpga/System.h:62:0,
                 from ../../myWiFiScan_bsp/microblaze_0/include/DEIPcK/utility/System.h:54,
                 from ../../myWiFiScan_bsp/microblaze_0/include/DEIPcK/utility/deIP.h:59,
                 from ../../myWiFiScan_bsp/microblaze_0/include/DEIPcK/DEIPcK.h:64,
                 from ../../myWiFiScan_bsp/microblaze_0/include/PmodWIFI.h:2,
                 from ../src/main.cc:52:
../../myWiFiScan_bsp/microblaze_0/include/xil_io.h:94:0: note: this is the location of the previous definition
 #define INLINE inline
 ^
'Finished building: ../src/main.cc'
' '
'Building target: myWiFiScan.elf'
'Invoking: MicroBlaze g++ linker'
mb-g++ -Wl,-T -Wl,../src/lscript.ld -L../../myWiFiScan_bsp/microblaze_0/lib -mlittle-endian -mcpu=v10.0 -mxl-soft-mul -Wl,--no-relax -o "myWiFiScan.elf"  ./src/main.o   -Wl,--start-group,-lxil,-lgcc,-lc,-lstdc++,--end-group
'Finished building target: myWiFiScan.elf'
' '
'Invoking: MicroBlaze Print Size'
mb-size myWiFiScan.elf  |tee "myWiFiScan.elf.size"
   text	   data	    bss	    dec	    hex	filename
 373896	   8696	  20672	 403264	  62740	myWiFiScan.elf
'Finished building: myWiFiScan.elf.size'
' '
15:44:23 **** Auto Build of configuration Debug for project myWiFiScan ****
make all 
'Building file: ../src/main.cc'
'Invoking: MicroBlaze g++ compiler'
mb-g++ -Wall -O0 -g3 -c -fmessage-length=0 -MT"src/main.o" -I../../myWiFiScan_bsp/microblaze_0/include -mlittle-endian -mcpu=v10.0 -mxl-soft-mul -Wl,--no-relax -MMD -MP -MF"src/main.d" -MT"src/main.o" -o "src/main.o" "../src/main.cc"
In file included from ../../myWiFiScan_bsp/microblaze_0/include/DEIPcK/utility/fpga/../../../MRF24G/utility/ud_inc/internal/wf_global_includes.h:44:0,
                 from ../../myWiFiScan_bsp/microblaze_0/include/DEIPcK/utility/fpga/System.h:64,
                 from ../../myWiFiScan_bsp/microblaze_0/include/DEIPcK/utility/System.h:54,
                 from ../../myWiFiScan_bsp/microblaze_0/include/DEIPcK/utility/deIP.h:59,
                 from ../../myWiFiScan_bsp/microblaze_0/include/DEIPcK/DEIPcK.h:64,
                 from ../../myWiFiScan_bsp/microblaze_0/include/PmodWIFI.h:2,
                 from ../src/main.cc:52:
../../myWiFiScan_bsp/microblaze_0/include/DEIPcK/utility/fpga/../../../MRF24G/utility/ud_inc/internal/../../wf_customize.h:50:0: warning: "INLINE" redefined
 #define INLINE
 ^
In file included from ../../myWiFiScan_bsp/microblaze_0/include/DEIPcK/utility/fpga/System.h:62:0,
                 from ../../myWiFiScan_bsp/microblaze_0/include/DEIPcK/utility/System.h:54,
                 from ../../myWiFiScan_bsp/microblaze_0/include/DEIPcK/utility/deIP.h:59,
                 from ../../myWiFiScan_bsp/microblaze_0/include/DEIPcK/DEIPcK.h:64,
                 from ../../myWiFiScan_bsp/microblaze_0/include/PmodWIFI.h:2,
                 from ../src/main.cc:52:
../../myWiFiScan_bsp/microblaze_0/include/xil_io.h:94:0: note: this is the location of the previous definition
 #define INLINE inline
 ^
'Finished building: ../src/main.cc'
' '
'Building target: myWiFiScan.elf'
'Invoking: MicroBlaze g++ linker'
mb-g++ -Wl,-T -Wl,../src/lscript.ld -L../../myWiFiScan_bsp/microblaze_0/lib -mlittle-endian -mcpu=v10.0 -mxl-soft-mul -Wl,--no-relax -o "myWiFiScan.elf"  ./src/main.o   -Wl,--start-group,-lxil,-lgcc,-lc,-lstdc++,--end-group
'Finished building target: myWiFiScan.elf'
' '
'Invoking: MicroBlaze Print Size'
mb-size myWiFiScan.elf  |tee "myWiFiScan.elf.size"
   text	   data	    bss	    dec	    hex	filename
 373896	   8696	  20672	 403264	  62740	myWiFiScan.elf
'Finished building: myWiFiScan.elf.size'
' '
15:45:02 **** Incremental Build of configuration Debug for project myWiFiScan ****
make all 
make: Nothing to be done for `all'.
15:54:20 **** Clean-only build of configuration Debug for project wifiApp ****
make clean 
rm -rf  ./src/main.d  ./src/main.o  myWiFiScan.elf.size  myWiFiScan.elf
' '
15:54:21 **** Build of configuration Debug for project wifiApp ****
make all 
'Building file: ../src/main.cc'
'Invoking: MicroBlaze g++ compiler'
mb-g++ -Wall -O0 -g3 -c -fmessage-length=0 -MT"src/main.o" -I../../myWiFiScan_bsp/microblaze_0/include -mlittle-endian -mcpu=v10.0 -mxl-soft-mul -Wl,--no-relax -MMD -MP -MF"src/main.d" -MT"src/main.o" -o "src/main.o" "../src/main.cc"
In file included from ../../myWiFiScan_bsp/microblaze_0/include/DEIPcK/utility/fpga/../../../MRF24G/utility/ud_inc/internal/wf_global_includes.h:44:0,
                 from ../../myWiFiScan_bsp/microblaze_0/include/DEIPcK/utility/fpga/System.h:64,
                 from ../../myWiFiScan_bsp/microblaze_0/include/DEIPcK/utility/System.h:54,
                 from ../../myWiFiScan_bsp/microblaze_0/include/DEIPcK/utility/deIP.h:59,
                 from ../../myWiFiScan_bsp/microblaze_0/include/DEIPcK/DEIPcK.h:64,
                 from ../../myWiFiScan_bsp/microblaze_0/include/PmodWIFI.h:2,
                 from ../src/main.cc:52:
../../myWiFiScan_bsp/microblaze_0/include/DEIPcK/utility/fpga/../../../MRF24G/utility/ud_inc/internal/../../wf_customize.h:50:0: warning: "INLINE" redefined
 #define INLINE
 ^
In file included from ../../myWiFiScan_bsp/microblaze_0/include/DEIPcK/utility/fpga/System.h:62:0,
                 from ../../myWiFiScan_bsp/microblaze_0/include/DEIPcK/utility/System.h:54,
                 from ../../myWiFiScan_bsp/microblaze_0/include/DEIPcK/utility/deIP.h:59,
                 from ../../myWiFiScan_bsp/microblaze_0/include/DEIPcK/DEIPcK.h:64,
                 from ../../myWiFiScan_bsp/microblaze_0/include/PmodWIFI.h:2,
                 from ../src/main.cc:52:
../../myWiFiScan_bsp/microblaze_0/include/xil_io.h:94:0: note: this is the location of the previous definition
 #define INLINE inline
 ^
'Finished building: ../src/main.cc'
' '
'Building target: wifiApp.elf'
'Invoking: MicroBlaze g++ linker'
mb-g++ -Wl,-T -Wl,../src/lscript.ld -L../../myWiFiScan_bsp/microblaze_0/lib -mlittle-endian -mcpu=v10.0 -mxl-soft-mul -Wl,--no-relax -o "wifiApp.elf"  ./src/main.o   -Wl,--start-group,-lxil,-lgcc,-lc,-lstdc++,--end-group
'Finished building target: wifiApp.elf'
' '
'Invoking: MicroBlaze Print Size'
mb-size wifiApp.elf  |tee "wifiApp.elf.size"
   text	   data	    bss	    dec	    hex	filename
 373896	   8696	  20672	 403264	  62740	wifiApp.elf
'Finished building: wifiApp.elf.size'
' '
15:54:48 **** Auto Build of configuration Debug for project wifiApp ****
make all 
'Building file: ../src/main.cc'
'Invoking: MicroBlaze g++ compiler'
mb-g++ -Wall -O0 -g3 -c -fmessage-length=0 -MT"src/main.o" -I../../myWiFiScan_bsp/microblaze_0/include -mlittle-endian -mcpu=v10.0 -mxl-soft-mul -Wl,--no-relax -MMD -MP -MF"src/main.d" -MT"src/main.o" -o "src/main.o" "../src/main.cc"
In file included from ../../myWiFiScan_bsp/microblaze_0/include/DEIPcK/utility/fpga/../../../MRF24G/utility/ud_inc/internal/wf_global_includes.h:44:0,
                 from ../../myWiFiScan_bsp/microblaze_0/include/DEIPcK/utility/fpga/System.h:64,
                 from ../../myWiFiScan_bsp/microblaze_0/include/DEIPcK/utility/System.h:54,
                 from ../../myWiFiScan_bsp/microblaze_0/include/DEIPcK/utility/deIP.h:59,
                 from ../../myWiFiScan_bsp/microblaze_0/include/DEIPcK/DEIPcK.h:64,
                 from ../../myWiFiScan_bsp/microblaze_0/include/PmodWIFI.h:2,
                 from ../src/main.cc:52:
../../myWiFiScan_bsp/microblaze_0/include/DEIPcK/utility/fpga/../../../MRF24G/utility/ud_inc/internal/../../wf_customize.h:50:0: warning: "INLINE" redefined
 #define INLINE
 ^
In file included from ../../myWiFiScan_bsp/microblaze_0/include/DEIPcK/utility/fpga/System.h:62:0,
                 from ../../myWiFiScan_bsp/microblaze_0/include/DEIPcK/utility/System.h:54,
                 from ../../myWiFiScan_bsp/microblaze_0/include/DEIPcK/utility/deIP.h:59,
                 from ../../myWiFiScan_bsp/microblaze_0/include/DEIPcK/DEIPcK.h:64,
                 from ../../myWiFiScan_bsp/microblaze_0/include/PmodWIFI.h:2,
                 from ../src/main.cc:52:
../../myWiFiScan_bsp/microblaze_0/include/xil_io.h:94:0: note: this is the location of the previous definition
 #define INLINE inline
 ^
'Finished building: ../src/main.cc'
' '
'Building target: wifiApp.elf'
'Invoking: MicroBlaze g++ linker'
mb-g++ -Wl,-T -Wl,../src/lscript.ld -L../../myWiFiScan_bsp/microblaze_0/lib -mlittle-endian -mcpu=v10.0 -mxl-soft-mul -Wl,--no-relax -o "wifiApp.elf"  ./src/main.o   -Wl,--start-group,-lxil,-lgcc,-lc,-lstdc++,--end-group
'Finished building target: wifiApp.elf'
' '
'Invoking: MicroBlaze Print Size'
mb-size wifiApp.elf  |tee "wifiApp.elf.size"
   text	   data	    bss	    dec	    hex	filename
 371732	   8504	  20420	 400656	  61d10	wifiApp.elf
'Finished building: wifiApp.elf.size'
' '
15:55:50 **** Auto Build of configuration Debug for project wifiApp ****
make all 
'Building file: ../src/main.cc'
'Invoking: MicroBlaze g++ compiler'
mb-g++ -Wall -O0 -g3 -c -fmessage-length=0 -MT"src/main.o" -I../../myWiFiScan_bsp/microblaze_0/include -mlittle-endian -mcpu=v10.0 -mxl-soft-mul -Wl,--no-relax -MMD -MP -MF"src/main.d" -MT"src/main.o" -o "src/main.o" "../src/main.cc"
In file included from ../../myWiFiScan_bsp/microblaze_0/include/DEIPcK/utility/fpga/../../../MRF24G/utility/ud_inc/internal/wf_global_includes.h:44:0,
                 from ../../myWiFiScan_bsp/microblaze_0/include/DEIPcK/utility/fpga/System.h:64,
                 from ../../myWiFiScan_bsp/microblaze_0/include/DEIPcK/utility/System.h:54,
                 from ../../myWiFiScan_bsp/microblaze_0/include/DEIPcK/utility/deIP.h:59,
                 from ../../myWiFiScan_bsp/microblaze_0/include/DEIPcK/DEIPcK.h:64,
                 from ../../myWiFiScan_bsp/microblaze_0/include/PmodWIFI.h:2,
                 from ../src/main.cc:52:
../../myWiFiScan_bsp/microblaze_0/include/DEIPcK/utility/fpga/../../../MRF24G/utility/ud_inc/internal/../../wf_customize.h:50:0: warning: "INLINE" redefined
 #define INLINE
 ^
In file included from ../../myWiFiScan_bsp/microblaze_0/include/DEIPcK/utility/fpga/System.h:62:0,
                 from ../../myWiFiScan_bsp/microblaze_0/include/DEIPcK/utility/System.h:54,
                 from ../../myWiFiScan_bsp/microblaze_0/include/DEIPcK/utility/deIP.h:59,
                 from ../../myWiFiScan_bsp/microblaze_0/include/DEIPcK/DEIPcK.h:64,
                 from ../../myWiFiScan_bsp/microblaze_0/include/PmodWIFI.h:2,
                 from ../src/main.cc:52:
../../myWiFiScan_bsp/microblaze_0/include/xil_io.h:94:0: note: this is the location of the previous definition
 #define INLINE inline
 ^
'Finished building: ../src/main.cc'
' '
'Building target: wifiApp.elf'
'Invoking: MicroBlaze g++ linker'
mb-g++ -Wl,-T -Wl,../src/lscript.ld -L../../myWiFiScan_bsp/microblaze_0/lib -mlittle-endian -mcpu=v10.0 -mxl-soft-mul -Wl,--no-relax -o "wifiApp.elf"  ./src/main.o   -Wl,--start-group,-lxil,-lgcc,-lc,-lstdc++,--end-group
'Finished building target: wifiApp.elf'
' '
'Invoking: MicroBlaze Print Size'
mb-size wifiApp.elf  |tee "wifiApp.elf.size"
   text	   data	    bss	    dec	    hex	filename
 371736	   8504	  20424	 400664	  61d18	wifiApp.elf
'Finished building: wifiApp.elf.size'
' '
15:55:53 **** Auto Build of configuration Debug for project wifiApp ****
make all 
'Building file: ../src/main.cc'
'Invoking: MicroBlaze g++ compiler'
mb-g++ -Wall -O0 -g3 -c -fmessage-length=0 -MT"src/main.o" -I../../myWiFiScan_bsp/microblaze_0/include -mlittle-endian -mcpu=v10.0 -mxl-soft-mul -Wl,--no-relax -MMD -MP -MF"src/main.d" -MT"src/main.o" -o "src/main.o" "../src/main.cc"
In file included from ../../myWiFiScan_bsp/microblaze_0/include/DEIPcK/utility/fpga/../../../MRF24G/utility/ud_inc/internal/wf_global_includes.h:44:0,
                 from ../../myWiFiScan_bsp/microblaze_0/include/DEIPcK/utility/fpga/System.h:64,
                 from ../../myWiFiScan_bsp/microblaze_0/include/DEIPcK/utility/System.h:54,
                 from ../../myWiFiScan_bsp/microblaze_0/include/DEIPcK/utility/deIP.h:59,
                 from ../../myWiFiScan_bsp/microblaze_0/include/DEIPcK/DEIPcK.h:64,
                 from ../../myWiFiScan_bsp/microblaze_0/include/PmodWIFI.h:2,
                 from ../src/main.cc:52:
../../myWiFiScan_bsp/microblaze_0/include/DEIPcK/utility/fpga/../../../MRF24G/utility/ud_inc/internal/../../wf_customize.h:50:0: warning: "INLINE" redefined
 #define INLINE
 ^
In file included from ../../myWiFiScan_bsp/microblaze_0/include/DEIPcK/utility/fpga/System.h:62:0,
                 from ../../myWiFiScan_bsp/microblaze_0/include/DEIPcK/utility/System.h:54,
                 from ../../myWiFiScan_bsp/microblaze_0/include/DEIPcK/utility/deIP.h:59,
                 from ../../myWiFiScan_bsp/microblaze_0/include/DEIPcK/DEIPcK.h:64,
                 from ../../myWiFiScan_bsp/microblaze_0/include/PmodWIFI.h:2,
                 from ../src/main.cc:52:
../../myWiFiScan_bsp/microblaze_0/include/xil_io.h:94:0: note: this is the location of the previous definition
 #define INLINE inline
 ^
'Finished building: ../src/main.cc'
' '
'Building target: wifiApp.elf'
'Invoking: MicroBlaze g++ linker'
mb-g++ -Wl,-T -Wl,../src/lscript.ld -L../../myWiFiScan_bsp/microblaze_0/lib -mlittle-endian -mcpu=v10.0 -mxl-soft-mul -Wl,--no-relax -o "wifiApp.elf"  ./src/main.o   -Wl,--start-group,-lxil,-lgcc,-lc,-lstdc++,--end-group
'Finished building target: wifiApp.elf'
' '
'Invoking: MicroBlaze Print Size'
mb-size wifiApp.elf  |tee "wifiApp.elf.size"
   text	   data	    bss	    dec	    hex	filename
 371736	   8504	  20424	 400664	  61d18	wifiApp.elf
'Finished building: wifiApp.elf.size'
' '
15:57:04 **** Incremental Build of configuration Debug for project wifiApp ****
make all 
make: Nothing to be done for `all'.
16:00:59 **** Auto Build of configuration Debug for project wifiApp ****
make all 
'Building file: ../src/main.cc'
'Invoking: MicroBlaze g++ compiler'
mb-g++ -Wall -O0 -g3 -c -fmessage-length=0 -MT"src/main.o" -I../../myWiFiScan_bsp/microblaze_0/include -mlittle-endian -mcpu=v10.0 -mxl-soft-mul -Wl,--no-relax -MMD -MP -MF"src/main.d" -MT"src/main.o" -o "src/main.o" "../src/main.cc"
In file included from ../../myWiFiScan_bsp/microblaze_0/include/DEIPcK/utility/fpga/../../../MRF24G/utility/ud_inc/internal/wf_global_includes.h:44:0,
                 from ../../myWiFiScan_bsp/microblaze_0/include/DEIPcK/utility/fpga/System.h:64,
                 from ../../myWiFiScan_bsp/microblaze_0/include/DEIPcK/utility/System.h:54,
                 from ../../myWiFiScan_bsp/microblaze_0/include/DEIPcK/utility/deIP.h:59,
                 from ../../myWiFiScan_bsp/microblaze_0/include/DEIPcK/DEIPcK.h:64,
                 from ../../myWiFiScan_bsp/microblaze_0/include/PmodWIFI.h:2,
                 from ../src/main.cc:52:
../../myWiFiScan_bsp/microblaze_0/include/DEIPcK/utility/fpga/../../../MRF24G/utility/ud_inc/internal/../../wf_customize.h:50:0: warning: "INLINE" redefined
 #define INLINE
 ^
In file included from ../../myWiFiScan_bsp/microblaze_0/include/DEIPcK/utility/fpga/System.h:62:0,
                 from ../../myWiFiScan_bsp/microblaze_0/include/DEIPcK/utility/System.h:54,
                 from ../../myWiFiScan_bsp/microblaze_0/include/DEIPcK/utility/deIP.h:59,
                 from ../../myWiFiScan_bsp/microblaze_0/include/DEIPcK/DEIPcK.h:64,
                 from ../../myWiFiScan_bsp/microblaze_0/include/PmodWIFI.h:2,
                 from ../src/main.cc:52:
../../myWiFiScan_bsp/microblaze_0/include/xil_io.h:94:0: note: this is the location of the previous definition
 #define INLINE inline
 ^
'Finished building: ../src/main.cc'
' '
'Building target: wifiApp.elf'
'Invoking: MicroBlaze g++ linker'
mb-g++ -Wl,-T -Wl,../src/lscript.ld -L../../myWiFiScan_bsp/microblaze_0/lib -mlittle-endian -mcpu=v10.0 -mxl-soft-mul -Wl,--no-relax -o "wifiApp.elf"  ./src/main.o   -Wl,--start-group,-lxil,-lgcc,-lc,-lstdc++,--end-group
'Finished building target: wifiApp.elf'
' '
'Invoking: MicroBlaze Print Size'
mb-size wifiApp.elf  |tee "wifiApp.elf.size"
   text	   data	    bss	    dec	    hex	filename
 373892	   8696	  20668	 403256	  62738	wifiApp.elf
'Finished building: wifiApp.elf.size'
' '
16:01:25 **** Auto Build of configuration Debug for project wifiApp ****
make all 
'Building file: ../src/main.cc'
'Invoking: MicroBlaze g++ compiler'
mb-g++ -Wall -O0 -g3 -c -fmessage-length=0 -MT"src/main.o" -I../../myWiFiScan_bsp/microblaze_0/include -mlittle-endian -mcpu=v10.0 -mxl-soft-mul -Wl,--no-relax -MMD -MP -MF"src/main.d" -MT"src/main.o" -o "src/main.o" "../src/main.cc"
In file included from ../../myWiFiScan_bsp/microblaze_0/include/DEIPcK/utility/fpga/../../../MRF24G/utility/ud_inc/internal/wf_global_includes.h:44:0,
                 from ../../myWiFiScan_bsp/microblaze_0/include/DEIPcK/utility/fpga/System.h:64,
                 from ../../myWiFiScan_bsp/microblaze_0/include/DEIPcK/utility/System.h:54,
                 from ../../myWiFiScan_bsp/microblaze_0/include/DEIPcK/utility/deIP.h:59,
                 from ../../myWiFiScan_bsp/microblaze_0/include/DEIPcK/DEIPcK.h:64,
                 from ../../myWiFiScan_bsp/microblaze_0/include/PmodWIFI.h:2,
                 from ../src/main.cc:52:
../../myWiFiScan_bsp/microblaze_0/include/DEIPcK/utility/fpga/../../../MRF24G/utility/ud_inc/internal/../../wf_customize.h:50:0: warning: "INLINE" redefined
 #define INLINE
 ^
In file included from ../../myWiFiScan_bsp/microblaze_0/include/DEIPcK/utility/fpga/System.h:62:0,
                 from ../../myWiFiScan_bsp/microblaze_0/include/DEIPcK/utility/System.h:54,
                 from ../../myWiFiScan_bsp/microblaze_0/include/DEIPcK/utility/deIP.h:59,
                 from ../../myWiFiScan_bsp/microblaze_0/include/DEIPcK/DEIPcK.h:64,
                 from ../../myWiFiScan_bsp/microblaze_0/include/PmodWIFI.h:2,
                 from ../src/main.cc:52:
../../myWiFiScan_bsp/microblaze_0/include/xil_io.h:94:0: note: this is the location of the previous definition
 #define INLINE inline
 ^
'Finished building: ../src/main.cc'
' '
'Building target: wifiApp.elf'
'Invoking: MicroBlaze g++ linker'
mb-g++ -Wl,-T -Wl,../src/lscript.ld -L../../myWiFiScan_bsp/microblaze_0/lib -mlittle-endian -mcpu=v10.0 -mxl-soft-mul -Wl,--no-relax -o "wifiApp.elf"  ./src/main.o   -Wl,--start-group,-lxil,-lgcc,-lc,-lstdc++,--end-group
'Finished building target: wifiApp.elf'
' '
'Invoking: MicroBlaze Print Size'
mb-size wifiApp.elf  |tee "wifiApp.elf.size"
   text	   data	    bss	    dec	    hex	filename
 373896	   8696	  20672	 403264	  62740	wifiApp.elf
'Finished building: wifiApp.elf.size'
' '
16:01:29 **** Auto Build of configuration Debug for project wifiApp ****
make all 
'Building file: ../src/main.cc'
'Invoking: MicroBlaze g++ compiler'
mb-g++ -Wall -O0 -g3 -c -fmessage-length=0 -MT"src/main.o" -I../../myWiFiScan_bsp/microblaze_0/include -mlittle-endian -mcpu=v10.0 -mxl-soft-mul -Wl,--no-relax -MMD -MP -MF"src/main.d" -MT"src/main.o" -o "src/main.o" "../src/main.cc"
In file included from ../../myWiFiScan_bsp/microblaze_0/include/DEIPcK/utility/fpga/../../../MRF24G/utility/ud_inc/internal/wf_global_includes.h:44:0,
                 from ../../myWiFiScan_bsp/microblaze_0/include/DEIPcK/utility/fpga/System.h:64,
                 from ../../myWiFiScan_bsp/microblaze_0/include/DEIPcK/utility/System.h:54,
                 from ../../myWiFiScan_bsp/microblaze_0/include/DEIPcK/utility/deIP.h:59,
                 from ../../myWiFiScan_bsp/microblaze_0/include/DEIPcK/DEIPcK.h:64,
                 from ../../myWiFiScan_bsp/microblaze_0/include/PmodWIFI.h:2,
                 from ../src/main.cc:52:
../../myWiFiScan_bsp/microblaze_0/include/DEIPcK/utility/fpga/../../../MRF24G/utility/ud_inc/internal/../../wf_customize.h:50:0: warning: "INLINE" redefined
 #define INLINE
 ^
In file included from ../../myWiFiScan_bsp/microblaze_0/include/DEIPcK/utility/fpga/System.h:62:0,
                 from ../../myWiFiScan_bsp/microblaze_0/include/DEIPcK/utility/System.h:54,
                 from ../../myWiFiScan_bsp/microblaze_0/include/DEIPcK/utility/deIP.h:59,
                 from ../../myWiFiScan_bsp/microblaze_0/include/DEIPcK/DEIPcK.h:64,
                 from ../../myWiFiScan_bsp/microblaze_0/include/PmodWIFI.h:2,
                 from ../src/main.cc:52:
../../myWiFiScan_bsp/microblaze_0/include/xil_io.h:94:0: note: this is the location of the previous definition
 #define INLINE inline
 ^
'Finished building: ../src/main.cc'
' '
'Building target: wifiApp.elf'
'Invoking: MicroBlaze g++ linker'
mb-g++ -Wl,-T -Wl,../src/lscript.ld -L../../myWiFiScan_bsp/microblaze_0/lib -mlittle-endian -mcpu=v10.0 -mxl-soft-mul -Wl,--no-relax -o "wifiApp.elf"  ./src/main.o   -Wl,--start-group,-lxil,-lgcc,-lc,-lstdc++,--end-group
'Finished building target: wifiApp.elf'
' '
'Invoking: MicroBlaze Print Size'
mb-size wifiApp.elf  |tee "wifiApp.elf.size"
   text	   data	    bss	    dec	    hex	filename
 373896	   8696	  20672	 403264	  62740	wifiApp.elf
'Finished building: wifiApp.elf.size'
' '
16:02:12 **** Incremental Build of configuration Debug for project wifiApp ****
make all 
make: Nothing to be done for `all'.
16:04:34 **** Incremental Build of configuration Debug for project wifiApp ****
make all 
make: Nothing to be done for `all'.
17:11:34 **** Auto Build of configuration Debug for project wifiApp ****
make all 
'Building file: ../src/main.cc'
'Invoking: MicroBlaze g++ compiler'
mb-g++ -Wall -O0 -g3 -c -fmessage-length=0 -MT"src/main.o" -I../../myWiFiScan_bsp/microblaze_0/include -mlittle-endian -mcpu=v10.0 -mxl-soft-mul -Wl,--no-relax -MMD -MP -MF"src/main.d" -MT"src/main.o" -o "src/main.o" "../src/main.cc"
In file included from ../../myWiFiScan_bsp/microblaze_0/include/DEIPcK/utility/fpga/../../../MRF24G/utility/ud_inc/internal/wf_global_includes.h:44:0,
                 from ../../myWiFiScan_bsp/microblaze_0/include/DEIPcK/utility/fpga/System.h:64,
                 from ../../myWiFiScan_bsp/microblaze_0/include/DEIPcK/utility/System.h:54,
                 from ../../myWiFiScan_bsp/microblaze_0/include/DEIPcK/utility/deIP.h:59,
                 from ../../myWiFiScan_bsp/microblaze_0/include/DEIPcK/DEIPcK.h:64,
                 from ../../myWiFiScan_bsp/microblaze_0/include/PmodWIFI.h:2,
                 from ../src/main.cc:52:
../../myWiFiScan_bsp/microblaze_0/include/DEIPcK/utility/fpga/../../../MRF24G/utility/ud_inc/internal/../../wf_customize.h:50:0: warning: "INLINE" redefined
 #define INLINE
 ^
In file included from ../../myWiFiScan_bsp/microblaze_0/include/DEIPcK/utility/fpga/System.h:62:0,
                 from ../../myWiFiScan_bsp/microblaze_0/include/DEIPcK/utility/System.h:54,
                 from ../../myWiFiScan_bsp/microblaze_0/include/DEIPcK/utility/deIP.h:59,
                 from ../../myWiFiScan_bsp/microblaze_0/include/DEIPcK/DEIPcK.h:64,
                 from ../../myWiFiScan_bsp/microblaze_0/include/PmodWIFI.h:2,
                 from ../src/main.cc:52:
../../myWiFiScan_bsp/microblaze_0/include/xil_io.h:94:0: note: this is the location of the previous definition
 #define INLINE inline
 ^
'Finished building: ../src/main.cc'
' '
'Building target: wifiApp.elf'
'Invoking: MicroBlaze g++ linker'
mb-g++ -Wl,-T -Wl,../src/lscript.ld -L../../myWiFiScan_bsp/microblaze_0/lib -mlittle-endian -mcpu=v10.0 -mxl-soft-mul -Wl,--no-relax -o "wifiApp.elf"  ./src/main.o   -Wl,--start-group,-lxil,-lgcc,-lc,-lstdc++,--end-group
'Finished building target: wifiApp.elf'
' '
'Invoking: MicroBlaze Print Size'
mb-size wifiApp.elf  |tee "wifiApp.elf.size"
   text	   data	    bss	    dec	    hex	filename
 373892	   8696	  20668	 403256	  62738	wifiApp.elf
'Finished building: wifiApp.elf.size'
' '
17:12:11 **** Incremental Build of configuration Debug for project wifiApp ****
make all 
make: Nothing to be done for `all'.
17:15:03 **** Incremental Build of configuration Debug for project wifiApp ****
make all 
'Building file: ../src/main.cc'
'Invoking: MicroBlaze g++ compiler'
mb-g++ -Wall -O0 -g3 -c -fmessage-length=0 -MT"src/main.o" -I../../myWiFiScan_bsp/microblaze_0/include -mlittle-endian -mcpu=v10.0 -mxl-soft-mul -Wl,--no-relax -MMD -MP -MF"src/main.d" -MT"src/main.o" -o "src/main.o" "../src/main.cc"
In file included from ../../myWiFiScan_bsp/microblaze_0/include/DEIPcK/utility/fpga/../../../MRF24G/utility/ud_inc/internal/wf_global_includes.h:44:0,
                 from ../../myWiFiScan_bsp/microblaze_0/include/DEIPcK/utility/fpga/System.h:64,
                 from ../../myWiFiScan_bsp/microblaze_0/include/DEIPcK/utility/System.h:54,
                 from ../../myWiFiScan_bsp/microblaze_0/include/DEIPcK/utility/deIP.h:59,
                 from ../../myWiFiScan_bsp/microblaze_0/include/DEIPcK/DEIPcK.h:64,
                 from ../../myWiFiScan_bsp/microblaze_0/include/PmodWIFI.h:2,
                 from ../src/main.cc:52:
../../myWiFiScan_bsp/microblaze_0/include/DEIPcK/utility/fpga/../../../MRF24G/utility/ud_inc/internal/../../wf_customize.h:50:0: warning: "INLINE" redefined
 #define INLINE
 ^
In file included from ../../myWiFiScan_bsp/microblaze_0/include/DEIPcK/utility/fpga/System.h:62:0,
                 from ../../myWiFiScan_bsp/microblaze_0/include/DEIPcK/utility/System.h:54,
                 from ../../myWiFiScan_bsp/microblaze_0/include/DEIPcK/utility/deIP.h:59,
                 from ../../myWiFiScan_bsp/microblaze_0/include/DEIPcK/DEIPcK.h:64,
                 from ../../myWiFiScan_bsp/microblaze_0/include/PmodWIFI.h:2,
                 from ../src/main.cc:52:
../../myWiFiScan_bsp/microblaze_0/include/xil_io.h:94:0: note: this is the location of the previous definition
 #define INLINE inline
 ^
'Finished building: ../src/main.cc'
' '
'Building target: wifiApp.elf'
'Invoking: MicroBlaze g++ linker'
mb-g++ -Wl,-T -Wl,../src/lscript.ld -L../../myWiFiScan_bsp/microblaze_0/lib -mlittle-endian -mcpu=v10.0 -mxl-soft-mul -Wl,--no-relax -o "wifiApp.elf"  ./src/main.o   -Wl,--start-group,-lxil,-lgcc,-lc,-lstdc++,--end-group
'Finished building target: wifiApp.elf'
' '
'Invoking: MicroBlaze Print Size'
mb-size wifiApp.elf  |tee "wifiApp.elf.size"
   text	   data	    bss	    dec	    hex	filename
 373896	   8696	  20672	 403264	  62740	wifiApp.elf
'Finished building: wifiApp.elf.size'
' '
14:56:12 **** Build of project wifiApp_bsp ****
make -k all 
"Running Make include in microblaze_0/libsrc/bram_v4_1/src"
make -C microblaze_0/libsrc/bram_v4_1/src -s include  "SHELL=CMD" "COMPILER=mb-gcc" "ARCHIVER=mb-ar" "COMPILER_FLAGS= -O2 -c -mcpu=v10.0 -mlittle-endian -mxl-soft-mul" "EXTRA_COMPILER_FLAGS=-ffunction-sections -fdata-sections -Wall -Wextra"
"Running Make include in microblaze_0/libsrc/cpu_v2_6/src"
make -C microblaze_0/libsrc/cpu_v2_6/src -s include  "SHELL=CMD" "COMPILER=mb-gcc" "ARCHIVER=mb-ar" "COMPILER_FLAGS= -O2 -c -mcpu=v10.0 -mlittle-endian -mxl-soft-mul" "EXTRA_COMPILER_FLAGS=-ffunction-sections -fdata-sections -Wall -Wextra"
"Running Make include in microblaze_0/libsrc/gpio_v4_3/src"
make -C microblaze_0/libsrc/gpio_v4_3/src -s include  "SHELL=CMD" "COMPILER=mb-gcc" "ARCHIVER=mb-ar" "COMPILER_FLAGS= -O2 -c -mcpu=v10.0 -mlittle-endian -mxl-soft-mul" "EXTRA_COMPILER_FLAGS=-ffunction-sections -fdata-sections -Wall -Wextra"
"Running Make include in microblaze_0/libsrc/intc_v3_6/src"
make -C microblaze_0/libsrc/intc_v3_6/src -s include  "SHELL=CMD" "COMPILER=mb-gcc" "ARCHIVER=mb-ar" "COMPILER_FLAGS= -O2 -c -mcpu=v10.0 -mlittle-endian -mxl-soft-mul" "EXTRA_COMPILER_FLAGS=-ffunction-sections -fdata-sections -Wall -Wextra"
"Running Make include in microblaze_0/libsrc/PmodWIFI_v1_0/src"
make -C microblaze_0/libsrc/PmodWIFI_v1_0/src -s include  "SHELL=CMD" "COMPILER=mb-gcc" "ARCHIVER=mb-ar" "COMPILER_FLAGS= -O2 -c -mcpu=v10.0 -mlittle-endian -mxl-soft-mul" "EXTRA_COMPILER_FLAGS=-ffunction-sections -fdata-sections -Wall -Wextra"
"Running Make include in microblaze_0/libsrc/standalone_v6_3/src"
make -C microblaze_0/libsrc/standalone_v6_3/src -s include  "SHELL=CMD" "COMPILER=mb-gcc" "ARCHIVER=mb-ar" "COMPILER_FLAGS= -O2 -c -mcpu=v10.0 -mlittle-endian -mxl-soft-mul" "EXTRA_COMPILER_FLAGS=-ffunction-sections -fdata-sections -Wall -Wextra"
"Running Make include in microblaze_0/libsrc/uartlite_v3_2/src"
make -C microblaze_0/libsrc/uartlite_v3_2/src -s include  "SHELL=CMD" "COMPILER=mb-gcc" "ARCHIVER=mb-ar" "COMPILER_FLAGS= -O2 -c -mcpu=v10.0 -mlittle-endian -mxl-soft-mul" "EXTRA_COMPILER_FLAGS=-ffunction-sections -fdata-sections -Wall -Wextra"
"Running Make libs in microblaze_0/libsrc/bram_v4_1/src"
make -C microblaze_0/libsrc/bram_v4_1/src -s libs  "SHELL=CMD" "COMPILER=mb-gcc" "ARCHIVER=mb-ar" "COMPILER_FLAGS= -O2 -c -mcpu=v10.0 -mlittle-endian -mxl-soft-mul" "EXTRA_COMPILER_FLAGS=-ffunction-sections -fdata-sections -Wall -Wextra"
"Compiling bram"
mb-ar: creating ../../../lib/libxil.a
"Running Make libs in microblaze_0/libsrc/cpu_v2_6/src"
make -C microblaze_0/libsrc/cpu_v2_6/src -s libs  "SHELL=CMD" "COMPILER=mb-gcc" "ARCHIVER=mb-ar" "COMPILER_FLAGS= -O2 -c -mcpu=v10.0 -mlittle-endian -mxl-soft-mul" "EXTRA_COMPILER_FLAGS=-ffunction-sections -fdata-sections -Wall -Wextra"
"Compiling cpu"
"Running Make libs in microblaze_0/libsrc/gpio_v4_3/src"
make -C microblaze_0/libsrc/gpio_v4_3/src -s libs  "SHELL=CMD" "COMPILER=mb-gcc" "ARCHIVER=mb-ar" "COMPILER_FLAGS= -O2 -c -mcpu=v10.0 -mlittle-endian -mxl-soft-mul" "EXTRA_COMPILER_FLAGS=-ffunction-sections -fdata-sections -Wall -Wextra"
"Compiling gpio"
"Running Make libs in microblaze_0/libsrc/intc_v3_6/src"
make -C microblaze_0/libsrc/intc_v3_6/src -s libs  "SHELL=CMD" "COMPILER=mb-gcc" "ARCHIVER=mb-ar" "COMPILER_FLAGS= -O2 -c -mcpu=v10.0 -mlittle-endian -mxl-soft-mul" "EXTRA_COMPILER_FLAGS=-ffunction-sections -fdata-sections -Wall -Wextra"
"Compiling intc"
"Running Make libs in microblaze_0/libsrc/PmodWIFI_v1_0/src"
make -C microblaze_0/libsrc/PmodWIFI_v1_0/src -s libs  "SHELL=CMD" "COMPILER=mb-gcc" "ARCHIVER=mb-ar" "COMPILER_FLAGS= -O2 -c -mcpu=v10.0 -mlittle-endian -mxl-soft-mul" "EXTRA_COMPILER_FLAGS=-ffunction-sections -fdata-sections -Wall -Wextra"
"Compiling PmodWIFI..."
In file included from ./DEIPcK/utility/fpga/../../../MRF24G/utility/ud_inc/internal/wf_global_includes.h:44:0,
                 from ./DEIPcK/utility/fpga/System.h:64,
                 from ./DEIPcK/utility/System.h:54,
                 from ./DEIPcK/utility/deIP.h:59,
                 from ../../../include/DEIPcK.h:64,
                 from DEIPcK/DEIPcK.cpp:54:
./DEIPcK/utility/fpga/../../../MRF24G/utility/ud_inc/internal/../../wf_customize.h:50:0: warning: "INLINE" redefined
 #define INLINE
 
In file included from ./DEIPcK/utility/fpga/System.h:62:0,
                 from ./DEIPcK/utility/System.h:54,
                 from ./DEIPcK/utility/deIP.h:59,
                 from ../../../include/DEIPcK.h:64,
                 from DEIPcK/DEIPcK.cpp:54:
../../../include/xil_io.h:99:0: note: this is the location of the previous definition
 #define INLINE inline
 
In file included from DEIPcK/utility/fpga/../../../MRF24G/utility/ud_inc/internal/wf_global_includes.h:44:0,
                 from DEIPcK/utility/fpga/System.h:64,
                 from DEIPcK/utility/System.h:54,
                 from DEIPcK/utility/deIP.h:59,
                 from DEIPcK/DEIPcK.h:64,
                 from DEIPcK/TCPServer.cpp:51:
DEIPcK/utility/fpga/../../../MRF24G/utility/ud_inc/internal/../../wf_customize.h:50:0: warning: "INLINE" redefined
 #define INLINE
 
In file included from DEIPcK/utility/fpga/System.h:62:0,
                 from DEIPcK/utility/System.h:54,
                 from DEIPcK/utility/deIP.h:59,
                 from DEIPcK/DEIPcK.h:64,
                 from DEIPcK/TCPServer.cpp:51:
../../../include/xil_io.h:99:0: note: this is the location of the previous definition
 #define INLINE inline
 
In file included from DEIPcK/utility/fpga/../../../MRF24G/utility/ud_inc/internal/wf_global_includes.h:44:0,
                 from DEIPcK/utility/fpga/System.h:64,
                 from DEIPcK/utility/System.h:54,
                 from DEIPcK/utility/deIP.h:59,
                 from DEIPcK/DEIPcK.h:64,
                 from DEIPcK/TCPSocket.cpp:51:
DEIPcK/utility/fpga/../../../MRF24G/utility/ud_inc/internal/../../wf_customize.h:50:0: warning: "INLINE" redefined
 #define INLINE
 
In file included from DEIPcK/utility/fpga/System.h:62:0,
                 from DEIPcK/utility/System.h:54,
                 from DEIPcK/utility/deIP.h:59,
                 from DEIPcK/DEIPcK.h:64,
                 from DEIPcK/TCPSocket.cpp:51:
../../../include/xil_io.h:99:0: note: this is the location of the previous definition
 #define INLINE inline
 
In file included from DEIPcK/utility/fpga/../../../MRF24G/utility/ud_inc/internal/wf_global_includes.h:44:0,
                 from DEIPcK/utility/fpga/System.h:64,
                 from DEIPcK/utility/System.h:54,
                 from DEIPcK/utility/deIP.h:59,
                 from DEIPcK/DEIPcK.h:64,
                 from DEIPcK/UDPServer.cpp:51:
DEIPcK/utility/fpga/../../../MRF24G/utility/ud_inc/internal/../../wf_customize.h:50:0: warning: "INLINE" redefined
 #define INLINE
 
In file included from DEIPcK/utility/fpga/System.h:62:0,
                 from DEIPcK/utility/System.h:54,
                 from DEIPcK/utility/deIP.h:59,
                 from DEIPcK/DEIPcK.h:64,
                 from DEIPcK/UDPServer.cpp:51:
../../../include/xil_io.h:99:0: note: this is the location of the previous definition
 #define INLINE inline
 
In file included from DEIPcK/utility/fpga/../../../MRF24G/utility/ud_inc/internal/wf_global_includes.h:44:0,
                 from DEIPcK/utility/fpga/System.h:64,
                 from DEIPcK/utility/System.h:54,
                 from DEIPcK/utility/deIP.h:59,
                 from DEIPcK/DEIPcK.h:64,
                 from DEIPcK/UDPSocket.cpp:51:
DEIPcK/utility/fpga/../../../MRF24G/utility/ud_inc/internal/../../wf_customize.h:50:0: warning: "INLINE" redefined
 #define INLINE
 
In file included from DEIPcK/utility/fpga/System.h:62:0,
                 from DEIPcK/utility/System.h:54,
                 from DEIPcK/utility/deIP.h:59,
                 from DEIPcK/DEIPcK.h:64,
                 from DEIPcK/UDPSocket.cpp:51:
../../../include/xil_io.h:99:0: note: this is the location of the previous definition
 #define INLINE inline
 
In file included from DEIPcK/utility/fpga/../../../MRF24G/utility/ud_inc/internal/wf_global_includes.h:44:0,
                 from DEIPcK/utility/fpga/System.h:64,
                 from DEIPcK/utility/System.h:54,
                 from DEIPcK/utility/deIP.h:59,
                 from DEIPcK/utility/DHCP.c:52:
DEIPcK/utility/fpga/../../../MRF24G/utility/ud_inc/internal/../../wf_customize.h:50:0: warning: "INLINE" redefined
 #define INLINE
 
In file included from DEIPcK/utility/fpga/System.h:62:0,
                 from DEIPcK/utility/System.h:54,
                 from DEIPcK/utility/deIP.h:59,
                 from DEIPcK/utility/DHCP.c:52:
../../../include/xil_io.h:99:0: note: this is the location of the previous definition
 #define INLINE inline
 
In file included from DEIPcK/utility/fpga/../../../MRF24G/utility/ud_inc/internal/wf_global_includes.h:44:0,
                 from DEIPcK/utility/fpga/System.h:64,
                 from DEIPcK/utility/System.h:54,
                 from DEIPcK/utility/deIP.h:59,
                 from DEIPcK/utility/DNS.c:53:
DEIPcK/utility/fpga/../../../MRF24G/utility/ud_inc/internal/../../wf_customize.h:50:0: warning: "INLINE" redefined
 #define INLINE
 
In file included from DEIPcK/utility/fpga/System.h:62:0,
                 from DEIPcK/utility/System.h:54,
                 from DEIPcK/utility/deIP.h:59,
                 from DEIPcK/utility/DNS.c:53:
../../../include/xil_io.h:99:0: note: this is the location of the previous definition
 #define INLINE inline
 
In file included from DEIPcK/utility/fpga/../../../MRF24G/utility/ud_inc/internal/wf_global_includes.h:44:0,
                 from DEIPcK/utility/fpga/System.h:64,
                 from DEIPcK/utility/System.h:54,
                 from DEIPcK/utility/deIP.h:59,
[...]
                 from MRF24G/MRF24GAdaptor.c:52:
../../../include/xil_io.h:99:0: note: this is the location of the previous definition
 #define INLINE inline
 
MRF24G/MRF24GAdaptor.c:434:10: warning: missing braces around initializer [-Wmissing-braces]
         {{0x00, 0x00, 0x00, 0x00, 0x00, 0x00}},
          ^
MRF24G/MRF24GAdaptor.c:434:10: note: (near initialization for 'wfmrf24.adpMRF24G.mac.<anonymous>')
MRF24G/MRF24GAdaptor.c:434:9: warning: missing braces around initializer [-Wmissing-braces]
         {{0x00, 0x00, 0x00, 0x00, 0x00, 0x00}},
         ^
MRF24G/MRF24GAdaptor.c:434:9: note: (near initialization for 'wfmrf24.adpMRF24G.mac')
MRF24G/MRF24GAdaptor.c:428:5: warning: missing braces around initializer [-Wmissing-braces]
     {
     ^
MRF24G/MRF24GAdaptor.c:428:5: note: (near initialization for 'wfmrf24.adpMRF24G')
MRF24G/MRF24GAdaptor.c:446:5: warning: missing braces around initializer [-Wmissing-braces]
     {
     ^
MRF24G/MRF24GAdaptor.c:446:5: note: (near initialization for 'wfmrf24.wfMRF24G')
MRF24G/MRF24GAdaptor.c:454:5: warning: missing braces around initializer [-Wmissing-braces]
     {
     ^
MRF24G/MRF24GAdaptor.c:454:5: note: (near initialization for 'wfmrf24.funcMRF24G')
MRF24G/MRF24GAdaptor.c:509:9: warning: missing braces around initializer [-Wmissing-braces]
         {NULL, NULL},
         ^
MRF24G/MRF24GAdaptor.c:509:9: note: (near initialization for 'wfmrf24.priv.ffptRead')
MRF24G/MRF24GAdaptor.c:510:9: warning: missing braces around initializer [-Wmissing-braces]
         {NULL, NULL},
         ^
MRF24G/MRF24GAdaptor.c:510:9: note: (near initialization for 'wfmrf24.priv.ffptWrite')
MRF24G/MRF24GAdaptor.c:508:5: warning: missing braces around initializer [-Wmissing-braces]
     {
     ^
MRF24G/MRF24GAdaptor.c:508:5: note: (near initialization for 'wfmrf24.priv')
MRF24G/MRF24GAdaptor.c:427:1: warning: missing braces around initializer [-Wmissing-braces]
 {
 ^
MRF24G/MRF24GAdaptor.c:427:1: note: (near initialization for 'wfmrf24')
In file included from ../../../include/MRF24G/../DEIPcK/utility/fpga/../../../MRF24G/utility/ud_inc/internal/wf_global_includes.h:44:0,
                 from ../../../include/MRF24G/../DEIPcK/utility/fpga/System.h:64,
                 from ../../../include/MRF24G/../DEIPcK/utility/System.h:54,
                 from MRF24G/utility/fpga/DEMRF24G.cpp:54,
                 from MRF24G/DEMRF24G.cpp:55:
../../../include/MRF24G/../DEIPcK/utility/fpga/../../../MRF24G/utility/ud_inc/internal/../../wf_customize.h:50:0: warning: "INLINE" redefined
 #define INLINE
 
In file included from ../../../include/MRF24G/../DEIPcK/utility/fpga/System.h:62:0,
                 from ../../../include/MRF24G/../DEIPcK/utility/System.h:54,
                 from MRF24G/utility/fpga/DEMRF24G.cpp:54,
                 from MRF24G/DEMRF24G.cpp:55:
../../../include/xil_io.h:99:0: note: this is the location of the previous definition
 #define INLINE inline
 
MRF24G/utility/wf_connection_algorithm.c: In function 'WF_WpaConvPassphraseToKey':
MRF24G/utility/wf_connection_algorithm.c:1137:17: warning: pointer targets in passing argument 2 of 'pkcs5_pbkdf2' differ in signedness [-Wpointer-sign]
                 (const char *)p_keyInfo->ssid,
                 ^
MRF24G/utility/wf_connection_algorithm.c:755:12: note: expected 'const uint8_t * {aka const unsigned char *}' but argument is of type 'const char *'
 extern int pkcs5_pbkdf2(const char *pass, const uint8_t *salt,
            ^~~~~~~~~~~~
In file included from MRF24G/utility/fpga/../../../DEIPcK/utility/fpga/../../../MRF24G/utility/ud_inc/internal/wf_global_includes.h:44:0,
                 from MRF24G/utility/fpga/../../../DEIPcK/utility/fpga/System.h:64,
                 from MRF24G/utility/fpga/../../../DEIPcK/utility/System.h:54,
                 from MRF24G/utility/fpga/wf_eint_stub.c:47,
                 from MRF24G/utility/wf_eint_stub.c:45:
MRF24G/utility/fpga/../../../DEIPcK/utility/fpga/../../../MRF24G/utility/ud_inc/internal/../../wf_customize.h:50:0: warning: "INLINE" redefined
 #define INLINE
 
In file included from ././xgpio_l.h:87:0,
                 from ././xgpio.h:125,
                 from MRF24G/utility/fpga/wf_eint_stub.c:46,
                 from MRF24G/utility/wf_eint_stub.c:45:
../../../include/xil_io.h:99:0: note: this is the location of the previous definition
 #define INLINE inline
 
In file included from MRF24G/utility/fpga/../../../DEIPcK/utility/fpga/../../../MRF24G/utility/ud_inc/internal/wf_global_includes.h:44:0,
                 from MRF24G/utility/fpga/../../../DEIPcK/utility/fpga/System.h:64,
                 from MRF24G/utility/fpga/../../../DEIPcK/utility/System.h:54,
                 from MRF24G/utility/fpga/../../../DEIPcK/utility/deIP.h:59,
                 from MRF24G/utility/fpga/../../MRF24GAdaptor.h:61,
                 from MRF24G/utility/fpga/wf_event_stub.c:33,
                 from MRF24G/utility/wf_event_stub.c:34:
MRF24G/utility/fpga/../../../DEIPcK/utility/fpga/../../../MRF24G/utility/ud_inc/internal/../../wf_customize.h:50:0: warning: "INLINE" redefined
 #define INLINE
 
In file included from MRF24G/utility/fpga/../../../DEIPcK/utility/fpga/System.h:62:0,
                 from MRF24G/utility/fpga/../../../DEIPcK/utility/System.h:54,
                 from MRF24G/utility/fpga/../../../DEIPcK/utility/deIP.h:59,
                 from MRF24G/utility/fpga/../../MRF24GAdaptor.h:61,
                 from MRF24G/utility/fpga/wf_event_stub.c:33,
                 from MRF24G/utility/wf_event_stub.c:34:
../../../include/xil_io.h:99:0: note: this is the location of the previous definition
 #define INLINE inline
 
In file included from MRF24G/utility/fpga/../../../DEIPcK/utility/fpga/../../../MRF24G/utility/ud_inc/internal/wf_global_includes.h:44:0,
                 from MRF24G/utility/fpga/../../../DEIPcK/utility/fpga/System.h:64,
                 from MRF24G/utility/fpga/../../../DEIPcK/utility/System.h:54,
                 from MRF24G/utility/fpga/wf_gpio_stub.c:45,
                 from MRF24G/utility/wf_gpio_stub.c:47:
MRF24G/utility/fpga/../../../DEIPcK/utility/fpga/../../../MRF24G/utility/ud_inc/internal/../../wf_customize.h:50:0: warning: "INLINE" redefined
 #define INLINE
 
In file included from MRF24G/utility/fpga/../../../DEIPcK/utility/fpga/System.h:62:0,
                 from MRF24G/utility/fpga/../../../DEIPcK/utility/System.h:54,
                 from MRF24G/utility/fpga/wf_gpio_stub.c:45,
                 from MRF24G/utility/wf_gpio_stub.c:47:
../../../include/xil_io.h:99:0: note: this is the location of the previous definition
 #define INLINE inline
 
MRF24G/utility/wf_pbkdf2.c:442:1: warning: multi-line comment [-Wcomment]
 //#define blk0(i) (block->l[i] = (rol(block->l[i], 24) & 0xFF00FF00) | \
 ^
MRF24G/utility/wf_pbkdf2.c:447:1: warning: multi-line comment [-Wcomment]
 //#define blk(i) (block->l[i & 15] = rol(block->l[(i + 13) & 15] ^ \
 ^
MRF24G/utility/wf_pbkdf2.c:451:1: warning: multi-line comment [-Wcomment]
 //#define R0(v,w,x,y,z,i) \
 ^
MRF24G/utility/wf_pbkdf2.c:454:1: warning: multi-line comment [-Wcomment]
 //#define R1(v,w,x,y,z,i) \
 ^
MRF24G/utility/wf_pbkdf2.c:457:1: warning: multi-line comment [-Wcomment]
 //#define R2(v,w,x,y,z,i) \
 ^
MRF24G/utility/wf_pbkdf2.c:459:1: warning: multi-line comment [-Wcomment]
 //#define R3(v,w,x,y,z,i) \
 ^
MRF24G/utility/wf_pbkdf2.c:462:1: warning: multi-line comment [-Wcomment]
 //#define R4(v,w,x,y,z,i) \
 ^
MRF24G/utility/wf_pbkdf2.c: In function 'SHA1Transform':
MRF24G/utility/wf_pbkdf2.c:779:2: warning: "/*" within comment [-Wcomment]
  /* (W (0), W (1) ..., W (15)) = M[k] */
   
MRF24G/utility/wf_pbkdf2.c:852:2: warning: "/*" within comment [-Wcomment]
  /* H0 = H0 + A, H1 = H1 + B, H2 = H2 + C, H3 = H3 + D, H4 = H4 + E */
   
MRF24G/utility/wf_pbkdf2.c: In function 'pkcs5_pbkdf2':
MRF24G/utility/wf_pbkdf2.c:972:10: warning: passing argument 1 of 'memcpy' discards 'const' qualifier from pointer target type [-Wdiscarded-qualifiers]
   memcpy(&salt[salt_len],temp,4);
          ^
In file included from c:\xilinx\sdk\2017.1\gnu\microblaze\nt\microblaze-xilinx-elf\include\string.h:10:0,
                 from MRF24G/utility/wf_pbkdf2.c:631:
c:\xilinx\sdk\2017.1\gnu\microblaze\nt\microblaze-xilinx-elf\include\string.h:23:8: note: expected 'void * restrict' but argument is of type 'const uint8_t * {aka const unsigned char *}'
 _PTR   _EXFUN(memcpy,(_PTR __restrict, const _PTR __restrict, size_t));
        ^
MRF24G/utility/wf_pbkdf2.c:973:14: warning: pointer targets in passing argument 1 of 'hmac_sha1' differ in signedness [-Wpointer-sign]
   hmac_sha1( pass, pass_len, salt, salt_len + 4,d1);
              ^~~~
MRF24G/utility/wf_pbkdf2.c:732:6: note: expected 'const uint8_t * {aka const unsigned char *}' but argument is of type 'const char *'
 void hmac_sha1(const uint8_t *key, size_t key_len, const uint8_t *data, size_t data_len,
      ^~~~~~~~~
MRF24G/utility/wf_pbkdf2.c:978:14: warning: pointer targets in passing argument 1 of 'hmac_sha1' differ in signedness [-Wpointer-sign]
    hmac_sha1(pass, pass_len, d1, sizeof(d1), d2);
              ^~~~
MRF24G/utility/wf_pbkdf2.c:732:6: note: expected 'const uint8_t * {aka const unsigned char *}' but argument is of type 'const char *'
 void hmac_sha1(const uint8_t *key, size_t key_len, const uint8_t *data, size_t data_len,
      ^~~~~~~~~
In file included from MRF24G/utility/fpga/../../../DEIPcK/utility/fpga/../../../MRF24G/utility/ud_inc/internal/wf_global_includes.h:44:0,
                 from MRF24G/utility/fpga/../../../DEIPcK/utility/fpga/System.h:64,
                 from MRF24G/utility/fpga/../../../DEIPcK/utility/System.h:54,
                 from MRF24G/utility/fpga/wf_spi_stub.c:47,
                 from MRF24G/utility/wf_spi_stub.c:47:
MRF24G/utility/fpga/../../../DEIPcK/utility/fpga/../../../MRF24G/utility/ud_inc/internal/../../wf_customize.h:50:0: warning: "INLINE" redefined
 #define INLINE
 
In file included from MRF24G/utility/fpga/../../../DEIPcK/utility/fpga/System.h:62:0,
                 from MRF24G/utility/fpga/../../../DEIPcK/utility/System.h:54,
                 from MRF24G/utility/fpga/wf_spi_stub.c:47,
                 from MRF24G/utility/wf_spi_stub.c:47:
../../../include/xil_io.h:99:0: note: this is the location of the previous definition
 #define INLINE inline
 
In file included from MRF24G/utility/fpga/../../../DEIPcK/utility/fpga/../../../MRF24G/utility/ud_inc/internal/wf_global_includes.h:44:0,
                 from MRF24G/utility/fpga/../../../DEIPcK/utility/fpga/System.h:64,
                 from MRF24G/utility/fpga/../../../DEIPcK/utility/System.h:54,
                 from MRF24G/utility/fpga/wf_timer_stub.c:46,
                 from MRF24G/utility/wf_timer_stub.c:46:
MRF24G/utility/fpga/../../../DEIPcK/utility/fpga/../../../MRF24G/utility/ud_inc/internal/../../wf_customize.h:50:0: warning: "INLINE" redefined
 #define INLINE
 
In file included from MRF24G/utility/fpga/../../../DEIPcK/utility/fpga/System.h:62:0,
                 from MRF24G/utility/fpga/../../../DEIPcK/utility/System.h:54,
                 from MRF24G/utility/fpga/wf_timer_stub.c:46,
                 from MRF24G/utility/wf_timer_stub.c:46:
../../../include/xil_io.h:99:0: note: this is the location of the previous definition
 #define INLINE inline
 
In file included from MRF24G/utility/fpga/../../../DEIPcK/utility/fpga/../../../MRF24G/utility/ud_inc/internal/wf_global_includes.h:44:0,
                 from MRF24G/utility/fpga/../../../DEIPcK/utility/fpga/System.h:64,
                 from MRF24G/utility/fpga/../../../DEIPcK/utility/System.h:54,
                 from MRF24G/utility/fpga/wf_eint_stub.c:47:
MRF24G/utility/fpga/../../../DEIPcK/utility/fpga/../../../MRF24G/utility/ud_inc/internal/../../wf_customize.h:50:0: warning: "INLINE" redefined
 #define INLINE
 
In file included from ././xgpio_l.h:87:0,
                 from ././xgpio.h:125,
                 from MRF24G/utility/fpga/wf_eint_stub.c:46:
../../../include/xil_io.h:99:0: note: this is the location of the previous definition
 #define INLINE inline
 
In file included from MRF24G/utility/fpga/../../../DEIPcK/utility/fpga/../../../MRF24G/utility/ud_inc/internal/wf_global_includes.h:44:0,
                 from MRF24G/utility/fpga/../../../DEIPcK/utility/fpga/System.h:64,
                 from MRF24G/utility/fpga/../../../DEIPcK/utility/System.h:54,
                 from MRF24G/utility/fpga/../../../DEIPcK/utility/deIP.h:59,
                 from MRF24G/utility/fpga/../../MRF24GAdaptor.h:61,
                 from MRF24G/utility/fpga/wf_event_stub.c:33:
MRF24G/utility/fpga/../../../DEIPcK/utility/fpga/../../../MRF24G/utility/ud_inc/internal/../../wf_customize.h:50:0: warning: "INLINE" redefined
 #define INLINE
 
In file included from MRF24G/utility/fpga/../../../DEIPcK/utility/fpga/System.h:62:0,
                 from MRF24G/utility/fpga/../../../DEIPcK/utility/System.h:54,
                 from MRF24G/utility/fpga/../../../DEIPcK/utility/deIP.h:59,
                 from MRF24G/utility/fpga/../../MRF24GAdaptor.h:61,
                 from MRF24G/utility/fpga/wf_event_stub.c:33:
../../../include/xil_io.h:99:0: note: this is the location of the previous definition
 #define INLINE inline
 
In file included from MRF24G/utility/fpga/../../../DEIPcK/utility/fpga/../../../MRF24G/utility/ud_inc/internal/wf_global_includes.h:44:0,
                 from MRF24G/utility/fpga/../../../DEIPcK/utility/fpga/System.h:64,
                 from MRF24G/utility/fpga/../../../DEIPcK/utility/System.h:54,
                 from MRF24G/utility/fpga/wf_gpio_stub.c:45:
MRF24G/utility/fpga/../../../DEIPcK/utility/fpga/../../../MRF24G/utility/ud_inc/internal/../../wf_customize.h:50:0: warning: "INLINE" redefined
 #define INLINE
 
In file included from MRF24G/utility/fpga/../../../DEIPcK/utility/fpga/System.h:62:0,
                 from MRF24G/utility/fpga/../../../DEIPcK/utility/System.h:54,
                 from MRF24G/utility/fpga/wf_gpio_stub.c:45:
../../../include/xil_io.h:99:0: note: this is the location of the previous definition
 #define INLINE inline
 
In file included from MRF24G/utility/fpga/../../../DEIPcK/utility/fpga/../../../MRF24G/utility/ud_inc/internal/wf_global_includes.h:44:0,
                 from MRF24G/utility/fpga/../../../DEIPcK/utility/fpga/System.h:64,
                 from MRF24G/utility/fpga/../../../DEIPcK/utility/System.h:54,
                 from MRF24G/utility/fpga/wf_spi_stub.c:47:
MRF24G/utility/fpga/../../../DEIPcK/utility/fpga/../../../MRF24G/utility/ud_inc/internal/../../wf_customize.h:50:0: warning: "INLINE" redefined
 #define INLINE
 
In file included from MRF24G/utility/fpga/../../../DEIPcK/utility/fpga/System.h:62:0,
                 from MRF24G/utility/fpga/../../../DEIPcK/utility/System.h:54,
                 from MRF24G/utility/fpga/wf_spi_stub.c:47:
../../../include/xil_io.h:99:0: note: this is the location of the previous definition
 #define INLINE inline
 
In file included from MRF24G/utility/fpga/../../../DEIPcK/utility/fpga/../../../MRF24G/utility/ud_inc/internal/wf_global_includes.h:44:0,
                 from MRF24G/utility/fpga/../../../DEIPcK/utility/fpga/System.h:64,
                 from MRF24G/utility/fpga/../../../DEIPcK/utility/System.h:54,
                 from MRF24G/utility/fpga/wf_timer_stub.c:46:
MRF24G/utility/fpga/../../../DEIPcK/utility/fpga/../../../MRF24G/utility/ud_inc/internal/../../wf_customize.h:50:0: warning: "INLINE" redefined
 #define INLINE
 
In file included from MRF24G/utility/fpga/../../../DEIPcK/utility/fpga/System.h:62:0,
                 from MRF24G/utility/fpga/../../../DEIPcK/utility/System.h:54,
                 from MRF24G/utility/fpga/wf_timer_stub.c:46:
../../../include/xil_io.h:99:0: note: this is the location of the previous definition
 #define INLINE inline
 
In file included from ../../../include/MRF24G/../DEIPcK/utility/fpga/../../../MRF24G/utility/ud_inc/internal/wf_global_includes.h:44:0,
                 from ../../../include/MRF24G/../DEIPcK/utility/fpga/System.h:64,
                 from ../../../include/MRF24G/../DEIPcK/utility/System.h:54,
                 from MRF24G/utility/fpga/DEMRF24G.cpp:54:
../../../include/MRF24G/../DEIPcK/utility/fpga/../../../MRF24G/utility/ud_inc/internal/../../wf_customize.h:50:0: warning: "INLINE" redefined
 #define INLINE
 
In file included from ../../../include/MRF24G/../DEIPcK/utility/fpga/System.h:62:0,
                 from ../../../include/MRF24G/../DEIPcK/utility/System.h:54,
                 from MRF24G/utility/fpga/DEMRF24G.cpp:54:
../../../include/xil_io.h:99:0: note: this is the location of the previous definition
 #define INLINE inline
 
"Running Make libs in microblaze_0/libsrc/standalone_v6_3/src"
make -C microblaze_0/libsrc/standalone_v6_3/src -s libs  "SHELL=CMD" "COMPILER=mb-gcc" "ARCHIVER=mb-ar" "COMPILER_FLAGS= -O2 -c -mcpu=v10.0 -mlittle-endian -mxl-soft-mul" "EXTRA_COMPILER_FLAGS=-ffunction-sections -fdata-sections -Wall -Wextra"
"Compiling standalone";
"Running Make libs in microblaze_0/libsrc/uartlite_v3_2/src"
make -C microblaze_0/libsrc/uartlite_v3_2/src -s libs  "SHELL=CMD" "COMPILER=mb-gcc" "ARCHIVER=mb-ar" "COMPILER_FLAGS= -O2 -c -mcpu=v10.0 -mlittle-endian -mxl-soft-mul" "EXTRA_COMPILER_FLAGS=-ffunction-sections -fdata-sections -Wall -Wextra"
"Compiling uartlite"
'Finished building libraries'
15:50:52 **** Auto Build of configuration Debug for project wifiApp ****
make all 
'Building file: ../src/main.cc'
'Invoking: MicroBlaze g++ compiler'
mb-g++ -Wall -O0 -g3 -c -fmessage-length=0 -MT"src/main.o" -I../../wifiApp_bsp/microblaze_0/include -mlittle-endian -mcpu=v10.0 -mxl-soft-mul -Wl,--no-relax -ffunction-sections -fdata-sections -MMD -MP -MF"src/main.d" -MT"src/main.o" -o "src/main.o" "../src/main.cc"
In file included from ../../wifiApp_bsp/microblaze_0/include/DEIPcK/utility/fpga/../../../MRF24G/utility/ud_inc/internal/wf_global_includes.h:44:0,
                 from ../../wifiApp_bsp/microblaze_0/include/DEIPcK/utility/fpga/System.h:64,
                 from ../../wifiApp_bsp/microblaze_0/include/DEIPcK/utility/System.h:54,
                 from ../../wifiApp_bsp/microblaze_0/include/DEIPcK/utility/deIP.h:59,
                 from ../../wifiApp_bsp/microblaze_0/include/DEIPcK/DEIPcK.h:64,
                 from ../../wifiApp_bsp/microblaze_0/include/PmodWIFI.h:2,
                 from ../src/main.cc:52:
../../wifiApp_bsp/microblaze_0/include/DEIPcK/utility/fpga/../../../MRF24G/utility/ud_inc/internal/../../wf_customize.h:50:0: warning: "INLINE" redefined
 #define INLINE
 
In file included from ../../wifiApp_bsp/microblaze_0/include/DEIPcK/utility/fpga/System.h:62:0,
                 from ../../wifiApp_bsp/microblaze_0/include/DEIPcK/utility/System.h:54,
                 from ../../wifiApp_bsp/microblaze_0/include/DEIPcK/utility/deIP.h:59,
                 from ../../wifiApp_bsp/microblaze_0/include/DEIPcK/DEIPcK.h:64,
                 from ../../wifiApp_bsp/microblaze_0/include/PmodWIFI.h:2,
                 from ../src/main.cc:52:
../../wifiApp_bsp/microblaze_0/include/xil_io.h:99:0: note: this is the location of the previous definition
 #define INLINE inline
 
'Finished building: ../src/main.cc'
' '
'Building target: wifiApp.elf'
'Invoking: MicroBlaze g++ linker'
mb-g++ -Wl,-T -Wl,../src/lscript.ld -L../../wifiApp_bsp/microblaze_0/lib -mlittle-endian -mcpu=v10.0 -mxl-soft-mul -Wl,--no-relax -Wl,--gc-sections -o "wifiApp.elf"  ./src/main.o   -Wl,--start-group,-lxil,-lgcc,-lc,-lstdc++,--end-group
'Finished building target: wifiApp.elf'
' '
'Invoking: MicroBlaze Print Size'
mb-size wifiApp.elf  |tee "wifiApp.elf.size"
   text	   data	    bss	    dec	    hex	filename
 312140	   1864	  20332	 334336	  51a00	wifiApp.elf
'Finished building: wifiApp.elf.size'
' '
15:53:11 **** Incremental Build of configuration Debug for project wifiApp ****
make all 
make: Nothing to be done for `all'.
16:12:31 **** Incremental Build of configuration Debug for project wifiApp ****
make all 
make: Nothing to be done for `all'.
